 num     #instances         #bytes  class name (module)
-------------------------------------------------------
   1:        116284       75204368  [B (java.base@11.0.20.1)
   2:          6005        5701824  [I (java.base@11.0.20.1)
   3:         49156        2359488  java.nio.HeapByteBuffer (java.base@11.0.20.1)
   4:         92968        2231232  java.lang.String (java.base@11.0.20.1)
   5:         23012        1912184  [Ljava.lang.Object; (java.base@11.0.20.1)
   6:         10634        1285200  java.lang.Class (java.base@11.0.20.1)
   7:         32242        1031744  java.util.concurrent.ConcurrentHashMap$Node (java.base@11.0.20.1)
   8:         11299         994312  java.lang.reflect.Method (java.base@11.0.20.1)
   9:         24577         786464  com.google.cloud.hadoop.repackaged.gcs.com.google.cloud.storage.ByteRangeSpec$LeftClosedRightOpenByteRangeSpec
  10:         23049         737568  java.util.HashMap$Node (java.base@11.0.20.1)
  11:         24586         598344  [Ljava.nio.ByteBuffer; (java.base@11.0.20.1)
  12:          7292         441256  [Ljava.util.HashMap$Node; (java.base@11.0.20.1)
  13:         26780         428480  java.lang.Integer (java.base@11.0.20.1)
  14:         10309         412360  java.util.LinkedHashMap$Entry (java.base@11.0.20.1)
  15:          5708         319648  java.util.LinkedHashMap (java.base@11.0.20.1)
  16:           217         285776  [Ljava.util.concurrent.ConcurrentHashMap$Node; (java.base@11.0.20.1)
  17:         12987         283784  [Ljava.lang.Class; (java.base@11.0.20.1)
  18:           400         268800  com.google.cloud.hadoop.repackaged.gcs.io.grpc.netty.shaded.io.netty.util.internal.shaded.org.jctools.queues.MpscArrayQueue
  19:           452         248968  [C (java.base@11.0.20.1)
  20:          3236         232992  com.google.cloud.hadoop.repackaged.gcs.com.google.protobuf.DescriptorProtos$FieldDescriptorProto
  21:         14467         231472  java.lang.Object (java.base@11.0.20.1)
  22:          8973         215352  java.util.ArrayList (java.base@11.0.20.1)
  23:          3235         207040  com.google.cloud.hadoop.repackaged.gcs.com.google.protobuf.Descriptors$FieldDescriptor
  24:          7310         175440  com.google.cloud.hadoop.repackaged.gcs.com.google.protobuf.ByteString$LiteralByteString
  25:          5344         171008  java.util.Hashtable$Entry (java.base@11.0.20.1)
  26:          8192         131072  com.google.cloud.hadoop.repackaged.gcs.io.opencensus.impl.internal.DisruptorEventQueue$DisruptorEvent
  27:          4051         129632  com.google.cloud.hadoop.repackaged.gcs.io.grpc.netty.shaded.io.netty.util.AsciiString
  28:          5186         124464  java.util.jar.Attributes$Name (java.base@11.0.20.1)
  29:           785         124384  [J (java.base@11.0.20.1)
  30:          3868         123776  java.lang.invoke.LambdaForm$Name (java.base@11.0.20.1)
  31:          2966         118640  com.google.cloud.hadoop.repackaged.gcs.io.grpc.netty.shaded.io.netty.handler.codec.http2.HpackEncoder$NameValueEntry
  32:          4605         110520  java.util.Collections$UnmodifiableRandomAccessList (java.base@11.0.20.1)
  33:          1411         101592  com.google.cloud.hadoop.repackaged.gcs.io.grpc.netty.shaded.io.netty.buffer.PoolSubpage
  34:          2036          97728  java.util.HashMap (java.base@11.0.20.1)
  35:          2904          92928  sun.security.util.ObjectIdentifier (java.base@11.0.20.1)
  36:           173          91080  [Lcom.google.cloud.hadoop.repackaged.gcs.io.grpc.netty.shaded.io.netty.handler.codec.http2.HpackHeaderField;
  37:          1764          84672  java.lang.invoke.MemberName (java.base@11.0.20.1)
  38:          2603          83296  sun.security.util.DerInputBuffer (java.base@11.0.20.1)
  39:          2603          83296  sun.security.util.DerValue (java.base@11.0.20.1)
  40:          5065          81040  java.util.jar.Attributes (java.base@11.0.20.1)
  41:          2007          80280  java.util.IdentityHashMap (java.base@11.0.20.1)
  42:          1922          76880  java.lang.ref.SoftReference (java.base@11.0.20.1)
  43:          1853          74120  com.google.cloud.hadoop.repackaged.gcs.io.grpc.netty.shaded.io.netty.buffer.UnpooledSlicedByteBuf
  44:          1876          74016  [Ljava.lang.String; (java.base@11.0.20.1)
  45:          1476          70848  sun.util.locale.LocaleObjectCache$CacheEntry (java.base@11.0.20.1)
  46:           853          68240  java.lang.reflect.Constructor (java.base@11.0.20.1)
  47:          2603          62472  sun.security.util.DerInputStream (java.base@11.0.20.1)
  48:          2600          62400  [Lsun.security.x509.AVA; (java.base@11.0.20.1)
  49:          2600          62400  sun.security.x509.AVA (java.base@11.0.20.1)
  50:          2600          62400  sun.security.x509.RDN (java.base@11.0.20.1)
  51:          1270          60960  com.google.cloud.hadoop.repackaged.gcs.com.google.protobuf.SmallSortedMap$1
  52:          1812          60720  [Lcom.google.cloud.hadoop.repackaged.gcs.com.google.protobuf.Descriptors$FieldDescriptor;
  53:           842          60624  com.google.cloud.hadoop.repackaged.gcs.com.google.protobuf.DescriptorProtos$DescriptorProto
  54:           841          60552  com.google.cloud.hadoop.repackaged.gcs.com.google.protobuf.Descriptors$Descriptor
  55:           930          59520  java.nio.DirectByteBuffer (java.base@11.0.20.1)
  56:           826          59472  com.google.cloud.hadoop.repackaged.gcs.com.google.protobuf.DescriptorProtos$FieldOptions
  57:           882          56448  java.net.URL (java.base@11.0.20.1)
  58:          1749          55968  java.net.InetAddress$InetAddressHolder (java.base@11.0.20.1)
  59:           860          55040  java.lang.Class$ReflectionData (java.base@11.0.20.1)
  60:           613          53944  com.google.cloud.hadoop.repackaged.gcs.io.grpc.netty.shaded.io.netty.buffer.PooledUnsafeDirectByteBuf
  61:           584          51392  com.google.cloud.hadoop.repackaged.gcs.io.grpc.netty.shaded.io.netty.handler.codec.http2.WeightedFairQueueByteDistributor$State
  62:          2074          49776  com.google.cloud.hadoop.repackaged.gcs.io.grpc.EquivalentAddressGroup
  63:          1514          48448  java.util.concurrent.locks.ReentrantLock$NonfairSync (java.base@11.0.20.1)
  64:           373          47744  sun.nio.fs.UnixFileAttributes (java.base@11.0.20.1)
  65:           172          46784  [Lcom.google.cloud.hadoop.repackaged.gcs.io.grpc.netty.shaded.io.netty.handler.codec.http2.HpackEncoder$NameEntry;
  66:           172          46784  [Lcom.google.cloud.hadoop.repackaged.gcs.io.grpc.netty.shaded.io.netty.handler.codec.http2.HpackEncoder$NameValueEntry;
  67:          1165          46600  java.lang.invoke.MethodType (java.base@11.0.20.1)
  68:           375          45872  [Ljava.lang.reflect.Method; (java.base@11.0.20.1)
  69:          1866          44784  java.lang.Long (java.base@11.0.20.1)
  70:           124          42112  [Ljava.util.Hashtable$Entry; (java.base@11.0.20.1)
  71:           729          40824  com.google.cloud.hadoop.repackaged.gcs.io.grpc.xds.shaded.io.envoyproxy.envoy.config.endpoint.v3.LbEndpoint
  72:          1685          40440  java.net.Inet4Address (java.base@11.0.20.1)
  73:           557          40104  java.lang.reflect.Field (java.base@11.0.20.1)
  74:          1645          39480  java.net.InetSocketAddress$InetSocketAddressHolder (java.base@11.0.20.1)
  75:          1625          39000  java.util.LinkedList$Node (java.base@11.0.20.1)
  76:           375          39000  java.util.jar.JarFile$JarFileEntry (java.base@11.0.20.1)
  77:          1567          37608  java.util.ArrayDeque (java.base@11.0.20.1)
  78:          1167          37344  java.lang.invoke.MethodType$ConcurrentWeakInternSet$WeakEntry (java.base@11.0.20.1)
  79:           775          37200  jdk.internal.ref.CleanerImpl$PhantomCleanableRef (java.base@11.0.20.1)
  80:          1514          36336  com.google.cloud.hadoop.repackaged.gcs.io.grpc.xds.AddressFilter$PathChain
  81:           729          34992  com.google.cloud.hadoop.repackaged.gcs.io.grpc.xds.shaded.io.envoyproxy.envoy.config.core.v3.SocketAddress
  82:           729          34992  com.google.cloud.hadoop.repackaged.gcs.io.grpc.xds.shaded.io.envoyproxy.envoy.config.endpoint.v3.Endpoint
  83:           422          34560  [Ljava.util.WeakHashMap$Entry; (java.base@11.0.20.1)
  84:          1434          34416  com.google.cloud.hadoop.repackaged.gcs.io.grpc.netty.shaded.io.grpc.netty.NettyReadableBuffer
  85:           450          34176  [Ljava.lang.invoke.LambdaForm$Name; (java.base@11.0.20.1)
  86:          1369          32856  com.google.cloud.hadoop.repackaged.gcs.com.google.protobuf.SmallSortedMap$Entry
  87:           682          32736  sun.security.x509.X500Name (java.base@11.0.20.1)
  88:          1347          32328  java.lang.invoke.ResolvedMethodName (java.base@11.0.20.1)
  89:           462          31416  [Ljava.lang.ref.SoftReference; (java.base@11.0.20.1)
  90:          1270          30480  com.google.cloud.hadoop.repackaged.gcs.com.google.protobuf.FieldSet
  91:          1260          30240  com.google.cloud.hadoop.repackaged.gcs.com.google.protobuf.Descriptors$DescriptorPool$PackageDescriptor
  92:           627          30096  com.google.cloud.hadoop.repackaged.gcs.io.grpc.xds.shaded.io.envoyproxy.pgv.validate.Validate$FieldRules
  93:           729          29160  com.google.cloud.hadoop.repackaged.gcs.io.grpc.xds.shaded.io.envoyproxy.envoy.config.core.v3.Address
  94:          1203          28872  java.security.Provider$ServiceKey (java.base@11.0.20.1)
  95:           875          28000  java.util.LinkedList (java.base@11.0.20.1)
  96:           841          27824  [Lcom.google.cloud.hadoop.repackaged.gcs.com.google.protobuf.GeneratedMessageV3$FieldAccessorTable$FieldAccessor;
  97:           172          27520  com.google.cloud.hadoop.repackaged.gcs.io.grpc.netty.shaded.io.grpc.netty.NettyClientHandler
  98:           228          27360  com.google.cloud.hadoop.repackaged.gcs.io.grpc.xds.shaded.io.envoyproxy.pgv.validate.Validate$StringRules
  99:           841          26912  com.google.cloud.hadoop.repackaged.gcs.com.google.protobuf.GeneratedMessageV3$FieldAccessorTable
 100:           373          26856  java.util.zip.ZipFile$Source (java.base@11.0.20.1)
 101:           660          26400  java.security.cert.TrustAnchor (java.base@11.0.20.1)
 102:          1645          26320  java.net.InetSocketAddress (java.base@11.0.20.1)
 103:           459          25704  java.security.Provider$Service (java.base@11.0.20.1)
 104:          1601          25616  com.google.cloud.hadoop.repackaged.gcs.io.grpc.netty.shaded.io.netty.handler.codec.http2.Http2Flags
 105:           397          25408  java.util.zip.Inflater (java.base@11.0.20.1)
 106:            49          24336  [Lcom.google.cloud.hadoop.repackaged.gcs.io.grpc.netty.shaded.io.netty.buffer.PoolSubpage;
 107:           374          23936  java.util.jar.JarFile (java.base@11.0.20.1)
 108:          1494          23904  java.util.concurrent.locks.ReentrantLock (java.base@11.0.20.1)
 109:           738          23616  java.util.Locale (java.base@11.0.20.1)
 110:           737          23584  sun.util.locale.BaseLocale (java.base@11.0.20.1)
 111:           737          23584  sun.util.locale.BaseLocale$Key (java.base@11.0.20.1)
 112:          1472          23552  com.google.cloud.hadoop.repackaged.gcs.io.grpc.Attributes
 113:            40          23360  com.google.cloud.hadoop.repackaged.gcs.io.grpc.netty.shaded.io.netty.util.internal.shaded.org.jctools.queues.MpscChunkedArrayQueue
 114:           365          23360  java.util.concurrent.ConcurrentHashMap (java.base@11.0.20.1)
 115:           351          23176  [Lcom.google.cloud.hadoop.repackaged.gcs.io.grpc.netty.shaded.io.netty.util.internal.PriorityQueueNode;
 116:           682          23176  [Lsun.security.x509.RDN; (java.base@11.0.20.1)
 117:           574          22960  java.lang.ref.Finalizer (java.base@11.0.20.1)
 118:           705          22560  java.util.concurrent.atomic.LongAdder (java.base@11.0.20.1)
 119:           464          22272  com.google.cloud.hadoop.repackaged.gcs.com.google.protobuf.DescriptorProtos$EnumValueDescriptorProto
 120:           172          22016  com.google.cloud.hadoop.repackaged.gcs.io.grpc.netty.shaded.io.grpc.netty.NettyClientTransport
 121:           171          21888  com.google.cloud.hadoop.repackaged.gcs.io.grpc.netty.shaded.io.netty.channel.epoll.EpollSocketChannel
 122:           902          21648  java.util.Collections$SetFromMap (java.base@11.0.20.1)
 123:           901          21624  com.google.cloud.hadoop.repackaged.gcs.io.grpc.netty.shaded.io.netty.util.Recycler$DefaultHandle
 124:           445          21360  java.lang.invoke.LambdaForm (java.base@11.0.20.1)
 125:           658          21056  java.lang.invoke.LambdaForm$NamedFunction (java.base@11.0.20.1)
 126:           375          21000  java.io.FileCleanable (java.base@11.0.20.1)
 127:           652          20864  com.google.cloud.hadoop.repackaged.gcs.io.grpc.netty.shaded.io.netty.handler.codec.http2.HpackEncoder$NameEntry
 128:           431          20688  com.google.cloud.hadoop.repackaged.gcs.io.grpc.netty.shaded.io.netty.util.collection.IntObjectHashMap
 129:           860          20640  com.google.cloud.hadoop.repackaged.gcs.io.grpc.netty.shaded.io.netty.handler.codec.http2.DefaultHttp2Connection$DefaultPropertyKey
 130:           416          19968  java.util.WeakHashMap (java.base@11.0.20.1)
 131:           173          19376  com.google.cloud.hadoop.repackaged.gcs.io.grpc.internal.InternalSubchannel
 132:           807          19368  org.bouncycastle.asn1.ASN1ObjectIdentifier
 133:           344          19264  com.google.cloud.hadoop.repackaged.gcs.io.grpc.netty.shaded.io.netty.handler.codec.http2.DefaultHttp2Connection$DefaultEndpoint
 134:           602          19264  java.lang.invoke.DirectMethodHandle (java.base@11.0.20.1)
 135:           343          19208  com.google.cloud.hadoop.repackaged.gcs.io.grpc.netty.shaded.io.netty.channel.DefaultChannelHandlerContext
 136:           298          19072  com.google.cloud.hadoop.repackaged.gcs.io.grpc.netty.shaded.io.netty.util.concurrent.ScheduledFutureTask
 137:           476          19040  java.math.BigInteger (java.base@11.0.20.1)
 138:           338          18928  sun.security.ssl.CipherSuite (java.base@11.0.20.1)
 139:           768          18432  java.util.Date (java.base@11.0.20.1)
 140:           762          18288  com.google.cloud.hadoop.repackaged.gcs.io.grpc.netty.shaded.io.netty.util.internal.DefaultPriorityQueue
 141:           373          17904  jdk.internal.loader.URLClassPath$JarLoader (java.base@11.0.20.1)
 142:           727          17448  com.google.cloud.hadoop.repackaged.gcs.io.grpc.xds.AutoValue_Endpoints_LbEndpoint
 143:            87          16568  [Z (java.base@11.0.20.1)
 144:           172          16512  com.google.cloud.hadoop.repackaged.gcs.io.grpc.internal.TransportTracer
 145:           335          16080  org.conscrypt.OpenSSLX509Certificate
 146:           640          15360  com.google.cloud.hadoop.repackaged.gcs.io.opencensus.implcore.trace.RecordEventsSpanImpl$EventWithNanoTime
 147:           380          15200  java.io.FileDescriptor (java.base@11.0.20.1)
 148:           841          15016  [Lcom.google.cloud.hadoop.repackaged.gcs.com.google.protobuf.GeneratedMessageV3$FieldAccessorTable$OneofAccessor;
 149:           267          14952  java.lang.invoke.MethodTypeForm (java.base@11.0.20.1)
 150:           266          14896  java.lang.invoke.LambdaFormEditor$Transform (java.base@11.0.20.1)
 151:           463          14816  com.google.cloud.hadoop.repackaged.gcs.com.google.protobuf.Descriptors$EnumValueDescriptor
 152:           370          14800  com.google.cloud.hadoop.repackaged.gcs.com.google.common.base.Stopwatch
 153:           916          14656  java.util.LinkedHashMap$LinkedEntrySet (java.base@11.0.20.1)
 154:           455          14560  java.lang.ref.ReferenceQueue (java.base@11.0.20.1)
 155:           148          14208  com.google.cloud.hadoop.repackaged.gcs.com.google.protobuf.DescriptorProtos$FileOptions
 156:           583          13992  com.google.cloud.hadoop.repackaged.gcs.com.google.common.collect.EvictingQueue
 157:           566          13784  [Ljava.lang.reflect.Constructor; (java.base@11.0.20.1)
 158:           287          13776  com.google.cloud.hadoop.repackaged.gcs.com.google.protobuf.DescriptorProtos$MessageOptions
 159:           343          13720  com.google.cloud.hadoop.repackaged.gcs.io.grpc.alts.internal.RpcProtocolVersions$Version
 160:           333          13320  java.lang.invoke.DirectMethodHandle$Accessor (java.base@11.0.20.1)
 161:           148          13024  com.google.cloud.hadoop.repackaged.gcs.com.google.protobuf.DescriptorProtos$FileDescriptorProto
 162:           325          13000  java.util.TreeMap$Entry (java.base@11.0.20.1)
 163:           812          12992  java.util.concurrent.atomic.AtomicBoolean (java.base@11.0.20.1)
 164:           404          12928  java.util.Collections$UnmodifiableMap (java.base@11.0.20.1)
 165:           395          12640  java.lang.Package (java.base@11.0.20.1)
 166:           316          12640  java.util.WeakHashMap$Entry (java.base@11.0.20.1)
 167:           390          12480  com.google.cloud.hadoop.repackaged.gcs.io.grpc.netty.shaded.io.netty.buffer.PoolThreadCache$SubPageMemoryRegionCache
 168:           389          12448  java.io.File (java.base@11.0.20.1)
 169:           517          12408  jdk.internal.reflect.NativeConstructorAccessorImpl (java.base@11.0.20.1)
 170:           172          12384  com.google.cloud.hadoop.repackaged.gcs.io.grpc.netty.shaded.io.netty.channel.AdaptiveRecvByteBufAllocator$HandleImpl
 171:           308          12320  com.google.cloud.hadoop.repackaged.gcs.io.opencensus.trace.AutoValue_MessageEvent
 172:           171          12312  com.google.cloud.hadoop.repackaged.gcs.io.grpc.netty.shaded.io.netty.channel.epoll.EpollSocketChannelConfig
 173:           383          12256  sun.nio.fs.UnixPath (java.base@11.0.20.1)
 174:           170          12240  com.google.cloud.hadoop.repackaged.gcs.io.grpc.xds.orca.OrcaOobUtil$OrcaReportingHelper$OrcaReportingState
 175:           170          12240  org.conscrypt.OpenSSLAeadCipherAES$GCM
 176:           152          12160  [Lcom.google.cloud.hadoop.repackaged.gcs.io.grpc.netty.shaded.io.netty.buffer.CompositeByteBuf$Component;
 177:           304          12160  com.google.cloud.hadoop.repackaged.gcs.io.grpc.netty.shaded.io.netty.buffer.CompositeByteBuf$Component
 178:           374          11968  java.util.zip.ZipFile$CleanableResource (java.base@11.0.20.1)
 179:           373          11936  java.io.RandomAccessFile (java.base@11.0.20.1)
 180:           367          11744  java.lang.ref.WeakReference (java.base@11.0.20.1)
 181:           289          11560  com.google.cloud.hadoop.repackaged.gcs.io.grpc.netty.shaded.io.netty.buffer.PoolThreadCache$MemoryRegionCache$Entry
 182:           480          11520  com.google.cloud.hadoop.repackaged.gcs.io.grpc.netty.shaded.io.netty.buffer.LongPriorityQueue
 183:           478          11464  [Ljava.security.cert.Certificate; (java.base@11.0.20.1)
 184:           358          11456  com.google.cloud.hadoop.repackaged.gcs.io.grpc.InternalLogId
 185:           703          11248  com.google.cloud.hadoop.repackaged.gcs.io.grpc.internal.ReflectionLongAdderCounter
 186:           172          11008  com.google.cloud.hadoop.repackaged.gcs.io.grpc.netty.shaded.io.grpc.netty.AbstractNettyHandler$FlowControlPinger
 187:           172          11008  com.google.cloud.hadoop.repackaged.gcs.io.grpc.netty.shaded.io.netty.channel.ChannelOutboundBuffer
 188:           172          11008  com.google.cloud.hadoop.repackaged.gcs.io.grpc.netty.shaded.io.netty.channel.DefaultChannelPipeline$HeadContext
 189:           172          11008  com.google.cloud.hadoop.repackaged.gcs.io.grpc.netty.shaded.io.netty.handler.codec.http2.HpackEncoder
 190:           171          10944  com.google.cloud.hadoop.repackaged.gcs.io.grpc.alts.internal.AltsContext
 191:           171          10944  com.google.cloud.hadoop.repackaged.gcs.io.grpc.internal.KeepAliveManager
 192:           341          10912  jdk.internal.math.FDBigInteger (java.base@11.0.20.1)
 193:           170          10880  javax.crypto.Cipher (java.base@11.0.20.1)
 194:           223          10704  java.util.logging.LogManager$LoggerWeakRef (java.logging@11.0.20.1)
 195:           664          10624  javax.security.auth.x500.X500Principal (java.base@11.0.20.1)
 196:           409           9816  java.security.Provider$UString (java.base@11.0.20.1)
 197:           152           9728  com.google.cloud.hadoop.repackaged.gcs.io.grpc.netty.shaded.io.netty.buffer.CompositeByteBuf
 198:           172           9632  com.google.cloud.hadoop.repackaged.gcs.io.grpc.netty.shaded.io.netty.channel.DefaultChannelPipeline$TailContext
 199:           172           9632  com.google.cloud.hadoop.repackaged.gcs.io.grpc.netty.shaded.io.netty.handler.codec.http2.DefaultHttp2ConnectionDecoder
 200:           171           9576  com.google.cloud.hadoop.repackaged.gcs.io.grpc.netty.shaded.io.netty.channel.epoll.EpollSocketChannel$EpollSocketChannelUnsafe
 201:           199           9552  java.util.TreeMap (java.base@11.0.20.1)
 202:           397           9528  java.util.zip.Inflater$InflaterZStreamRef (java.base@11.0.20.1)
 203:           170           9520  com.google.cloud.hadoop.repackaged.gcs.io.grpc.alts.internal.AltsTsiFrameProtector$Unprotector
 204:           170           9520  com.google.cloud.hadoop.repackaged.gcs.io.grpc.alts.internal.TsiFrameHandler
 205:           192           9216  com.google.cloud.hadoop.repackaged.gcs.io.grpc.netty.shaded.io.netty.buffer.PoolChunkList
 206:           189           9072  com.google.cloud.hadoop.repackaged.gcs.io.grpc.netty.shaded.io.netty.buffer.AbstractPooledDerivedByteBuf$PooledNonRetainedSlicedByteBuf
 207:           225           9000  com.google.cloud.hadoop.repackaged.gcs.com.google.protobuf.DescriptorProtos$OneofDescriptorProto
 208:           225           9000  com.google.cloud.hadoop.repackaged.gcs.io.opencensus.implcore.trace.export.InProcessSampledSpanStoreImpl$Bucket
 209:           224           8960  com.google.cloud.hadoop.repackaged.gcs.com.google.protobuf.Descriptors$OneofDescriptor
 210:           373           8952  java.util.zip.ZipFile$Source$Key (java.base@11.0.20.1)
 211:           372           8928  java.util.Arrays$ArrayList (java.base@11.0.20.1)
 212:           294           8896  [Lcom.google.cloud.hadoop.repackaged.gcs.com.google.protobuf.Descriptors$Descriptor;
 213:           363           8712  java.lang.module.ModuleDescriptor$Exports (java.base@11.0.20.1)
 214:           181           8688  com.google.cloud.hadoop.repackaged.gcs.com.google.protobuf.GeneratedMessageV3$FieldAccessorTable$SingularFieldAccessor$ReflectionInvoker
 215:           536           8576  jdk.internal.reflect.DelegatingConstructorAccessorImpl (java.base@11.0.20.1)
 216:           535           8560  java.util.IdentityHashMap$EntrySet (java.base@11.0.20.1)
 217:            82           8528  com.google.cloud.hadoop.repackaged.gcs.io.opencensus.implcore.trace.RecordEventsSpanImpl
 218:           105           8400  java.net.URI (java.base@11.0.20.1)
 219:           173           8304  com.google.cloud.hadoop.repackaged.gcs.io.grpc.internal.ManagedChannelImpl$SubchannelImpl
 220:           172           8256  com.google.cloud.hadoop.repackaged.gcs.io.grpc.internal.CallCredentialsApplyingTransportFactory$CallCredentialsApplyingTransport
 221:           172           8256  com.google.cloud.hadoop.repackaged.gcs.io.grpc.netty.shaded.io.netty.buffer.UnpooledByteBufAllocator$InstrumentedUnpooledUnsafeHeapByteBuf
 222:           172           8256  com.google.cloud.hadoop.repackaged.gcs.io.grpc.netty.shaded.io.netty.channel.AbstractChannel$CloseFuture
 223:           172           8256  com.google.cloud.hadoop.repackaged.gcs.io.grpc.netty.shaded.io.netty.channel.DefaultChannelPipeline
 224:           344           8256  com.google.cloud.hadoop.repackaged.gcs.io.grpc.netty.shaded.io.netty.channel.VoidChannelPromise
 225:           172           8256  com.google.cloud.hadoop.repackaged.gcs.io.grpc.netty.shaded.io.netty.handler.codec.http2.DefaultHttp2Connection
 226:           172           8256  com.google.cloud.hadoop.repackaged.gcs.io.grpc.netty.shaded.io.netty.handler.codec.http2.DefaultHttp2LocalFlowController$AutoRefillState
 227:           172           8256  com.google.cloud.hadoop.repackaged.gcs.io.grpc.netty.shaded.io.netty.handler.codec.http2.HpackDecoder
 228:           172           8256  com.google.cloud.hadoop.repackaged.gcs.io.grpc.netty.shaded.io.netty.handler.codec.http2.Http2Settings
 229:           170           8160  com.google.cloud.hadoop.repackaged.gcs.io.grpc.netty.shaded.io.netty.channel.PendingWriteQueue
 230:           170           8160  com.google.cloud.hadoop.repackaged.gcs.io.grpc.xds.WeightedRoundRobinLoadBalancer$WrrSubchannel
 231:           508           8128  java.util.IdentityHashMap$KeySet (java.base@11.0.20.1)
 232:           144           8064  java.lang.Module (java.base@11.0.20.1)
 233:           333           7992  com.google.cloud.hadoop.repackaged.gcs.io.grpc.netty.shaded.io.netty.handler.codec.http2.Http2InboundFrameLogger$1
 234:           332           7968  com.google.cloud.hadoop.repackaged.gcs.io.opencensus.trace.AutoValue_Annotation
 235:           294           7928  [Lcom.google.cloud.hadoop.repackaged.gcs.com.google.protobuf.Descriptors$FileDescriptor;
 236:           228           7904  [Lcom.google.cloud.hadoop.repackaged.gcs.com.google.protobuf.Descriptors$EnumValueDescriptor;
 237:           247           7904  sun.security.util.KnownOIDs (java.base@11.0.20.1)
 238:           196           7840  com.google.cloud.hadoop.repackaged.gcs.com.google.protobuf.Any
 239:           241           7712  com.google.cloud.hadoop.repackaged.gcs.io.grpc.xds.shaded.udpa.annotations.Versioning$VersioningAnnotation
 240:           315           7560  com.google.cloud.hadoop.repackaged.gcs.io.grpc.netty.shaded.io.netty.handler.codec.http2.HpackHeaderField
 241:           236           7552  java.lang.invoke.BoundMethodHandle$Species_L (java.base@11.0.20.1)
 242:           457           7312  java.lang.ref.ReferenceQueue$Lock (java.base@11.0.20.1)
 243:           177           7080  com.google.cloud.hadoop.repackaged.gcs.io.grpc.internal.CallTracer
 244:           177           7080  com.google.cloud.hadoop.repackaged.gcs.io.grpc.internal.ChannelTracer
 245:           147           7056  com.google.cloud.hadoop.repackaged.gcs.com.google.protobuf.Descriptors$FileDescriptor
 246:           175           7000  com.google.cloud.hadoop.repackaged.gcs.io.grpc.netty.shaded.io.netty.handler.codec.http2.DefaultHttp2RemoteFlowController$FlowState
 247:            19           6992  java.lang.Thread (java.base@11.0.20.1)
 248:           290           6960  java.util.ImmutableCollections$Set12 (java.base@11.0.20.1)
 249:           431           6896  com.google.cloud.hadoop.repackaged.gcs.io.grpc.netty.shaded.io.netty.util.collection.IntObjectHashMap$1
 250:           431           6896  com.google.cloud.hadoop.repackaged.gcs.io.grpc.netty.shaded.io.netty.util.collection.IntObjectHashMap$EntrySet
 251:           431           6896  com.google.cloud.hadoop.repackaged.gcs.io.grpc.netty.shaded.io.netty.util.collection.IntObjectHashMap$KeySet
 252:           172           6880  com.google.cloud.hadoop.repackaged.gcs.io.grpc.alts.internal.RpcProtocolVersions
 253:           172           6880  com.google.cloud.hadoop.repackaged.gcs.io.grpc.netty.shaded.io.netty.handler.codec.http2.DefaultHttp2Connection$ConnectionStream
 254:           172           6880  com.google.cloud.hadoop.repackaged.gcs.io.grpc.netty.shaded.io.netty.handler.codec.http2.DefaultHttp2FrameReader
 255:           172           6880  com.google.cloud.hadoop.repackaged.gcs.io.grpc.netty.shaded.io.netty.handler.codec.http2.DefaultHttp2LocalFlowController
 256:           172           6880  com.google.cloud.hadoop.repackaged.gcs.io.grpc.netty.shaded.io.netty.handler.codec.http2.DefaultHttp2RemoteFlowController
 257:           172           6880  com.google.cloud.hadoop.repackaged.gcs.io.grpc.netty.shaded.io.netty.handler.codec.http2.HpackDynamicTable
 258:           172           6880  com.google.cloud.hadoop.repackaged.gcs.io.grpc.netty.shaded.io.netty.handler.codec.http2.StreamBufferingEncoder
 259:           172           6880  com.google.cloud.hadoop.repackaged.gcs.io.grpc.netty.shaded.io.netty.handler.codec.http2.WeightedFairQueueByteDistributor
 260:           207           6624  java.util.logging.LogManager$LogNode (java.logging@11.0.20.1)
 261:            75           6600  jdk.internal.reflect.DelegatingClassLoader (java.base@11.0.20.1)
 262:           407           6512  com.google.cloud.hadoop.repackaged.gcs.io.opencensus.trace.AutoValue_AttributeValue_AttributeValueString
 263:           115           6440  com.google.cloud.hadoop.repackaged.gcs.com.google.protobuf.DescriptorProtos$EnumDescriptorProto
 264:           114           6384  com.google.cloud.hadoop.repackaged.gcs.com.google.protobuf.Descriptors$EnumDescriptor
 265:           261           6264  java.util.concurrent.ConcurrentLinkedQueue$Node (java.base@11.0.20.1)
 266:            22           6160  java.util.concurrent.atomic.Striped64$Cell (java.base@11.0.20.1)
 267:           255           6120  com.google.cloud.hadoop.repackaged.gcs.io.grpc.netty.shaded.io.netty.channel.SucceededChannelFuture
 268:           109           6104  java.util.logging.Logger (java.logging@11.0.20.1)
 269:           380           6080  java.util.WeakHashMap$KeySet (java.base@11.0.20.1)
 270:           251           6024  java.util.concurrent.atomic.AtomicLong (java.base@11.0.20.1)
 271:           373           5968  sun.nio.fs.UnixFileAttributes$UnixAsBasicFileAttributes (java.base@11.0.20.1)
 272:            97           5952  [Ljava.lang.invoke.MethodHandle; (java.base@11.0.20.1)
 273:            82           5920  [S (java.base@11.0.20.1)
 274:           123           5904  java.util.Hashtable (java.base@11.0.20.1)
 275:            10           5760  com.google.cloud.hadoop.repackaged.gcs.io.grpc.netty.shaded.io.netty.util.internal.shaded.org.jctools.queues.MpscUnboundedArrayQueue
 276:           358           5728  com.google.cloud.hadoop.repackaged.gcs.io.opencensus.trace.AutoValue_AttributeValue_AttributeValueLong
 277:           347           5552  java.util.HashSet (java.base@11.0.20.1)
 278:           173           5536  com.google.cloud.hadoop.repackaged.gcs.com.google.protobuf.MapField
 279:           173           5536  com.google.cloud.hadoop.repackaged.gcs.io.grpc.netty.shaded.io.netty.channel.AdaptiveRecvByteBufAllocator
 280:           172           5504  com.google.cloud.hadoop.repackaged.gcs.io.grpc.netty.shaded.io.grpc.netty.ClientTransportLifecycleManager
 281:           172           5504  com.google.cloud.hadoop.repackaged.gcs.io.grpc.netty.shaded.io.grpc.netty.GrpcHttp2HeadersUtils$GrpcHttp2ClientHeadersDecoder
 282:           172           5504  com.google.cloud.hadoop.repackaged.gcs.io.grpc.netty.shaded.io.grpc.netty.WriteQueue
 283:           172           5504  com.google.cloud.hadoop.repackaged.gcs.io.grpc.netty.shaded.io.netty.channel.DefaultChannelId
 284:           172           5504  com.google.cloud.hadoop.repackaged.gcs.io.grpc.netty.shaded.io.netty.handler.codec.http2.DefaultHttp2Connection$ActiveStreams
 285:           172           5504  com.google.cloud.hadoop.repackaged.gcs.io.grpc.netty.shaded.io.netty.handler.codec.http2.DefaultHttp2ConnectionEncoder
 286:           172           5504  com.google.cloud.hadoop.repackaged.gcs.io.grpc.netty.shaded.io.netty.handler.codec.http2.DefaultHttp2RemoteFlowController$WritabilityMonitor
 287:           172           5504  com.google.cloud.hadoop.repackaged.gcs.io.grpc.netty.shaded.io.netty.handler.codec.http2.HpackHuffmanEncoder
 288:           172           5504  com.google.cloud.hadoop.repackaged.gcs.io.grpc.netty.shaded.io.netty.handler.codec.http2.HpackHuffmanEncoder$EncodeProcessor
 289:            86           5504  com.google.cloud.hadoop.repackaged.gcs.io.grpc.xds.shaded.io.envoyproxy.pgv.validate.Validate$UInt32Rules
 290:           343           5488  com.google.cloud.hadoop.repackaged.gcs.io.grpc.internal.LogExceptionRunnable
 291:           171           5472  com.google.cloud.hadoop.repackaged.gcs.io.grpc.netty.shaded.io.netty.channel.epoll.EpollRecvByteAllocatorStreamingHandle
 292:           170           5440  com.google.cloud.hadoop.repackaged.gcs.io.grpc.alts.internal.AesGcmHkdfAeadCrypter
 293:           170           5440  com.google.cloud.hadoop.repackaged.gcs.io.grpc.alts.internal.AltsChannelCrypter
 294:           226           5424  com.google.cloud.hadoop.repackaged.gcs.io.grpc.netty.shaded.io.netty.util.internal.logging.LocationAwareSlf4JLogger
 295:           219           5256  org.apache.hadoop.conf.Configuration$DeprecatedKeyInfo
 296:           215           5160  javax.crypto.spec.GCMParameterSpec (java.base@11.0.20.1)
 297:            91           5096  com.google.cloud.hadoop.repackaged.gcs.io.grpc.xds.shaded.io.envoyproxy.pgv.validate.Validate$RepeatedRules
 298:           307           4912  java.util.concurrent.atomic.AtomicInteger (java.base@11.0.20.1)
 299:           203           4872  sun.security.util.DisabledAlgorithmConstraints$DisabledConstraint (java.base@11.0.20.1)
 300:           121           4840  com.google.cloud.hadoop.repackaged.gcs.com.google.protobuf.DescriptorProtos$DescriptorProto$ReservedRange
 301:            55           4840  java.util.regex.Pattern (java.base@11.0.20.1)
 302:           201           4824  java.util.regex.Pattern$GroupTail (java.base@11.0.20.1)
 303:           200           4800  java.util.regex.Pattern$GroupHead (java.base@11.0.20.1)
 304:           147           4704  com.google.cloud.hadoop.repackaged.gcs.io.grpc.netty.shaded.io.netty.util.internal.LongAdderCounter
 305:           117           4680  java.security.ProtectionDomain (java.base@11.0.20.1)
 306:           195           4680  java.util.regex.Pattern$BmpCharProperty (java.base@11.0.20.1)
 307:           114           4560  java.security.CodeSource (java.base@11.0.20.1)
 308:           190           4560  java.util.concurrent.CopyOnWriteArrayList (java.base@11.0.20.1)
 309:           281           4496  java.lang.Character$UnicodeBlock (java.base@11.0.20.1)
 310:           112           4480  com.google.cloud.hadoop.repackaged.gcs.com.google.protobuf.GeneratedMessageV3$FieldAccessorTable$SingularMessageFieldAccessor
 311:           112           4480  java.lang.Package$VersionInfo (java.base@11.0.20.1)
 312:           112           4480  org.apache.log4j.Logger
 313:           182           4472  [Lcom.google.cloud.hadoop.repackaged.gcs.com.google.protobuf.Descriptors$OneofDescriptor;
 314:           184           4416  java.util.concurrent.ConcurrentLinkedQueue (java.base@11.0.20.1)
 315:           184           4416  org.apache.log4j.CategoryKey
 316:           110           4400  java.util.logging.Logger$ConfigurationData (java.logging@11.0.20.1)
 317:           183           4392  com.google.cloud.hadoop.repackaged.gcs.com.google.protobuf.LazyStringArrayList
 318:            91           4368  com.google.cloud.hadoop.repackaged.gcs.com.google.protobuf.DescriptorProtos$OneofOptions
 319:           135           4320  java.lang.module.ModuleDescriptor$Requires (java.base@11.0.20.1)
 320:           177           4248  com.google.cloud.hadoop.repackaged.gcs.io.grpc.internal.ChannelLoggerImpl
 321:           176           4224  java.lang.StringBuilder (java.base@11.0.20.1)
 322:           175           4200  com.google.cloud.hadoop.repackaged.gcs.io.grpc.netty.shaded.io.netty.handler.codec.http2.DefaultHttp2Connection$DefaultStream$PropertyMap
 323:           173           4152  com.google.cloud.hadoop.repackaged.gcs.com.google.protobuf.MapField$MutabilityAwareMap
 324:           173           4152  com.google.cloud.hadoop.repackaged.gcs.io.grpc.ConnectivityStateInfo
 325:           173           4152  com.google.cloud.hadoop.repackaged.gcs.io.grpc.LoadBalancer$CreateSubchannelArgs
 326:           173           4152  com.google.cloud.hadoop.repackaged.gcs.io.grpc.internal.InternalSubchannel$1
 327:           173           4152  com.google.cloud.hadoop.repackaged.gcs.io.grpc.internal.InternalSubchannel$Index
 328:           173           4152  com.google.cloud.hadoop.repackaged.gcs.io.grpc.internal.ManagedChannelImpl$SubchannelImpl$1ManagedInternalSubchannelCallback
 329:           173           4152  java.util.ImmutableCollections$SetN (java.base@11.0.20.1)
 330:             2           4136  [Ljava.nio.channels.SelectionKey; (java.base@11.0.20.1)
 331:           172           4128  com.google.cloud.hadoop.repackaged.gcs.io.grpc.internal.AtomicBackoff$State
 332:           172           4128  com.google.cloud.hadoop.repackaged.gcs.io.grpc.internal.InternalSubchannel$CallTracingTransport
 333:           172           4128  com.google.cloud.hadoop.repackaged.gcs.io.grpc.internal.InternalSubchannel$TransportListener
 334:           172           4128  com.google.cloud.hadoop.repackaged.gcs.io.grpc.netty.shaded.io.grpc.netty.NettyChannelBuilder$NettyTransportFactory$1
 335:           172           4128  com.google.cloud.hadoop.repackaged.gcs.io.grpc.netty.shaded.io.grpc.netty.NettyClientHandler$1
 336:           172           4128  com.google.cloud.hadoop.repackaged.gcs.io.grpc.netty.shaded.io.grpc.netty.NettyClientHandler$2
 337:           172           4128  com.google.cloud.hadoop.repackaged.gcs.io.grpc.netty.shaded.io.grpc.netty.NettyClientHandler$FrameListener
 338:           172           4128  com.google.cloud.hadoop.repackaged.gcs.io.grpc.netty.shaded.io.grpc.netty.NettyClientHandler$PingCountingFrameWriter
 339:           172           4128  com.google.cloud.hadoop.repackaged.gcs.io.grpc.netty.shaded.io.grpc.netty.Utils$FlowControlReader
 340:           172           4128  com.google.cloud.hadoop.repackaged.gcs.io.grpc.netty.shaded.io.netty.handler.codec.http2.DefaultHttp2Connection$PropertyKeyRegistry
 341:           172           4128  com.google.cloud.hadoop.repackaged.gcs.io.grpc.netty.shaded.io.netty.handler.codec.http2.DefaultHttp2FrameWriter
 342:           172           4128  com.google.cloud.hadoop.repackaged.gcs.io.grpc.netty.shaded.io.netty.handler.codec.http2.DefaultHttp2HeadersEncoder
 343:           172           4128  com.google.cloud.hadoop.repackaged.gcs.io.grpc.netty.shaded.io.netty.handler.codec.http2.HpackHuffmanDecoder
 344:           172           4128  com.google.cloud.hadoop.repackaged.gcs.io.grpc.netty.shaded.io.netty.handler.codec.http2.HpackHuffmanEncoder$EncodedLengthProcessor
 345:           172           4128  com.google.cloud.hadoop.repackaged.gcs.io.grpc.netty.shaded.io.netty.handler.codec.http2.Http2ConnectionHandler$FrameDecoder
 346:           172           4128  com.google.cloud.hadoop.repackaged.gcs.io.grpc.netty.shaded.io.netty.handler.codec.http2.Http2FrameLogger
 347:           172           4128  com.google.cloud.hadoop.repackaged.gcs.io.grpc.netty.shaded.io.netty.handler.codec.http2.Http2InboundFrameLogger
 348:           172           4128  com.google.cloud.hadoop.repackaged.gcs.io.grpc.netty.shaded.io.netty.handler.codec.http2.Http2OutboundFrameLogger
 349:           258           4128  java.util.Collections$UnmodifiableSet (java.base@11.0.20.1)
 350:           257           4112  java.lang.Byte (java.base@11.0.20.1)
 351:           257           4112  java.lang.Short (java.base@11.0.20.1)
 352:           171           4104  com.google.cloud.hadoop.repackaged.gcs.io.grpc.InternalChannelz$Security
 353:           171           4104  com.google.cloud.hadoop.repackaged.gcs.io.grpc.netty.shaded.io.netty.channel.PendingBytesTracker$DefaultChannelPipelinePendingBytesTracker
 354:           171           4104  com.google.cloud.hadoop.repackaged.gcs.io.grpc.netty.shaded.io.netty.channel.epoll.LinuxSocket
 355:           171           4104  com.google.cloud.hadoop.repackaged.gcs.io.grpc.xds.ClusterImplLoadBalancer$ClusterImplLbHelper$1
 356:           170           4080  com.google.cloud.hadoop.repackaged.gcs.io.grpc.InternalChannelz$OtherSecurity
 357:           170           4080  com.google.cloud.hadoop.repackaged.gcs.io.grpc.alts.internal.AesGcmAeadCrypter
 358:           170           4080  com.google.cloud.hadoop.repackaged.gcs.io.grpc.alts.internal.AltsTsiFrameProtector
 359:           170           4080  com.google.cloud.hadoop.repackaged.gcs.io.grpc.alts.internal.AltsTsiFrameProtector$Protector
 360:           170           4080  com.google.cloud.hadoop.repackaged.gcs.io.grpc.alts.internal.TsiPeer$StringProperty
 361:           170           4080  com.google.cloud.hadoop.repackaged.gcs.io.grpc.util.RoundRobinLoadBalancer$1
 362:           170           4080  com.google.cloud.hadoop.repackaged.gcs.io.grpc.xds.WeightedRoundRobinLoadBalancer$WrrSubchannel$1
 363:           170           4080  com.google.cloud.hadoop.repackaged.gcs.io.grpc.xds.WeightedRoundRobinLoadBalancer$WrrSubchannel$OrcaReportListener
 364:           170           4080  com.google.cloud.hadoop.repackaged.gcs.io.grpc.xds.orca.OrcaOobUtil$SubchannelImpl
 365:           168           4032  org.conscrypt.NativeRef$HMAC_CTX
 366:           166           3984  jdk.internal.module.ServicesCatalog$ServiceProvider (java.base@11.0.20.1)
 367:            62           3968  java.lang.module.ModuleDescriptor (java.base@11.0.20.1)
 368:            99           3960  com.google.cloud.hadoop.repackaged.gcs.io.opencensus.stats.AutoValue_View
 369:            69           3864  com.google.cloud.hadoop.repackaged.gcs.com.google.api.gax.retrying.AutoValue_RetrySettings
 370:            57           3648  com.google.cloud.hadoop.repackaged.gcs.io.grpc.xds.shaded.io.envoyproxy.pgv.validate.Validate$DurationRules
 371:           113           3616  sun.security.pkcs11.SunPKCS11$Descriptor (jdk.crypto.cryptoki@11.0.20.1)
 372:            75           3600  com.google.cloud.hadoop.repackaged.gcs.com.google.common.collect.SingletonImmutableBiMap
 373:           147           3528  com.google.cloud.hadoop.repackaged.gcs.com.google.protobuf.Descriptors$DescriptorPool
 374:           215           3440  java.util.HashMap$EntrySet (java.base@11.0.20.1)
 375:           143           3432  java.util.regex.Pattern$$Lambda$190/0x0000000800324840 (java.base@11.0.20.1)
 376:           107           3424  java.util.RegularEnumSet (java.base@11.0.20.1)
 377:            61           3416  jdk.internal.module.ModuleReferenceImpl (java.base@11.0.20.1)
 378:            70           3360  com.google.cloud.hadoop.repackaged.gcs.io.grpc.xds.shaded.io.envoyproxy.pgv.validate.Validate$EnumRules
 379:           104           3328  com.google.cloud.hadoop.repackaged.gcs.io.grpc.xds.shaded.udpa.annotations.Status$StatusAnnotation
 380:            51           3264  com.google.cloud.hadoop.repackaged.gcs.io.opencensus.implcore.trace.RecordEventsSpanImpl$AttributesWithCapacity
 381:           204           3264  java.util.LinkedHashSet (java.base@11.0.20.1)
 382:           182           3256  [[Ljava.lang.Object; (java.base@11.0.20.1)
 383:           100           3200  com.google.cloud.hadoop.repackaged.gcs.com.google.common.flogger.parameter.SimpleParameter
 384:            57           3192  com.google.cloud.hadoop.repackaged.gcs.io.grpc.util.GracefulSwitchLoadBalancer
 385:           133           3192  com.google.cloud.hadoop.repackaged.gcs.io.opencensus.implcore.trace.RecordEventsSpanImpl$TraceEvents
 386:           127           3048  java.util.regex.Pattern$CharProperty (java.base@11.0.20.1)
 387:           189           3024  java.util.LinkedHashMap$LinkedKeySet (java.base@11.0.20.1)
 388:            93           2976  java.util.Vector (java.base@11.0.20.1)
 389:            74           2960  java.lang.invoke.DirectMethodHandle$Special (java.base@11.0.20.1)
 390:            57           2912  [Ljava.lang.reflect.Field; (java.base@11.0.20.1)
 391:           120           2880  java.lang.Double (java.base@11.0.20.1)
 392:            50           2800  java.beans.MethodDescriptor (java.desktop@11.0.20.1)
 393:            70           2800  sun.security.pkcs12.PKCS12KeyStore$CertEntry (java.base@11.0.20.1)
 394:             8           2784  [Ljava.security.cert.X509Certificate; (java.base@11.0.20.1)
 395:           173           2768  com.google.cloud.hadoop.repackaged.gcs.com.google.protobuf.MapField$ImmutableMessageConverter
 396:           115           2760  sun.reflect.annotation.AnnotationInvocationHandler (java.base@11.0.20.1)
 397:           172           2752  com.google.cloud.hadoop.repackaged.gcs.io.grpc.internal.CallCredentialsApplyingTransportFactory$CallCredentialsApplyingTransport$1
 398:           172           2752  com.google.cloud.hadoop.repackaged.gcs.io.grpc.internal.InternalSubchannel$TransportLogger
 399:           172           2752  com.google.cloud.hadoop.repackaged.gcs.io.grpc.netty.shaded.io.grpc.netty.WriteQueue$1
 400:           172           2752  com.google.cloud.hadoop.repackaged.gcs.io.grpc.netty.shaded.io.netty.channel.DefaultMaxMessagesRecvByteBufAllocator$MaxMessageHandle$1
 401:           172           2752  com.google.cloud.hadoop.repackaged.gcs.io.grpc.netty.shaded.io.netty.channel.VoidChannelPromise$1
 402:           172           2752  com.google.cloud.hadoop.repackaged.gcs.io.grpc.netty.shaded.io.netty.handler.codec.http2.DefaultHttp2ConnectionDecoder$FrameReadListener
 403:           172           2752  com.google.cloud.hadoop.repackaged.gcs.io.grpc.netty.shaded.io.netty.handler.codec.http2.DefaultHttp2LocalFlowController$1
 404:           172           2752  com.google.cloud.hadoop.repackaged.gcs.io.grpc.netty.shaded.io.netty.handler.codec.http2.DefaultHttp2RemoteFlowController$1
 405:           172           2752  com.google.cloud.hadoop.repackaged.gcs.io.grpc.netty.shaded.io.netty.handler.codec.http2.StreamBufferingEncoder$1
 406:           172           2752  com.google.cloud.hadoop.repackaged.gcs.io.grpc.netty.shaded.io.netty.handler.codec.http2.WeightedFairQueueByteDistributor$1
 407:           172           2752  com.google.cloud.hadoop.repackaged.gcs.io.grpc.netty.shaded.io.netty.util.collection.CharObjectHashMap$1
 408:           172           2752  com.google.cloud.hadoop.repackaged.gcs.io.grpc.netty.shaded.io.netty.util.collection.CharObjectHashMap$EntrySet
 409:           172           2752  com.google.cloud.hadoop.repackaged.gcs.io.grpc.netty.shaded.io.netty.util.collection.CharObjectHashMap$KeySet
 410:           171           2736  com.google.cloud.hadoop.repackaged.gcs.io.grpc.internal.KeepAliveManager$1
 411:           171           2736  com.google.cloud.hadoop.repackaged.gcs.io.grpc.internal.KeepAliveManager$2
 412:           171           2736  com.google.cloud.hadoop.repackaged.gcs.io.grpc.internal.KeepAliveManager$ClientKeepAlivePinger
 413:           171           2736  com.google.cloud.hadoop.repackaged.gcs.io.grpc.netty.shaded.io.netty.channel.epoll.AbstractEpollChannel$AbstractEpollUnsafe$1
 414:           171           2736  com.google.cloud.hadoop.repackaged.gcs.io.grpc.netty.shaded.io.netty.channel.epoll.AbstractEpollStreamChannel$1
 415:           171           2736  com.google.cloud.hadoop.repackaged.gcs.io.grpc.netty.shaded.io.netty.channel.epoll.EpollRecvByteAllocatorHandle$1
 416:           171           2736  com.google.cloud.hadoop.repackaged.gcs.io.grpc.netty.shaded.io.netty.channel.unix.PreferredDirectByteBufAllocator
 417:            68           2720  com.google.cloud.hadoop.repackaged.gcs.com.google.protobuf.Duration
 418:           170           2720  com.google.cloud.hadoop.repackaged.gcs.io.grpc.alts.internal.AltsInternalContext
 419:           170           2720  com.google.cloud.hadoop.repackaged.gcs.io.grpc.alts.internal.TsiPeer
 420:           170           2720  com.google.cloud.hadoop.repackaged.gcs.io.grpc.util.RoundRobinLoadBalancer$Ref
 421:           170           2720  com.google.cloud.hadoop.repackaged.gcs.io.grpc.xds.orca.OrcaOobUtil$OrcaReportingHelper$OrcaReportingState$1
 422:            83           2656  com.google.cloud.hadoop.repackaged.gcs.io.opencensus.trace.SpanContext
 423:           110           2640  com.google.cloud.hadoop.repackaged.gcs.com.google.common.collect.ImmutableMapEntry
 424:            81           2592  com.google.cloud.hadoop.repackaged.gcs.com.google.api.client.util.FieldInfo
 425:            80           2560  com.google.cloud.hadoop.repackaged.gcs.io.grpc.netty.shaded.io.netty.handler.codec.CodecOutputList
 426:            80           2560  java.util.regex.Pattern$Branch (java.base@11.0.20.1)
 427:            62           2480  java.io.ObjectStreamField (java.base@11.0.20.1)
 428:           103           2472  [[C (java.base@11.0.20.1)
 429:           103           2472  org.slf4j.impl.Reload4jLoggerAdapter
 430:            76           2432  com.google.cloud.hadoop.fs.gcs.HadoopConfigurationProperty
 431:            16           2432  com.google.cloud.hadoop.repackaged.gcs.io.grpc.netty.shaded.io.netty.buffer.PoolArena$DirectArena
 432:            16           2432  com.google.cloud.hadoop.repackaged.gcs.io.grpc.netty.shaded.io.netty.buffer.PoolArena$HeapArena
 433:           100           2400  java.util.ImmutableCollections$List12 (java.base@11.0.20.1)
 434:            80           2352  [Ljava.util.regex.Pattern$Node; (java.base@11.0.20.1)
 435:            28           2304  [Ljava.lang.ThreadLocal$ThreadLocalMap$Entry; (java.base@11.0.20.1)
 436:            72           2304  org.apache.log4j.ProvisionNode
 437:            94           2256  java.beans.MethodRef (java.desktop@11.0.20.1)
 438:           141           2256  java.util.regex.Pattern$$Lambda$12/0x00000008000adc40 (java.base@11.0.20.1)
 439:            69           2208  com.google.cloud.hadoop.repackaged.gcs.io.grpc.xds.shaded.io.envoyproxy.pgv.validate.Validate$MessageRules
 440:            17           2192  [Lcom.google.cloud.hadoop.repackaged.gcs.io.grpc.netty.shaded.io.netty.buffer.LongPriorityQueue;
 441:            67           2144  java.lang.ThreadLocal$ThreadLocalMap$Entry (java.base@11.0.20.1)
 442:            53           2120  sun.security.util.NamedCurve (java.base@11.0.20.1)
 443:            66           2112  java.lang.invoke.LambdaForm$Kind (java.base@11.0.20.1)
 444:            84           2080  [Lcom.google.cloud.hadoop.repackaged.gcs.com.google.protobuf.Descriptors$EnumDescriptor;
 445:             1           2064  [Lcom.google.cloud.hadoop.repackaged.gcs.io.grpc.netty.shaded.io.netty.handler.codec.http2.HpackStaticTable$HeaderNameIndex;
 446:           129           2064  java.lang.Character (java.base@11.0.20.1)
 447:           129           2064  java.util.ImmutableCollections$ListN (java.base@11.0.20.1)
 448:            64           2048  java.net.Inet6Address$Inet6AddressHolder (java.base@11.0.20.1)
 449:            32           2048  org.apache.hadoop.metrics2.lib.Interns$CacheWith2Keys$2
 450:            20           2000  [Lcom.google.cloud.hadoop.repackaged.gcs.io.grpc.netty.shaded.io.netty.buffer.PoolThreadCache$MemoryRegionCache;
 451:            83           1992  com.google.cloud.hadoop.repackaged.gcs.io.opencensus.trace.SpanId
 452:           123           1968  jdk.internal.reflect.DelegatingMethodAccessorImpl (java.base@11.0.20.1)
 453:            35           1960  com.google.cloud.hadoop.repackaged.gcs.io.grpc.netty.shaded.io.netty.buffer.PooledSlicedByteBuf
 454:            40           1920  java.lang.invoke.BoundMethodHandle$SpeciesData (java.base@11.0.20.1)
 455:            80           1920  java.util.regex.Pattern$Slice (java.base@11.0.20.1)
 456:             5           1880  com.google.cloud.hadoop.repackaged.gcs.io.grpc.netty.shaded.io.netty.util.concurrent.FastThreadLocalThread
 457:           117           1872  [Ljava.security.Principal; (java.base@11.0.20.1)
 458:            39           1872  com.google.cloud.hadoop.repackaged.gcs.io.grpc.MethodDescriptor
 459:            78           1872  com.google.cloud.hadoop.repackaged.gcs.io.grpc.protobuf.lite.ProtoLiteUtils$MessageMarshaller
 460:           117           1872  java.security.ProtectionDomain$Key (java.base@11.0.20.1)
 461:           116           1856  com.google.cloud.hadoop.repackaged.gcs.com.google.common.collect.SingletonImmutableList
 462:            57           1824  com.google.cloud.hadoop.repackaged.gcs.io.grpc.netty.shaded.io.netty.handler.codec.http.HttpResponseStatus
 463:            72           1792  [Lsun.security.util.ObjectIdentifier; (java.base@11.0.20.1)
 464:            44           1760  java.lang.invoke.BoundMethodHandle$Species_LL (java.base@11.0.20.1)
 465:            36           1728  com.google.cloud.hadoop.repackaged.gcs.com.google.protobuf.DescriptorProtos$MethodDescriptorProto
 466:            36           1728  com.google.cloud.hadoop.repackaged.gcs.com.google.protobuf.DescriptorProtos$MethodOptions
 467:            53           1696  java.security.spec.EllipticCurve (java.base@11.0.20.1)
 468:            52           1664  com.google.cloud.hadoop.repackaged.gcs.io.opencensus.trace.TraceId
 469:           104           1664  java.util.HashMap$KeySet (java.base@11.0.20.1)
 470:            41           1640  java.math.BigDecimal (java.base@11.0.20.1)
 471:            51           1632  jdk.internal.reflect.UnsafeObjectFieldAccessorImpl (java.base@11.0.20.1)
 472:            27           1608  [Lcom.google.cloud.hadoop.repackaged.gcs.com.google.common.collect.ImmutableMapEntry;
 473:            67           1608  jdk.internal.reflect.NativeMethodAccessorImpl (java.base@11.0.20.1)
 474:            67           1608  jdk.internal.util.jar.JarIndex (java.base@11.0.20.1)
 475:            40           1600  [Ljava.lang.invoke.BoundMethodHandle$SpeciesData; (java.base@11.0.20.1)
 476:            40           1600  com.google.cloud.hadoop.repackaged.gcs.io.grpc.netty.shaded.io.netty.util.Recycler$LocalPool
 477:            99           1584  com.google.cloud.hadoop.repackaged.gcs.io.opencensus.stats.AutoValue_View_Name
 478:            22           1584  java.beans.PropertyDescriptor (java.desktop@11.0.20.1)
 479:            33           1584  java.time.temporal.ValueRange (java.base@11.0.20.1)
 480:            49           1568  com.google.cloud.hadoop.repackaged.gcs.io.grpc.netty.shaded.io.netty.channel.ChannelOption
 481:             3           1544  [[B (java.base@11.0.20.1)
 482:            64           1536  java.net.Inet6Address (java.base@11.0.20.1)
 483:            64           1536  java.util.AbstractMap$SimpleImmutableEntry (java.base@11.0.20.1)
 484:            31           1488  com.google.cloud.hadoop.repackaged.gcs.io.grpc.netty.shaded.io.netty.channel.DefaultChannelPromise
 485:            62           1488  java.lang.ProcessEnvironment$Value (java.base@11.0.20.1)
 486:            62           1488  java.lang.ProcessEnvironment$Variable (java.base@11.0.20.1)
 487:            61           1464  com.google.cloud.hadoop.repackaged.gcs.com.google.api.pathtemplate.AutoValue_PathTemplate_Segment
 488:            61           1464  java.lang.module.ResolvedModule (java.base@11.0.20.1)
 489:            61           1464  jdk.internal.module.SystemModuleFinders$2 (java.base@11.0.20.1)
 490:            61           1464  jdk.internal.module.SystemModuleFinders$SystemModuleReader (java.base@11.0.20.1)
 491:            45           1440  com.google.cloud.hadoop.fs.gcs.GhfsStatistic
 492:            45           1440  java.lang.invoke.VarHandle$AccessDescriptor (java.base@11.0.20.1)
 493:            60           1440  jdk.internal.loader.BuiltinClassLoader$LoadedModule (java.base@11.0.20.1)
 494:            22           1408  com.google.cloud.hadoop.repackaged.gcs.io.grpc.alts.internal.ProtectedPromise
 495:            35           1400  com.google.cloud.hadoop.repackaged.gcs.com.google.api.RoutingParameter
 496:            35           1400  com.google.cloud.hadoop.repackaged.gcs.com.google.protobuf.Descriptors$MethodDescriptor
 497:            25           1400  sun.security.ec.SunEC$ProviderService (jdk.crypto.ec@11.0.20.1)
 498:            50           1392  [Ljava.util.Map$Entry; (java.base@11.0.20.1)
 499:            15           1376  [Ljava.lang.Byte; (java.base@11.0.20.1)
 500:             1           1376  [Ljdk.internal.math.FDBigInteger; (java.base@11.0.20.1)
 501:             1           1368  [Lsun.security.ssl.CipherSuite; (java.base@11.0.20.1)
 502:            57           1368  com.google.cloud.hadoop.repackaged.gcs.io.grpc.util.GracefulSwitchLoadBalancer$1
 503:            57           1368  com.google.cloud.hadoop.repackaged.gcs.io.grpc.util.GracefulSwitchLoadBalancer$1PendingHelper
 504:            17           1360  com.google.cloud.hadoop.repackaged.gcs.io.grpc.netty.shaded.io.netty.buffer.PoolChunk
 505:            56           1344  java.lang.module.ModuleDescriptor$Provides (java.base@11.0.20.1)
 506:             1           1328  [Ljava.lang.Character$UnicodeBlock; (java.base@11.0.20.1)
 507:            55           1320  com.google.cloud.hadoop.repackaged.gcs.com.google.common.collect.ImmutableMapEntry$NonTerminalImmutableMapEntry
 508:            55           1320  com.google.cloud.hadoop.repackaged.gcs.io.opencensus.common.AutoValue_Timestamp
 509:            41           1312  java.util.regex.Pattern$Curly (java.base@11.0.20.1)
 510:             9           1296  [Ljava.lang.invoke.MemberName; (java.base@11.0.20.1)
 511:            81           1296  com.sun.proxy.$Proxy7
 512:            54           1296  java.security.spec.ECPoint (java.base@11.0.20.1)
 513:            39           1280  [Ljava.math.BigInteger; (java.base@11.0.20.1)
 514:            10           1280  com.google.cloud.hadoop.repackaged.gcs.io.grpc.netty.shaded.io.netty.util.internal.InternalThreadLocalMap
 515:            80           1280  java.util.regex.Pattern$BranchConn (java.base@11.0.20.1)
 516:            53           1272  java.util.regex.Pattern$BitClass (java.base@11.0.20.1)
 517:            52           1248  com.google.cloud.hadoop.repackaged.gcs.io.grpc.netty.shaded.io.netty.handler.codec.http2.HpackStaticTable$HeaderNameIndex
 518:            31           1240  com.google.cloud.hadoop.repackaged.gcs.com.google.api.ResourceReference
 519:            18           1224  [Lcom.google.cloud.hadoop.repackaged.gcs.io.opencensus.implcore.trace.export.InProcessSampledSpanStoreImpl$Bucket;
 520:            51           1224  com.google.cloud.hadoop.repackaged.gcs.io.opencensus.implcore.internal.TimestampConverter
 521:            38           1216  com.google.cloud.hadoop.repackaged.gcs.com.google.api.gax.retrying.RetryAlgorithm
 522:            30           1200  java.time.temporal.ChronoField (java.base@11.0.20.1)
 523:            50           1200  org.bouncycastle.asn1.ASN1ObjectIdentifier$OidHandle
 524:            37           1184  java.security.Permissions (java.base@11.0.20.1)
 525:            49           1176  java.util.regex.Pattern$BmpCharPropertyGreedy (java.base@11.0.20.1)
 526:            29           1160  com.google.cloud.hadoop.repackaged.gcs.com.google.protobuf.GeneratedMessage$GeneratedExtension
 527:            29           1160  jdk.internal.ref.Cleaner (java.base@11.0.20.1)
 528:            24           1152  com.google.cloud.hadoop.repackaged.gcs.com.google.protobuf.GeneratedMessageV3$FieldAccessorTable$RepeatedFieldAccessor$ReflectionInvoker
 529:            24           1152  java.nio.HeapByteBufferR (java.base@11.0.20.1)
 530:            47           1128  java.util.regex.Pattern$CharPropertyGreedy (java.base@11.0.20.1)
 531:            28           1120  com.google.cloud.hadoop.repackaged.gcs.com.google.protobuf.GeneratedMessageV3$FieldAccessorTable$SingularStringFieldAccessor
 532:             4           1120  java.util.concurrent.ConcurrentHashMap$CounterCell (java.base@11.0.20.1)
 533:            35           1120  sun.security.util.LazyCodeSourcePermissionCollection (java.base@11.0.20.1)
 534:            35           1120  sun.security.x509.AlgorithmId (java.base@11.0.20.1)
 535:            69           1104  com.google.cloud.hadoop.repackaged.gcs.com.google.common.collect.RegularImmutableList
 536:            46           1104  com.google.cloud.hadoop.repackaged.gcs.io.grpc.xds.AutoValue_Locality
 537:            17           1088  com.google.cloud.hadoop.repackaged.gcs.com.google.cloud.storage.StorageException
 538:            17           1088  com.google.cloud.hadoop.repackaged.gcs.io.grpc.netty.shaded.io.netty.channel.ChannelOutboundBuffer$Entry
 539:            17           1088  com.google.cloud.hadoop.repackaged.gcs.io.grpc.xds.shaded.io.envoyproxy.envoy.config.endpoint.v3.LocalityLbEndpoints
 540:            34           1088  com.google.cloud.hadoop.repackaged.gcs.io.grpc.xds.shaded.udpa.annotations.Migrate$FileMigrateAnnotation
 541:            15           1080  sun.security.ssl.SSLCipher (java.base@11.0.20.1)
 542:             2           1064  [Ljava.lang.Integer; (java.base@11.0.20.1)
 543:            44           1056  java.lang.RuntimePermission (java.base@11.0.20.1)
 544:             1           1040  [Ljava.lang.Long; (java.base@11.0.20.1)
 545:             1           1040  [Ljava.lang.Short; (java.base@11.0.20.1)
 546:             1           1040  [Lsun.security.util.KnownOIDs; (java.base@11.0.20.1)
 547:             5           1040  com.google.cloud.hadoop.repackaged.gcs.io.grpc.xds.shaded.io.envoyproxy.envoy.config.cluster.v3.Cluster
 548:            13           1040  com.google.cloud.hadoop.repackaged.gcs.io.grpc.xds.shaded.io.envoyproxy.pgv.validate.Validate$DoubleRules
 549:            65           1040  java.util.concurrent.atomic.AtomicReferenceArray (java.base@11.0.20.1)
 550:            13           1040  sun.security.x509.X509CertImpl (java.base@11.0.20.1)
 551:            32           1024  com.google.cloud.hadoop.repackaged.gcs.com.google.cloud.storage.Storage$BlobField
 552:            32           1024  com.google.cloud.hadoop.repackaged.gcs.com.google.protobuf.UInt32Value
 553:             4           1024  com.google.cloud.hadoop.repackaged.gcs.io.grpc.internal.ManagedChannelImpl
 554:            25           1000  java.util.HashMap$EntryIterator (java.base@11.0.20.1)
 555:            25           1000  java.util.regex.Pattern$Loop (java.base@11.0.20.1)
 556:            31            992  java.lang.invoke.VarHandle$AccessMode (java.base@11.0.20.1)
 557:            61            976  com.google.cloud.hadoop.repackaged.gcs.com.google.common.collect.SingletonImmutableSet
 558:            40            960  com.google.cloud.hadoop.fs.gcs.GhfsStorageStatistics$MeanStatistic
 559:            30            960  com.google.cloud.hadoop.repackaged.gcs.com.google.api.RoutingRule
 560:            12            960  com.google.cloud.hadoop.repackaged.gcs.io.grpc.xds.shaded.io.envoyproxy.pgv.validate.Validate$UInt64Rules
 561:            30            960  java.security.Provider$EngineDescription (java.base@11.0.20.1)
 562:            28            944  [Ljava.time.format.DateTimeFormatterBuilder$DateTimePrinterParser; (java.base@11.0.20.1)
 563:            59            944  jdk.internal.module.SystemModuleFinders$3 (java.base@11.0.20.1)
 564:            39            936  com.google.cloud.hadoop.repackaged.gcs.com.google.api.gax.retrying.ExponentialRetryAlgorithm
 565:            39            936  com.google.cloud.hadoop.repackaged.gcs.com.google.api.gax.retrying.ScheduledRetryingExecutor
 566:            39            936  com.google.cloud.hadoop.repackaged.gcs.com.google.common.util.concurrent.MoreExecutors$ScheduledListeningDecorator
 567:            39            936  com.google.cloud.hadoop.repackaged.gcs.io.grpc.Status
 568:            39            936  com.google.cloud.hadoop.repackaged.gcs.io.grpc.SynchronizationContext$ManagedRunnable
 569:            39            936  com.google.cloud.hadoop.repackaged.gcs.io.grpc.SynchronizationContext$ScheduledHandle
 570:            29            928  com.google.cloud.hadoop.repackaged.gcs.com.google.protobuf.GeneratedMessageV3$FieldAccessorTable$SingularFieldAccessor
 571:            58            928  com.google.cloud.hadoop.repackaged.gcs.io.grpc.xds.XdsLogger
 572:            29            928  java.nio.DirectByteBuffer$Deallocator (java.base@11.0.20.1)
 573:            23            920  java.lang.invoke.VarHandleObjects$FieldInstanceReadWrite (java.base@11.0.20.1)
 574:            23            920  java.security.AccessControlContext (java.base@11.0.20.1)
 575:            38            912  com.google.cloud.hadoop.repackaged.gcs.com.google.api.gax.grpc.GrpcDirectCallable
 576:            38            912  com.google.cloud.hadoop.repackaged.gcs.com.google.api.gax.grpc.GrpcExceptionCallable
 577:            38            912  com.google.cloud.hadoop.repackaged.gcs.com.google.api.gax.grpc.GrpcUnaryRequestParamCallable
 578:            38            912  com.google.cloud.hadoop.repackaged.gcs.com.google.api.gax.rpc.RetryingCallable
 579:            38            912  com.google.cloud.hadoop.repackaged.gcs.com.google.api.gax.rpc.UnaryCallable$1
 580:            14            896  com.google.cloud.hadoop.repackaged.gcs.com.google.protobuf.CodedInputStream$ArrayDecoder
 581:            28            896  java.util.concurrent.locks.AbstractQueuedSynchronizer$Node (java.base@11.0.20.1)
 582:            28            896  sun.security.x509.URIName (java.base@11.0.20.1)
 583:             7            888  [Ljava.lang.ClassValue$Entry; (java.base@11.0.20.1)
 584:            22            880  com.google.cloud.hadoop.repackaged.gcs.com.google.common.collect.RegularImmutableMap
 585:            22            880  com.google.cloud.hadoop.repackaged.gcs.io.grpc.xds.shaded.udpa.annotations.Migrate$FieldMigrateAnnotation
 586:             8            872  [D (java.base@11.0.20.1)
 587:            27            864  com.google.cloud.hadoop.repackaged.gcs.com.google.cloud.storage.Storage$BucketField
 588:            27            864  com.google.cloud.hadoop.repackaged.gcs.io.grpc.internal.CompositeReadableBuffer
 589:            12            864  com.google.cloud.hadoop.repackaged.gcs.io.grpc.xds.WeightedRoundRobinLoadBalancer
 590:            36            864  java.util.regex.Pattern$$Lambda$30/0x0000000800165840 (java.base@11.0.20.1)
 591:            53            848  java.util.regex.Pattern$$Lambda$29/0x0000000800166440 (java.base@11.0.20.1)
 592:            53            848  java.util.regex.Pattern$BitClass$$Lambda$28/0x0000000800166040 (java.base@11.0.20.1)
 593:            35            840  com.google.cloud.hadoop.repackaged.gcs.com.google.api.gax.tracing.AutoValue_SpanName
 594:            35            840  com.google.cloud.hadoop.repackaged.gcs.com.google.common.collect.ImmutableEntry
 595:            13            832  com.google.cloud.hadoop.repackaged.gcs.io.grpc.xds.ClusterImplLoadBalancer
 596:            13            832  java.lang.invoke.BoundMethodHandle$Species_LLLLLLIIL (java.base@11.0.20.1)
 597:            26            832  java.security.BasicPermissionCollection (java.base@11.0.20.1)
 598:            26            832  java.util.concurrent.SynchronousQueue$TransferStack$SNode (java.base@11.0.20.1)
 599:            34            816  com.google.cloud.hadoop.repackaged.gcs.com.google.api.pathtemplate.PathTemplate
 600:            20            800  com.google.cloud.hadoop.repackaged.gcs.io.grpc.netty.shaded.io.netty.channel.PendingWriteQueue$PendingWrite
 601:            10            800  java.lang.invoke.BoundMethodHandle$Species_LLLLLLLLLIILL (java.base@11.0.20.1)
 602:            25            800  java.time.format.DateTimeFormatterBuilder$NumberPrinterParser (java.base@11.0.20.1)
 603:            33            792  com.google.cloud.hadoop.repackaged.gcs.com.google.api.gax.tracing.TracedUnaryCallable
 604:            24            768  com.google.cloud.hadoop.repackaged.gcs.com.google.protobuf.SingleFieldBuilderV3
 605:            12            768  com.google.cloud.hadoop.repackaged.gcs.com.google.storage.v2.ReadObjectResponse$Builder
 606:            32            768  java.lang.invoke.Invokers (java.base@11.0.20.1)
 607:            32            768  java.util.concurrent.ConcurrentHashMap$KeySetView (java.base@11.0.20.1)
 608:            32            768  org.apache.hadoop.metrics2.lib.MetricsInfoImpl
 609:            24            768  sun.security.x509.OIDMap$OIDInfo (java.base@11.0.20.1)
 610:             2            752  jdk.internal.misc.InnocuousThread (java.base@11.0.20.1)
 611:            47            752  sun.security.x509.GeneralName (java.base@11.0.20.1)
 612:            31            744  sun.reflect.generics.tree.SimpleClassTypeSignature (java.base@11.0.20.1)
 613:            46            736  sun.security.x509.DNSName (java.base@11.0.20.1)
 614:            13            728  com.google.cloud.hadoop.repackaged.gcs.io.grpc.xds.PriorityLoadBalancer$ChildLbState
 615:            13            728  org.jcp.xml.dsig.internal.dom.XMLDSigRI$ProviderService (java.xml.crypto@11.0.20.1)
 616:            13            728  sun.security.util.MemoryCache$SoftCacheEntry (java.base@11.0.20.1)
 617:            13            728  sun.security.x509.X509CertInfo (java.base@11.0.20.1)
 618:            30            720  com.google.cloud.hadoop.repackaged.gcs.com.google.cloud.storage.spi.v1.StorageRpc$Option
 619:            30            720  java.util.regex.Pattern$Ques (java.base@11.0.20.1)
 620:            11            704  java.util.stream.ReferencePipeline$5 (java.base@11.0.20.1)
 621:            29            696  com.google.cloud.hadoop.repackaged.gcs.com.google.protobuf.GeneratedMessage$GeneratedExtension$1
 622:            29            696  java.time.Duration (java.base@11.0.20.1)
 623:            29            696  java.util.jar.Manifest (java.base@11.0.20.1)
 624:            17            680  com.google.cloud.hadoop.repackaged.gcs.io.grpc.netty.shaded.io.netty.buffer.LongLongHashMap
 625:            17            680  com.sun.beans.introspect.PropertyInfo (java.desktop@11.0.20.1)
 626:            17            680  java.lang.invoke.MethodHandleImpl$AsVarargsCollector (java.base@11.0.20.1)
 627:            28            672  com.google.cloud.hadoop.repackaged.gcs.com.google.common.base.StandardSystemProperty
 628:            21            672  com.google.cloud.hadoop.repackaged.gcs.com.google.protobuf.GeneratedMessageV3$FieldAccessorTable$RepeatedMessageFieldAccessor
 629:            12            672  com.google.cloud.hadoop.repackaged.gcs.com.google.protobuf.GeneratedMessageV3$FieldAccessorTable$SingularEnumFieldAccessor
 630:            12            672  com.google.cloud.hadoop.repackaged.gcs.io.grpc.CallOptions
 631:            28            672  java.lang.ThreadLocal$ThreadLocalMap (java.base@11.0.20.1)
 632:            28            672  java.time.format.DateTimeFormatterBuilder$CompositePrinterParser (java.base@11.0.20.1)
 633:            21            672  java.util.Random (java.base@11.0.20.1)
 634:            28            672  java.util.concurrent.locks.AbstractQueuedSynchronizer$ConditionObject (java.base@11.0.20.1)
 635:            28            672  java.util.regex.Pattern$SliceI (java.base@11.0.20.1)
 636:            28            672  java.util.regex.Pattern$Start (java.base@11.0.20.1)
 637:             6            656  [Ljava.beans.MethodDescriptor; (java.desktop@11.0.20.1)
 638:            27            648  com.google.cloud.hadoop.repackaged.gcs.com.google.cloud.storage.Conversions$SimpleCodec
 639:             3            648  com.google.cloud.hadoop.repackaged.gcs.io.grpc.xds.shaded.io.envoyproxy.envoy.extensions.filters.network.http_connection_manager.v3.HttpConnectionManager
 640:            40            640  com.google.cloud.hadoop.repackaged.gcs.com.google.api.gax.grpc.GrpcApiExceptionFactory
 641:             4            640  com.google.cloud.hadoop.repackaged.gcs.io.grpc.netty.shaded.io.netty.channel.epoll.EpollEventLoop
 642:            16            640  com.google.cloud.hadoop.repackaged.gcs.io.grpc.xds.shaded.io.envoyproxy.envoy.config.core.v3.Locality
 643:            16            640  java.time.format.DateTimeFormatter (java.base@11.0.20.1)
 644:             8            640  org.apache.hadoop.thirdparty.com.google.common.cache.LocalCache$Segment
 645:             3            624  [Ljava.lang.invoke.LambdaForm; (java.base@11.0.20.1)
 646:            13            624  com.google.cloud.hadoop.repackaged.gcs.com.fasterxml.jackson.core.JsonToken
 647:            39            624  com.google.cloud.hadoop.repackaged.gcs.com.google.api.gax.rpc.ApiResultRetryAlgorithm
 648:            39            624  com.google.cloud.hadoop.repackaged.gcs.com.google.api.gax.rpc.RequestUrlParamsEncoder
 649:            13            624  com.google.cloud.hadoop.repackaged.gcs.com.google.protobuf.DescriptorProtos$DescriptorProto$ExtensionRange
 650:            13            624  com.google.cloud.hadoop.repackaged.gcs.com.google.storage.v2.ReadObjectResponse
 651:            13            624  com.google.cloud.hadoop.repackaged.gcs.io.grpc.xds.ClusterImplLoadBalancer$ClusterImplLbHelper
 652:            26            624  com.sun.beans.introspect.MethodInfo (java.desktop@11.0.20.1)
 653:            26            624  java.security.spec.ECFieldF2m (java.base@11.0.20.1)
 654:            20            616  [Ljava.io.ObjectStreamField; (java.base@11.0.20.1)
 655:            11            616  java.util.Properties (java.base@11.0.20.1)
 656:            11            616  java.util.stream.ReferencePipeline$Head (java.base@11.0.20.1)
 657:            19            608  com.google.cloud.hadoop.repackaged.gcs.com.google.cloud.hadoop.util.HadoopConfigurationProperty
 658:            19            608  java.util.Collections$SynchronizedMap (java.base@11.0.20.1)
 659:            19            600  [Lsun.security.ssl.ProtocolVersion; (java.base@11.0.20.1)
 660:            25            600  com.google.cloud.hadoop.repackaged.gcs.io.grpc.SynchronizationContext$1
 661:            25            600  com.google.cloud.hadoop.repackaged.gcs.org.threeten.bp.Duration
 662:            25            600  java.time.LocalTime (java.base@11.0.20.1)
 663:            25            600  java.util.regex.Pattern$BmpCharPredicate$$Lambda$31/0x0000000800165c40 (java.base@11.0.20.1)
 664:            25            600  java.util.regex.Pattern$Prolog (java.base@11.0.20.1)
 665:            31            576  [Lsun.reflect.generics.tree.TypeArgument; (java.base@11.0.20.1)
 666:            24            576  com.google.cloud.hadoop.repackaged.gcs.com.google.api.gax.rpc.UnaryCallSettings
 667:            18            576  com.google.cloud.hadoop.repackaged.gcs.com.google.common.collect.RegularImmutableSet
 668:            24            576  com.google.cloud.hadoop.repackaged.gcs.com.google.protobuf.GeneratedMessageV3$1
 669:            18            576  com.google.cloud.hadoop.repackaged.gcs.io.grpc.Metadata$AsciiKey
 670:             8            576  com.google.cloud.hadoop.repackaged.gcs.io.grpc.xds.AutoValue_XdsClusterResource_CdsUpdate
 671:             4            576  com.google.cloud.hadoop.repackaged.gcs.io.grpc.xds.shaded.io.envoyproxy.envoy.config.route.v3.RouteAction
 672:            12            576  com.sun.beans.util.Cache$Kind$Soft (java.desktop@11.0.20.1)
 673:             8            576  java.util.concurrent.ThreadPoolExecutor (java.base@11.0.20.1)
 674:             6            576  java.util.jar.JarVerifier (java.base@11.0.20.1)
 675:            10            560  [Lcom.google.cloud.hadoop.repackaged.gcs.com.google.common.flogger.parameter.SimpleParameter;
 676:            14            560  com.google.cloud.hadoop.repackaged.gcs.com.google.storage.v2.ObjectChecksums
 677:            35            560  java.security.SecureClassLoader$CodeSourceKey (java.base@11.0.20.1)
 678:             7            560  java.util.concurrent.TimeUnit (java.base@11.0.20.1)
 679:            10            560  sun.util.calendar.ZoneInfo (java.base@11.0.20.1)
 680:            23            552  java.lang.Class$AnnotationData (java.base@11.0.20.1)
 681:             2            544  [Lcom.ctc.wstx.util.SymbolTable$Bucket;
 682:             5            544  [Ljava.lang.Double; (java.base@11.0.20.1)
 683:             4            544  [Ljava.net.InetAddress; (java.base@11.0.20.1)
 684:            17            544  com.google.cloud.hadoop.repackaged.gcs.io.grpc.Status$Code
 685:            17            544  sun.security.ssl.CipherSuite$KeyExchange (java.base@11.0.20.1)
 686:             1            528  [Ljava.lang.Character; (java.base@11.0.20.1)
 687:            13            520  com.google.cloud.hadoop.repackaged.gcs.com.google.storage.v2.ChecksummedData
 688:            13            520  java.lang.ClassLoader$NativeLibrary (java.base@11.0.20.1)
 689:            13            520  javax.net.ssl.SSLEngineResult (java.base@11.0.20.1)
 690:            13            520  sun.security.x509.AuthorityKeyIdentifierExtension (java.base@11.0.20.1)
 691:            16            512  com.google.cloud.hadoop.repackaged.gcs.com.google.api.client.util.ClassInfo
 692:            16            512  java.time.temporal.ChronoUnit (java.base@11.0.20.1)
 693:            21            504  com.google.cloud.hadoop.repackaged.gcs.com.google.gson.internal.bind.TypeAdapters$30
 694:            21            504  com.google.cloud.hadoop.repackaged.gcs.io.grpc.internal.ServiceConfigUtil$PolicySelection
 695:             9            504  com.google.cloud.hadoop.repackaged.gcs.io.grpc.xds.XdsClientImpl$ResourceSubscriber
 696:            21            504  jdk.internal.loader.AbstractClassLoaderValue$Sub (java.base@11.0.20.1)
 697:            21            504  sun.security.x509.AVAKeyword (java.base@11.0.20.1)
 698:             7            496  [Lsun.invoke.util.Wrapper; (java.base@11.0.20.1)
 699:            31            496  com.google.cloud.hadoop.repackaged.gcs.io.opencensus.trace.AutoValue_AttributeValue_AttributeValueBoolean
 700:            15            480  com.google.cloud.hadoop.repackaged.gcs.com.fasterxml.jackson.core.JsonParser$Feature
 701:            12            480  com.google.cloud.hadoop.repackaged.gcs.com.google.cloud.storage.GapicUnbufferedReadableByteChannel$ReadCursor
 702:            12            480  com.google.cloud.hadoop.repackaged.gcs.com.google.protobuf.MapEntry
 703:            12            480  com.google.cloud.hadoop.repackaged.gcs.com.google.protobuf.MapEntry$Metadata
 704:            12            480  com.google.cloud.hadoop.repackaged.gcs.com.google.storage.v2.ChecksummedData$Builder
 705:            12            480  com.google.cloud.hadoop.repackaged.gcs.com.google.storage.v2.ObjectChecksums$Builder
 706:             3            480  com.google.cloud.hadoop.repackaged.gcs.io.grpc.internal.ManagedChannelImpl$ChannelStreamProvider$1RetryStream
 707:            10            480  com.google.cloud.hadoop.repackaged.gcs.io.grpc.netty.shaded.io.netty.buffer.PoolThreadCache
 708:            10            480  com.google.cloud.hadoop.repackaged.gcs.io.grpc.netty.shaded.io.netty.util.ResourceLeakDetector$DefaultResourceLeak
 709:            12            480  com.google.cloud.hadoop.repackaged.gcs.io.grpc.xds.WeightedRoundRobinLoadBalancer$WeightedRoundRobinPicker
 710:            12            480  com.google.cloud.hadoop.repackaged.gcs.io.grpc.xds.WeightedTargetLoadBalancer
 711:            10            480  java.lang.StackTraceElement (java.base@11.0.20.1)
 712:            10            480  java.nio.HeapCharBuffer (java.base@11.0.20.1)
 713:            20            480  java.util.regex.Pattern$CharPredicate$$Lambda$348/0x00000008004c5440 (java.base@11.0.20.1)
 714:            10            480  sun.invoke.util.Wrapper (java.base@11.0.20.1)
 715:            30            480  sun.reflect.generics.tree.ClassTypeSignature (java.base@11.0.20.1)
 716:            11            472  [Ljava.lang.invoke.MethodType; (java.base@11.0.20.1)
 717:            29            464  java.util.Collections$SingletonSet (java.base@11.0.20.1)
 718:            29            464  java.util.concurrent.atomic.AtomicReference (java.base@11.0.20.1)
 719:             3            456  com.google.cloud.hadoop.repackaged.gcs.io.grpc.xds.shaded.io.envoyproxy.envoy.config.listener.v3.Listener
 720:            19            456  com.google.cloud.hadoop.repackaged.gcs.io.opencensus.stats.AutoValue_Measure_MeasureLong
 721:            19            456  sun.security.x509.PolicyInformation (java.base@11.0.20.1)
 722:            18            448  [Lsun.security.ssl.NamedGroup$NamedGroupSpec; (java.base@11.0.20.1)
 723:            14            448  com.google.cloud.hadoop.repackaged.gcs.com.google.protobuf.WireFormat$FieldType
 724:            28            448  com.google.cloud.hadoop.repackaged.gcs.io.grpc.Attributes$Key
 725:            14            448  com.google.cloud.hadoop.repackaged.gcs.io.grpc.internal.GrpcUtil$Http2Error
 726:            14            448  com.google.cloud.hadoop.repackaged.gcs.io.grpc.netty.shaded.io.netty.handler.codec.http2.Http2Error
 727:             8            448  com.sun.security.sasl.Provider$ProviderService (java.security.sasl@11.0.20.1)
 728:            11            440  com.google.cloud.hadoop.repackaged.gcs.io.grpc.xds.shaded.io.envoyproxy.envoy.config.core.v3.TypedExtensionConfig
 729:            11            440  java.lang.invoke.DirectMethodHandle$Interface (java.base@11.0.20.1)
 730:             1            432  [[[C (java.base@11.0.20.1)
 731:             9            432  com.google.cloud.hadoop.repackaged.gcs.com.google.protobuf.DescriptorProtos$EnumValueOptions
 732:            18            432  com.google.cloud.hadoop.repackaged.gcs.com.google.protobuf.DescriptorProtos$FieldDescriptorProto$Type
 733:            18            432  com.google.cloud.hadoop.repackaged.gcs.com.google.protobuf.Descriptors$FieldDescriptor$Type
 734:             9            432  com.google.cloud.hadoop.repackaged.gcs.io.grpc.netty.shaded.io.netty.handler.codec.http2.Http2Exception$StacklessHttp2Exception
 735:             9            432  com.google.cloud.hadoop.repackaged.gcs.io.grpc.netty.shaded.io.netty.util.ResourceLeakDetector$TraceRecord
 736:            18            432  com.google.cloud.hadoop.repackaged.gcs.io.opencensus.stats.AutoValue_Measure_MeasureDouble
 737:            27            432  java.security.spec.ECFieldFp (java.base@11.0.20.1)
 738:             9            432  java.util.concurrent.ThreadPoolExecutor$Worker (java.base@11.0.20.1)
 739:             6            432  org.conscrypt.TrustManagerImpl
 740:             9            432  sun.nio.cs.UTF_8$Encoder (java.base@11.0.20.1)
 741:            26            416  com.google.cloud.hadoop.repackaged.gcs.io.grpc.internal.ExponentialBackoffPolicy$Provider
 742:            13            416  com.google.cloud.hadoop.repackaged.gcs.io.grpc.xds.ClusterImplLoadBalancer$ClusterImplLbHelper$RequestLimitingSubchannelPicker
 743:            13            416  java.nio.file.attribute.FileTime (java.base@11.0.20.1)
 744:            13            416  java.util.concurrent.CountDownLatch$Sync (java.base@11.0.20.1)
 745:            13            416  sun.nio.fs.UnixFileKey (java.base@11.0.20.1)
 746:            13            416  sun.security.jca.ProviderConfig (java.base@11.0.20.1)
 747:            26            416  sun.security.x509.KeyIdentifier (java.base@11.0.20.1)
 748:            13            416  sun.security.x509.SubjectKeyIdentifierExtension (java.base@11.0.20.1)
 749:             3            408  com.google.cloud.hadoop.repackaged.gcs.com.google.api.client.http.HttpHeaders
 750:            17            408  com.google.cloud.hadoop.repackaged.gcs.com.google.api.gax.rpc.StatusCode$Code
 751:            17            408  com.google.cloud.hadoop.repackaged.gcs.com.google.cloud.storage.GrpcToHttpStatusCodeTranslation$StatusCodeMapping
 752:             3            408  com.google.cloud.hadoop.repackaged.gcs.com.lmax.disruptor.Sequence
 753:            17            408  com.google.cloud.hadoop.repackaged.gcs.io.opencensus.trace.Status
 754:            17            408  com.google.cloud.hadoop.repackaged.gcs.io.opencensus.trace.Status$CanonicalCode
 755:            17            408  sun.nio.ch.OptionKey (java.base@11.0.20.1)
 756:            17            408  sun.nio.ch.SocketOptionRegistry$RegistryKey (java.base@11.0.20.1)
 757:             2            400  [Lcom.google.cloud.hadoop.fs.gcs.GhfsStatistic;
 758:             5            400  [Lcom.google.cloud.hadoop.repackaged.gcs.io.grpc.netty.shaded.io.netty.handler.codec.CodecOutputList;
 759:            18            400  [Ljava.lang.reflect.Type; (java.base@11.0.20.1)
 760:            10            400  com.google.cloud.hadoop.repackaged.gcs.com.google.common.flogger.backend.FormatChar
 761:            10            400  com.google.cloud.hadoop.repackaged.gcs.io.grpc.xds.shaded.io.envoyproxy.envoy.config.cluster.v3.LoadBalancingPolicy$Policy
 762:            10            400  java.lang.OutOfMemoryError (java.base@11.0.20.1)
 763:             7            392  com.google.cloud.hadoop.repackaged.gcs.io.grpc.xds.shaded.io.envoyproxy.envoy.config.core.v3.ConfigSource
 764:            12            384  com.google.cloud.hadoop.repackaged.gcs.io.grpc.internal.ClientCallImpl$ClientStreamListenerImpl$1MessagesAvailable
 765:            12            384  com.google.cloud.hadoop.repackaged.gcs.io.grpc.xds.WeightedRandomPicker
 766:            12            384  com.google.cloud.hadoop.repackaged.gcs.io.grpc.xds.WeightedTargetLoadBalancer$ChildHelper
 767:            12            384  com.google.cloud.hadoop.repackaged.gcs.io.grpc.xds.WrrLocalityLoadBalancer
 768:            12            384  com.google.cloud.hadoop.repackaged.gcs.io.grpc.xds.orca.OrcaOobUtil$OrcaReportingHelper
 769:             6            384  java.lang.ClassValue$ClassValueMap (java.base@11.0.20.1)
 770:            16            384  java.lang.NamedPackage (java.base@11.0.20.1)
 771:            12            384  java.util.concurrent.atomic.AtomicIntegerFieldUpdater$AtomicIntegerFieldUpdaterImpl (java.base@11.0.20.1)
 772:             6            384  org.apache.hadoop.metrics2.util.SampleStat
 773:             6            384  org.conscrypt.AbstractSessionContext$1
 774:            16            384  sun.security.x509.AccessDescription (java.base@11.0.20.1)
 775:            12            384  sun.security.x509.DistributionPoint (java.base@11.0.20.1)
 776:            12            384  sun.security.x509.KeyUsageExtension (java.base@11.0.20.1)
 777:             1            376  java.lang.ref.Finalizer$FinalizerThread (java.base@11.0.20.1)
 778:             1            376  java.util.logging.LogManager$Cleaner (java.logging@11.0.20.1)
 779:             1            368  java.lang.ref.Reference$ReferenceHandler (java.base@11.0.20.1)
 780:            23            368  java.time.format.DateTimeFormatterBuilder$CharLiteralPrinterParser (java.base@11.0.20.1)
 781:            23            368  java.util.HashMap$Values (java.base@11.0.20.1)
 782:             1            368  org.apache.hadoop.util.ShutdownHookManager$1
 783:            15            360  com.google.cloud.hadoop.repackaged.gcs.io.grpc.xds.AutoValue_Endpoints_LocalityLbEndpoints
 784:            15            360  com.google.cloud.hadoop.repackaged.gcs.io.grpc.xds.WeightedRoundRobinLoadBalancer$StaticStrideScheduler
 785:             9            360  com.google.cloud.hadoop.repackaged.gcs.io.grpc.xds.XdsClient$ResourceMetadata
 786:             9            360  com.google.cloud.hadoop.repackaged.gcs.io.opencensus.trace.export.SampledSpanStore$LatencyBucketBoundaries
 787:             9            360  java.util.Collections$SingletonMap (java.base@11.0.20.1)
 788:            15            360  java.util.regex.Pattern$Dollar (java.base@11.0.20.1)
 789:             4            352  com.google.cloud.hadoop.repackaged.gcs.io.grpc.xds.shaded.io.envoyproxy.envoy.config.route.v3.Route
 790:            11            352  java.lang.ClassValue$Entry (java.base@11.0.20.1)
 791:            11            352  java.util.Spliterators$ArraySpliterator (java.base@11.0.20.1)
 792:            11            352  java.util.stream.ReduceOps$10 (java.base@11.0.20.1)
 793:            11            352  java.util.stream.ReduceOps$8ReducingSink (java.base@11.0.20.1)
 794:             4            352  org.conscrypt.SSLParametersImpl
 795:            16            344  [Ljava.lang.StackTraceElement; (java.base@11.0.20.1)
 796:             2            336  com.google.cloud.hadoop.repackaged.gcs.com.google.cloud.hadoop.gcsio.AutoValue_GoogleCloudStorageOptions
 797:             3            336  com.google.cloud.hadoop.repackaged.gcs.io.grpc.netty.shaded.io.grpc.netty.NettyClientTransport$3
 798:            14            336  com.google.cloud.hadoop.repackaged.gcs.io.grpc.netty.shaded.io.netty.handler.codec.http2.HpackStaticTable$HeaderIndex
 799:             6            336  java.nio.DirectLongBufferU (java.base@11.0.20.1)
 800:             1            328  java.util.concurrent.ForkJoinPool (java.base@11.0.20.1)
 801:            10            320  [Ljava.lang.invoke.LambdaFormEditor$Transform; (java.base@11.0.20.1)
 802:             4            320  [Ljava.util.concurrent.RunnableScheduledFuture; (java.base@11.0.20.1)
 803:            10            320  com.google.cloud.hadoop.repackaged.gcs.com.fasterxml.jackson.core.JsonGenerator$Feature
 804:             8            320  com.google.cloud.hadoop.repackaged.gcs.com.google.api.client.http.UriTemplate$CompositeOutput
 805:             4            320  com.google.cloud.hadoop.repackaged.gcs.com.google.common.cache.LocalCache$Segment
 806:             8            320  com.google.cloud.hadoop.repackaged.gcs.com.google.common.util.concurrent.ThreadFactoryBuilder$1
 807:             4            320  com.google.cloud.hadoop.repackaged.gcs.io.grpc.netty.shaded.io.grpc.netty.NettyChannelBuilder$NettyTransportFactory
 808:            10            320  com.google.cloud.hadoop.repackaged.gcs.io.grpc.netty.shaded.io.netty.buffer.PoolThreadCache$NormalMemoryRegionCache
 809:             5            320  com.google.cloud.hadoop.repackaged.gcs.io.grpc.xds.shaded.io.envoyproxy.envoy.config.cluster.v3.CircuitBreakers$Thresholds
 810:            10            320  com.google.cloud.hadoop.repackaged.gcs.io.grpc.xds.shaded.udpa.annotations.Security$FieldSecurityAnnotation
 811:            10            320  com.google.cloud.hadoop.repackaged.gcs.io.grpc.xds.shaded.xds.annotations.v3.Status$FieldStatusAnnotation
 812:             4            320  java.lang.invoke.BoundMethodHandle$Species_LLLLLLLLLLLLL (java.base@11.0.20.1)
 813:             5            320  java.nio.DirectByteBufferR (java.base@11.0.20.1)
 814:             8            320  java.util.EnumMap (java.base@11.0.20.1)
 815:             4            320  java.util.concurrent.ScheduledThreadPoolExecutor (java.base@11.0.20.1)
 816:            10            320  org.apache.hadoop.fs.Statistic
 817:            10            320  sun.security.util.DisabledAlgorithmConstraints$KeySizeConstraint (java.base@11.0.20.1)
 818:            10            320  sun.security.x509.BasicConstraintsExtension (java.base@11.0.20.1)
 819:             3            312  com.google.cloud.hadoop.repackaged.gcs.com.google.storage.v2.ReadObjectRequest
 820:             3            312  com.google.cloud.hadoop.repackaged.gcs.io.grpc.census.CensusStatsModule$ClientTracer
 821:            13            312  com.google.cloud.hadoop.repackaged.gcs.io.grpc.xds.PriorityLoadBalancer$ChildLbState$ChildHelper
 822:             3            312  com.google.cloud.hadoop.repackaged.gcs.io.grpc.xds.shaded.io.envoyproxy.envoy.config.route.v3.VirtualHost
 823:            13            312  org.apache.log4j.Level
 824:            13            312  sun.security.util.Cache$EqualByteArray (java.base@11.0.20.1)
 825:            13            312  sun.security.x509.CertificateExtensions (java.base@11.0.20.1)
 826:            13            312  sun.security.x509.CertificateValidity (java.base@11.0.20.1)
 827:            13            304  [Ljava.security.ProtectionDomain; (java.base@11.0.20.1)
 828:            19            304  com.google.cloud.hadoop.repackaged.gcs.com.google.common.flogger.GoogleLogger
 829:            19            304  com.google.cloud.hadoop.repackaged.gcs.com.google.common.flogger.backend.system.SimpleLoggerBackend
 830:            19            304  java.lang.ThreadLocal (java.base@11.0.20.1)
 831:            19            304  java.util.regex.Pattern$CharPredicate$$Lambda$32/0x0000000800165440 (java.base@11.0.20.1)
 832:            19            304  jdk.internal.reflect.BootstrapConstructorAccessorImpl (java.base@11.0.20.1)
 833:            19            304  sun.security.x509.CertificatePolicyId (java.base@11.0.20.1)
 834:            12            288  com.google.cloud.hadoop.repackaged.gcs.com.google.api.client.json.JsonToken
 835:            12            288  com.google.cloud.hadoop.repackaged.gcs.com.google.cloud.storage.Crc32cValue$Crc32cLengthKnown
 836:             2            288  com.google.cloud.hadoop.repackaged.gcs.com.google.storage.v2.Object
 837:            12            288  com.google.cloud.hadoop.repackaged.gcs.io.grpc.LoadBalancer$ResolvedAddresses
 838:             9            288  com.google.cloud.hadoop.repackaged.gcs.io.grpc.Metadata$BinaryKey
 839:            12            288  com.google.cloud.hadoop.repackaged.gcs.io.grpc.internal.AbstractStream$TransportState$1RequestRunnable
 840:            12            288  com.google.cloud.hadoop.repackaged.gcs.io.grpc.netty.shaded.io.netty.channel.unix.FileDescriptor
 841:            12            288  com.google.cloud.hadoop.repackaged.gcs.io.grpc.xds.WeightedRandomPicker$WeightedChildPicker
 842:            12            288  com.google.cloud.hadoop.repackaged.gcs.io.grpc.xds.WeightedRoundRobinLoadBalancer$WrrHelper
 843:            12            288  com.google.cloud.hadoop.repackaged.gcs.io.grpc.xds.WeightedTargetLoadBalancerProvider$WeightedPolicySelection
 844:             4            288  com.google.cloud.hadoop.repackaged.gcs.io.grpc.xds.shaded.io.envoyproxy.envoy.config.route.v3.RouteMatch
 845:             6            288  java.beans.BeanDescriptor (java.desktop@11.0.20.1)
 846:             9            288  java.lang.invoke.VarHandleInts$FieldInstanceReadWrite (java.base@11.0.20.1)
 847:            12            288  java.net.StandardSocketOptions$StdSocketOption (java.base@11.0.20.1)
 848:             4            288  java.security.SecureRandom (java.base@11.0.20.1)
 849:             2            288  java.text.DecimalFormat (java.base@11.0.20.1)
 850:             4            288  java.util.ResourceBundle$CacheKey (java.base@11.0.20.1)
 851:            12            288  java.util.concurrent.Executors$DefaultThreadFactory (java.base@11.0.20.1)
 852:             4            288  java.util.concurrent.ScheduledThreadPoolExecutor$ScheduledFutureTask (java.base@11.0.20.1)
 853:             9            288  java.util.logging.Level (java.logging@11.0.20.1)
 854:             9            288  java.util.logging.Level$KnownLevel (java.logging@11.0.20.1)
 855:             4            288  java.util.regex.Matcher (java.base@11.0.20.1)
 856:             9            288  jdk.internal.org.objectweb.asm.Type (java.base@11.0.20.1)
 857:             9            288  org.apache.hadoop.metrics2.util.SampleStat$MinMax
 858:            12            288  org.conscrypt.HostProperties$Architecture
 859:             9            288  sun.reflect.annotation.AnnotationType (java.base@11.0.20.1)
 860:            12            288  sun.reflect.generics.factory.CoreReflectionFactory (java.base@11.0.20.1)
 861:             6            288  sun.security.rsa.RSAPublicKeyImpl (java.base@11.0.20.1)
 862:             9            288  sun.security.ssl.ProtocolVersion (java.base@11.0.20.1)
 863:             9            288  sun.security.x509.ExtendedKeyUsageExtension (java.base@11.0.20.1)
 864:             1            280  [Ljava.lang.invoke.LambdaForm$Kind; (java.base@11.0.20.1)
 865:             7            280  com.google.cloud.hadoop.repackaged.gcs.com.google.protobuf.DescriptorProtos$FieldOptions$EditionDefault
 866:             7            280  com.google.cloud.hadoop.repackaged.gcs.io.grpc.netty.shaded.io.netty.handler.codec.DefaultHeaders$HeaderEntry
 867:             7            280  com.google.cloud.hadoop.repackaged.gcs.io.grpc.netty.shaded.io.netty.util.internal.ObjectPool$RecyclerObjectPool$1
 868:             7            280  com.google.cloud.hadoop.repackaged.gcs.io.grpc.xds.ClusterImplLoadBalancerProvider$ClusterImplConfig
 869:             7            280  java.lang.invoke.DirectMethodHandle$Constructor (java.base@11.0.20.1)
 870:             1            272  [Lcom.google.cloud.hadoop.repackaged.gcs.io.grpc.netty.shaded.io.netty.handler.codec.http2.HpackStaticTable$HeaderIndex;
 871:            17            272  com.google.cloud.hadoop.repackaged.gcs.com.google.api.gax.grpc.AutoValue_GrpcStatusCode
 872:            17            272  com.google.cloud.hadoop.repackaged.gcs.io.grpc.netty.shaded.io.netty.channel.$Proxy9
 873:            17            272  sun.invoke.util.ValueConversions$WrapperCache (java.base@11.0.20.1)
 874:             6            264  [Ljava.beans.PropertyDescriptor; (java.desktop@11.0.20.1)
 875:            11            264  [Ljava.util.concurrent.atomic.Striped64$Cell; (java.base@11.0.20.1)
 876:            11            264  com.google.cloud.hadoop.repackaged.gcs.com.google.gson.internal.bind.TypeAdapters$31
 877:            11            264  com.google.cloud.hadoop.repackaged.gcs.io.grpc.CallOptions$Key
 878:            11            264  com.google.cloud.hadoop.repackaged.gcs.io.grpc.ClientInterceptors$InterceptorChannel
 879:            11            264  com.google.cloud.hadoop.repackaged.gcs.io.grpc.internal.RetriableStream$Sublistener$4
 880:             3            264  com.google.cloud.hadoop.repackaged.gcs.io.grpc.xds.shaded.io.envoyproxy.envoy.config.route.v3.RouteConfiguration
 881:             3            264  com.google.cloud.hadoop.repackaged.gcs.io.grpc.xds.shaded.io.envoyproxy.envoy.extensions.filters.http.fault.v3.HTTPFault
 882:            11            264  java.lang.invoke.MethodHandleImpl$Intrinsic (java.base@11.0.20.1)
 883:            11            264  java.util.Collections$SynchronizedSet (java.base@11.0.20.1)
 884:            11            264  java.util.regex.Pattern$StartS (java.base@11.0.20.1)
 885:            11            264  java.util.stream.ReferencePipeline$5$1 (java.base@11.0.20.1)
 886:            11            264  org.bouncycastle.jcajce.provider.asymmetric.ec.KeyFactorySpi$EC
 887:            11            264  org.conscrypt.HostProperties$OperatingSystem
 888:            11            264  sun.reflect.generics.scope.ClassScope (java.base@11.0.20.1)
 889:             4            256  com.google.cloud.hadoop.repackaged.gcs.com.google.api.ResourceDescriptor
 890:             8            256  com.google.cloud.hadoop.repackaged.gcs.com.google.common.base.Splitter
 891:             4            256  com.google.cloud.hadoop.repackaged.gcs.io.grpc.internal.DelayedClientTransport
 892:             8            256  com.google.cloud.hadoop.repackaged.gcs.io.grpc.netty.shaded.io.netty.channel.AbstractChannelHandlerContext$WriteTask
 893:             4            256  com.google.cloud.hadoop.repackaged.gcs.io.grpc.xds.PriorityLoadBalancer
 894:             8            256  java.lang.reflect.ProxyGenerator$PrimitiveTypeInfo (java.base@11.0.20.1)
 895:             8            256  java.security.cert.PolicyQualifierInfo (java.base@11.0.20.1)
 896:             8            256  java.util.ImmutableCollections$MapN (java.base@11.0.20.1)
 897:             8            256  java.util.ResourceBundle$KeyElementReference (java.base@11.0.20.1)
 898:             8            256  java.util.concurrent.atomic.AtomicLongFieldUpdater$CASUpdater (java.base@11.0.20.1)
 899:             8            256  java.util.concurrent.atomic.AtomicReferenceFieldUpdater$AtomicReferenceFieldUpdaterImpl (java.base@11.0.20.1)
 900:             2            256  org.apache.hadoop.thirdparty.com.google.common.cache.LocalCache
 901:             8            256  org.apache.log4j.helpers.COWArrayList
 902:             8            256  sun.security.x509.AuthorityInfoAccessExtension (java.base@11.0.20.1)
 903:             8            256  sun.security.x509.CRLDistributionPointsExtension (java.base@11.0.20.1)
 904:             8            256  sun.security.x509.CertificatePoliciesExtension (java.base@11.0.20.1)
 905:             6            240  [F (java.base@11.0.20.1)
 906:             4            240  [[J (java.base@11.0.20.1)
 907:             6            240  com.google.cloud.hadoop.repackaged.gcs.com.google.api.client.util.DataMap$EntryIterator
 908:             5            240  com.google.cloud.hadoop.repackaged.gcs.com.google.common.io.BaseEncoding$Alphabet
 909:            10            240  com.google.cloud.hadoop.repackaged.gcs.com.google.gson.stream.JsonToken
 910:            10            240  com.google.cloud.hadoop.repackaged.gcs.com.google.protobuf.DescriptorProtos$FieldOptions$OptionTargetType
 911:             5            240  com.google.cloud.hadoop.repackaged.gcs.com.google.protobuf.DescriptorProtos$ServiceDescriptorProto
 912:             3            240  com.google.cloud.hadoop.repackaged.gcs.io.grpc.census.CensusStatsModule$CallAttemptsTracerFactory
 913:             3            240  com.google.cloud.hadoop.repackaged.gcs.io.grpc.grpclb.GrpclbNameResolver
 914:             3            240  com.google.cloud.hadoop.repackaged.gcs.io.grpc.internal.MessageDeframer
 915:            10            240  com.google.cloud.hadoop.repackaged.gcs.io.grpc.netty.shaded.io.netty.buffer.SimpleLeakAwareByteBuf
 916:             3            240  com.google.cloud.hadoop.repackaged.gcs.io.grpc.netty.shaded.io.netty.handler.ssl.OpenSslClientContext
 917:             6            240  com.google.cloud.hadoop.repackaged.gcs.io.grpc.xds.AutoValue_VirtualHost_Route_RouteAction
 918:             5            240  com.google.cloud.hadoop.repackaged.gcs.io.grpc.xds.shaded.io.envoyproxy.envoy.config.endpoint.v3.ClusterLoadAssignment
 919:             6            240  java.beans.GenericBeanInfo (java.desktop@11.0.20.1)
 920:            10            240  java.lang.StringCoding$Result (java.base@11.0.20.1)
 921:             3            240  java.lang.invoke.BoundMethodHandle$Species_LLLLLLLLIILL (java.base@11.0.20.1)
 922:            10            240  java.nio.charset.CoderResult (java.base@11.0.20.1)
 923:            10            240  java.nio.file.StandardOpenOption (java.base@11.0.20.1)
 924:            10            240  java.security.CryptoPrimitive (java.base@11.0.20.1)
 925:             5            240  java.util.concurrent.LinkedBlockingQueue (java.base@11.0.20.1)
 926:            15            240  java.util.regex.Pattern$Begin (java.base@11.0.20.1)
 927:             3            240  org.apache.hadoop.metrics2.lib.MutableRate
 928:             1            240  sun.net.www.protocol.https.DelegateHttpsURLConnection (java.base@11.0.20.1)
 929:             3            240  sun.net.www.protocol.jar.URLJarFile (java.base@11.0.20.1)
 930:             5            240  sun.nio.cs.StreamEncoder (java.base@11.0.20.1)
 931:            10            240  sun.reflect.generics.reflectiveObjects.ParameterizedTypeImpl (java.base@11.0.20.1)
 932:            15            240  sun.security.x509.GeneralNames (java.base@11.0.20.1)
 933:             5            240  sun.util.locale.provider.LocaleResources$ResourceReference (java.base@11.0.20.1)
 934:             3            232  [Lcom.google.cloud.hadoop.repackaged.gcs.com.google.common.flogger.backend.FormatChar;
 935:             5            224  [Ljava.lang.invoke.LambdaForm$NamedFunction; (java.base@11.0.20.1)
 936:             4            224  com.google.cloud.hadoop.repackaged.gcs.com.google.api.HttpRule
 937:             7            224  com.google.cloud.hadoop.repackaged.gcs.com.google.api.client.util.ArrayMap
 938:             4            224  com.google.cloud.hadoop.repackaged.gcs.com.google.api.gax.grpc.GrpcCallContext
 939:             7            224  com.google.cloud.hadoop.repackaged.gcs.io.grpc.netty.shaded.io.netty.util.concurrent.DefaultPromise
 940:             4            224  com.google.cloud.hadoop.repackaged.gcs.io.grpc.xds.ClusterResolverLoadBalancer
 941:             7            224  com.google.cloud.hadoop.repackaged.gcs.io.grpc.xds.shaded.io.envoyproxy.envoy.config.cluster.v3.LoadBalancingPolicy
 942:             4            224  com.google.cloud.hadoop.repackaged.gcs.io.grpc.xds.shaded.io.envoyproxy.envoy.extensions.load_balancing_policies.client_side_weighted_round_robin.v3.ClientSideWeightedRoundRobin
 943:             7            224  com.sun.beans.introspect.ClassInfo (java.desktop@11.0.20.1)
 944:             7            224  java.lang.StringBuffer (java.base@11.0.20.1)
 945:             7            224  java.util.ServiceLoader$ProviderImpl (java.base@11.0.20.1)
 946:             4            216  [Lcom.google.cloud.hadoop.repackaged.gcs.com.google.protobuf.Descriptors$MethodDescriptor;
 947:            11            216  [Ljava.security.CodeSigner; (java.base@11.0.20.1)
 948:             9            216  com.google.cloud.hadoop.repackaged.gcs.com.google.protobuf.Descriptors$FieldDescriptor$JavaType
 949:             9            216  com.google.cloud.hadoop.repackaged.gcs.com.google.protobuf.WireFormat$JavaType
 950:             3            216  com.google.cloud.hadoop.repackaged.gcs.io.grpc.internal.ClientCallImpl
 951:             9            216  com.google.cloud.hadoop.repackaged.gcs.io.opencensus.implcore.trace.export.InProcessSampledSpanStoreImpl$PerSpanNameSamples
 952:             9            216  java.lang.invoke.VarForm (java.base@11.0.20.1)
 953:             9            216  java.nio.file.attribute.PosixFilePermission (java.base@11.0.20.1)
 954:             3            216  java.text.DecimalFormatSymbols (java.base@11.0.20.1)
 955:             3            216  sun.security.provider.NativePRNG$RandomIO (java.base@11.0.20.1)
 956:             9            216  sun.security.util.BitArray (java.base@11.0.20.1)
 957:             9            216  sun.util.logging.PlatformLogger$Level (java.base@11.0.20.1)
 958:             3            208  [Ljava.lang.Thread; (java.base@11.0.20.1)
 959:             2            208  com.google.cloud.hadoop.repackaged.gcs.com.google.cloud.hadoop.gcsio.AutoValue_GoogleCloudStorageReadOptions
 960:            13            208  com.google.cloud.hadoop.repackaged.gcs.io.grpc.xds.PriorityLoadBalancer$ChildLbState$FailOverTask
 961:             2            208  com.google.cloud.hadoop.repackaged.gcs.io.grpc.xds.XdsNameResolver
 962:            13            208  java.util.LinkedHashMap$LinkedValues (java.base@11.0.20.1)
 963:            13            208  java.util.concurrent.ConcurrentHashMap$EntrySetView (java.base@11.0.20.1)
 964:            13            208  java.util.concurrent.CountDownLatch (java.base@11.0.20.1)
 965:             2            208  org.conscrypt.OpenSSLProvider
 966:             2            208  org.wildfly.openssl.OpenSSLProvider
 967:             2            208  sun.security.provider.Sun (java.base@11.0.20.1)
 968:            13            208  sun.security.x509.CertificateAlgorithmId (java.base@11.0.20.1)
 969:            13            208  sun.security.x509.CertificateSerialNumber (java.base@11.0.20.1)
 970:            13            208  sun.security.x509.CertificateVersion (java.base@11.0.20.1)
 971:            13            208  sun.security.x509.CertificateX509Key (java.base@11.0.20.1)
 972:            13            208  sun.security.x509.SerialNumber (java.base@11.0.20.1)
 973:             5            200  com.google.cloud.hadoop.repackaged.gcs.io.grpc.internal.ManagedChannelServiceConfig
 974:             5            200  com.google.cloud.hadoop.repackaged.gcs.io.grpc.internal.RetriableStream$State
 975:             5            200  com.google.cloud.hadoop.repackaged.gcs.io.grpc.netty.shaded.io.netty.handler.ssl.util.LazyX509Certificate
 976:             5            200  com.google.cloud.hadoop.repackaged.gcs.io.grpc.xds.shaded.io.envoyproxy.envoy.config.cluster.v3.CircuitBreakers
 977:             5            200  com.google.cloud.hadoop.repackaged.gcs.io.grpc.xds.shaded.io.envoyproxy.envoy.extensions.filters.network.http_connection_manager.v3.HttpFilter
 978:             5            200  java.lang.RuntimeException (java.base@11.0.20.1)
 979:             5            200  java.lang.invoke.MethodHandleImpl$IntrinsicMethodHandle (java.base@11.0.20.1)
 980:             5            200  java.util.concurrent.CancellationException (java.base@11.0.20.1)
 981:             5            200  java.util.stream.StreamOpFlag (java.base@11.0.20.1)
 982:             5            200  sun.security.ssl.CipherSuite$MacAlg (java.base@11.0.20.1)
 983:             4            192  [Lcom.google.cloud.hadoop.repackaged.gcs.io.grpc.netty.shaded.io.netty.buffer.PoolArena;
 984:             3            192  [[Ljava.lang.String; (java.base@11.0.20.1)
 985:             8            192  com.google.cloud.hadoop.repackaged.gcs.com.google.api.client.util.ArrayMap$EntryIterator
 986:             6            192  com.google.cloud.hadoop.repackaged.gcs.com.google.api.client.util.DataMap
 987:             8            192  com.google.cloud.hadoop.repackaged.gcs.com.google.api.client.util.DataMap$Entry
 988:             8            192  com.google.cloud.hadoop.repackaged.gcs.com.google.api.client.util.escape.PercentEscaper
 989:             2            192  com.google.cloud.hadoop.repackaged.gcs.com.google.api.gax.grpc.InstantiatingGrpcChannelProvider
 990:             8            192  com.google.cloud.hadoop.repackaged.gcs.com.google.cloud.BaseServiceException$Error
 991:             4            192  com.google.cloud.hadoop.repackaged.gcs.com.google.common.collect.MapMakerInternalMap$WeakKeyStrongValueSegment
 992:            12            192  com.google.cloud.hadoop.repackaged.gcs.com.google.protobuf.GeneratedMessageV3$Builder$BuilderParentImpl
 993:            12            192  com.google.cloud.hadoop.repackaged.gcs.com.google.protobuf.MapEntry$Metadata$1
 994:             1            192  com.google.cloud.hadoop.repackaged.gcs.com.google.storage.v2.stub.StorageStubSettings
 995:             8            192  com.google.cloud.hadoop.repackaged.gcs.io.grpc.Metadata
 996:             4            192  com.google.cloud.hadoop.repackaged.gcs.io.grpc.NameResolver$Args
 997:             8            192  com.google.cloud.hadoop.repackaged.gcs.io.grpc.SynchronizationContext
 998:             8            192  com.google.cloud.hadoop.repackaged.gcs.io.grpc.internal.CallCredentialsApplyingTransportFactory
 999:             8            192  com.google.cloud.hadoop.repackaged.gcs.io.grpc.internal.ManagedChannelImpl$ExecutorHolder
1000:             4            192  com.google.cloud.hadoop.repackaged.gcs.io.grpc.internal.ManagedChannelOrphanWrapper$ManagedChannelReference
1001:            12            192  com.google.cloud.hadoop.repackaged.gcs.io.grpc.internal.MessageDeframer$SingleMessageProducer
1002:             3            192  com.google.cloud.hadoop.repackaged.gcs.io.grpc.internal.MessageFramer
1003:            12            192  com.google.cloud.hadoop.repackaged.gcs.io.grpc.internal.ReadableBuffers$BufferInputStream
1004:             4            192  com.google.cloud.hadoop.repackaged.gcs.io.grpc.internal.Rescheduler
1005:             6            192  com.google.cloud.hadoop.repackaged.gcs.io.grpc.netty.shaded.io.netty.handler.codec.http2.Http2Headers$PseudoHeaderName
1006:             3            192  com.google.cloud.hadoop.repackaged.gcs.io.grpc.netty.shaded.io.netty.handler.ssl.OpenSslSessionCache$1
1007:             6            192  com.google.cloud.hadoop.repackaged.gcs.io.grpc.xds.AutoValue_VirtualHost_Route_RouteMatch_PathMatcher
1008:             4            192  com.google.cloud.hadoop.repackaged.gcs.io.grpc.xds.CdsLoadBalancer2
1009:             4            192  com.google.cloud.hadoop.repackaged.gcs.io.grpc.xds.ClusterResolverLoadBalancer$ClusterResolverLbState
1010:             3            192  com.google.cloud.hadoop.repackaged.gcs.io.grpc.xds.ClusterResolverLoadBalancer$ClusterResolverLbState$EdsClusterState
1011:             4            192  com.google.cloud.hadoop.repackaged.gcs.io.grpc.xds.ClusterResolverLoadBalancerProvider$ClusterResolverConfig$DiscoveryMechanism
1012:             8            192  com.google.cloud.hadoop.repackaged.gcs.io.grpc.xds.Filter$NamedFilterConfig
1013:            12            192  com.google.cloud.hadoop.repackaged.gcs.io.grpc.xds.WeightedRoundRobinLoadBalancer$UpdateWeightTask
1014:             1            192  com.google.cloud.hadoop.repackaged.gcs.io.grpc.xds.shaded.io.envoyproxy.envoy.api.v2.Cluster
1015:             8            192  com.google.cloud.hadoop.repackaged.gcs.io.grpc.xds.shaded.io.envoyproxy.envoy.config.cluster.v3.Cluster$LbPolicy
1016:             2            192  com.google.cloud.hadoop.repackaged.gcs.io.grpc.xds.shaded.io.envoyproxy.pgv.validate.Validate$BytesRules
1017:             8            192  com.sun.beans.introspect.PropertyInfo$Name (java.desktop@11.0.20.1)
1018:             6            192  com.sun.beans.util.Cache$CacheEntry (java.desktop@11.0.20.1)
1019:             6            192  java.lang.invoke.LambdaForm$BasicType (java.base@11.0.20.1)
1020:             8            192  java.math.RoundingMode (java.base@11.0.20.1)
1021:             8            192  java.net.NetPermission (java.base@11.0.20.1)
1022:             8            192  java.security.cert.CertificateFactory (java.base@11.0.20.1)
1023:             6            192  java.time.format.TextStyle (java.base@11.0.20.1)
1024:             6            192  java.util.ArrayList$Itr (java.base@11.0.20.1)
1025:             4            192  java.util.LongSummaryStatistics (java.base@11.0.20.1)
1026:             4            192  java.util.ResourceBundle$BundleReference (java.base@11.0.20.1)
1027:             8            192  java.util.concurrent.ConcurrentSkipListMap$Node (java.base@11.0.20.1)
1028:             4            192  java.util.concurrent.locks.ReentrantReadWriteLock$NonfairSync (java.base@11.0.20.1)
1029:             6            192  jdk.internal.loader.BuiltinClassLoader$1 (java.base@11.0.20.1)
1030:             8            192  org.apache.hadoop.conf.Configuration$DeprecationDelta
1031:             8            192  org.apache.hadoop.fs.permission.FsAction
1032:             8            192  org.apache.hadoop.metrics2.impl.MsInfo
1033:             6            192  org.apache.hadoop.security.UserGroupInformation$AuthenticationMethod
1034:             8            192  org.apache.hadoop.thirdparty.com.google.common.cache.LocalCache$WriteQueue$1
1035:             8            192  org.apache.hadoop.thirdparty.com.google.common.collect.ImmutableMapEntry
1036:             4            192  org.apache.hadoop.thirdparty.com.google.common.collect.MapMakerInternalMap$StrongKeyDummyValueSegment
1037:             6            192  org.bouncycastle.jcajce.provider.config.ProviderConfigurationPermission
1038:             8            192  org.conscrypt.OpenSSLX509CertificateFactory
1039:            12            192  org.conscrypt.TrustedCertificateIndex
1040:             6            192  org.xbill.DNS.Name
1041:             3            192  sun.text.normalizer.Trie2_16 (java.base@11.0.20.1)
1042:             2            176  [Lcom.google.cloud.hadoop.repackaged.gcs.com.google.protobuf.DescriptorProtos$FieldDescriptorProto$Type;
1043:             2            176  [Lcom.google.cloud.hadoop.repackaged.gcs.com.google.protobuf.Descriptors$FieldDescriptor$Type;
1044:             2            176  [Lcom.google.cloud.hadoop.repackaged.gcs.com.google.protobuf.WireFormat$FieldType;
1045:             2            176  [Lcom.google.cloud.hadoop.repackaged.gcs.io.grpc.Status$Code;
1046:             8            176  [Lsun.reflect.generics.tree.FieldTypeSignature; (java.base@11.0.20.1)
1047:             2            176  com.google.cloud.hadoop.repackaged.gcs.com.google.cloud.hadoop.util.AutoValue_AsyncWriteChannelOptions
1048:             2            176  com.google.cloud.hadoop.repackaged.gcs.com.google.gson.Gson
1049:             2            176  com.google.cloud.hadoop.repackaged.gcs.io.grpc.xds.shaded.com.github.xds.data.orca.v3.OrcaLoadReport
1050:            11            176  java.util.Formatter$Flags (java.base@11.0.20.1)
1051:            11            176  java.util.TreeMap$Values (java.base@11.0.20.1)
1052:             3            168  [Lorg.apache.hadoop.fs.Statistic;
1053:             1            168  [[Ljava.math.BigInteger; (java.base@11.0.20.1)
1054:             1            168  com.google.cloud.hadoop.repackaged.gcs.com.google.storage.v2.RewriteObjectRequest
1055:             3            168  com.google.cloud.hadoop.repackaged.gcs.io.grpc.netty.shaded.io.grpc.netty.NettyClientStream
1056:             7            168  com.google.cloud.hadoop.repackaged.gcs.io.grpc.netty.shaded.io.netty.handler.codec.http2.Http2Stream$State
1057:             7            168  com.google.cloud.hadoop.repackaged.gcs.io.grpc.netty.shaded.io.netty.util.Recycler$2
1058:             3            168  com.google.cloud.hadoop.repackaged.gcs.io.grpc.xds.LoadStatsManager2$ClusterLocalityStats
1059:             7            168  com.google.cloud.hadoop.repackaged.gcs.io.grpc.xds.PriorityLoadBalancerProvider$PriorityLbConfig$PriorityChildConfig
1060:             3            168  com.google.cloud.hadoop.repackaged.gcs.io.grpc.xds.WeightedRoundRobinLoadBalancer$WeightedRoundRobinLoadBalancerConfig
1061:             7            168  com.google.cloud.hadoop.repackaged.gcs.io.grpc.xds.shaded.io.envoyproxy.envoy.config.core.v3.HealthStatus
1062:             7            168  com.google.cloud.hadoop.repackaged.gcs.io.grpc.xds.shaded.io.envoyproxy.envoy.config.route.v3.RouteMatch$PathSpecifierCase
1063:             3            168  com.google.cloud.hadoop.repackaged.gcs.io.grpc.xds.shaded.io.envoyproxy.pgv.validate.Validate$MapRules
1064:             7            168  com.google.cloud.hadoop.repackaged.gcs.io.opencensus.metrics.export.MetricDescriptor$Type
1065:             7            168  com.google.cloud.hadoop.repackaged.gcs.io.opencensus.stats.AutoValue_Measurement_MeasurementDouble
1066:             7            168  com.sun.security.auth.UnixNumericGroupPrincipal (jdk.security.auth@11.0.20.1)
1067:             7            168  java.lang.System$Logger$Level (java.base@11.0.20.1)
1068:             7            168  java.security.cert.CertPathValidatorException$BasicReason (java.base@11.0.20.1)
1069:             3            168  java.util.ServiceLoader (java.base@11.0.20.1)
1070:             7            168  org.conscrypt.OpenSSLCipher$Mode
1071:             7            168  sun.reflect.generics.repository.FieldRepository (java.base@11.0.20.1)
1072:             7            168  sun.security.x509.NetscapeCertTypeExtension$MapEntry (java.base@11.0.20.1)
1073:             3            160  [Ljava.util.logging.Level; (java.logging@11.0.20.1)
1074:             5            160  com.google.cloud.hadoop.repackaged.gcs.com.fasterxml.jackson.core.JsonEncoding
1075:             5            160  com.google.cloud.hadoop.repackaged.gcs.com.google.api.client.util.GenericData$EntryIterator
1076:             5            160  com.google.cloud.hadoop.repackaged.gcs.com.google.common.flogger.MetadataKey
1077:            10            160  com.google.cloud.hadoop.repackaged.gcs.com.google.gson.TypeAdapter$1
1078:             5            160  com.google.cloud.hadoop.repackaged.gcs.com.google.protobuf.GeneratedMessageV3$FieldAccessorTable$RealOneofAccessor
1079:             4            160  com.google.cloud.hadoop.repackaged.gcs.com.google.protobuf.Timestamp
1080:             1            160  com.google.cloud.hadoop.repackaged.gcs.com.google.storage.v2.stub.GrpcStorageStub
1081:             5            160  com.google.cloud.hadoop.repackaged.gcs.io.grpc.Metadata$TrustedAsciiKey
1082:             4            160  com.google.cloud.hadoop.repackaged.gcs.io.grpc.census.CensusStatsModule
1083:             5            160  com.google.cloud.hadoop.repackaged.gcs.io.grpc.netty.shaded.io.netty.handler.codec.CodecOutputList$CodecOutputLists
1084:             5            160  com.google.cloud.hadoop.repackaged.gcs.io.grpc.netty.shaded.io.netty.handler.codec.http.HttpStatusClass
1085:             5            160  com.google.cloud.hadoop.repackaged.gcs.io.grpc.rls.AdaptiveThrottler$TimeBasedAccumulator$Slot
1086:             4            160  com.google.cloud.hadoop.repackaged.gcs.io.grpc.xds.SharedCallCounterMap$CounterReference
1087:             4            160  com.google.cloud.hadoop.repackaged.gcs.io.grpc.xds.shaded.io.envoyproxy.envoy.config.cluster.v3.Cluster$EdsClusterConfig
1088:             4            160  com.google.cloud.hadoop.repackaged.gcs.io.grpc.xds.shaded.io.envoyproxy.envoy.extensions.load_balancing_policies.wrr_locality.v3.WrrLocality
1089:             4            160  com.google.cloud.hadoop.repackaged.gcs.io.grpc.xds.shaded.io.envoyproxy.pgv.validate.Validate$AnyRules
1090:             5            160  com.google.cloud.hadoop.repackaged.gcs.io.grpc.xds.shaded.io.envoyproxy.pgv.validate.Validate$BoolRules
1091:             5            160  com.google.cloud.hadoop.repackaged.gcs.io.grpc.xds.shaded.xds.annotations.v3.Status$FileStatusAnnotation
1092:             2            160  java.lang.invoke.BoundMethodHandle$Species_LLLLLLLLLLLII (java.base@11.0.20.1)
1093:             5            160  java.lang.invoke.VarHandle$AccessType (java.base@11.0.20.1)
1094:             4            160  java.time.zone.ZoneRules (java.base@11.0.20.1)
1095:             5            160  java.util.ArrayList$SubList (java.base@11.0.20.1)
1096:            10            160  java.util.Collections$UnmodifiableMap$UnmodifiableEntrySet (java.base@11.0.20.1)
1097:             5            160  java.util.concurrent.SynchronousQueue (java.base@11.0.20.1)
1098:             4            160  jdk.internal.math.FloatingDecimal$BinaryToASCIIBuffer (java.base@11.0.20.1)
1099:             4            160  jdk.internal.reflect.UnsafeQualifiedStaticObjectFieldAccessorImpl (java.base@11.0.20.1)
1100:             5            160  org.apache.hadoop.security.SaslRpcServer$AuthMethod
1101:             5            160  sun.reflect.generics.repository.ClassRepository (java.base@11.0.20.1)
1102:             5            160  sun.security.ssl.NamedGroup$NamedGroupSpec (java.base@11.0.20.1)
1103:             5            160  sun.util.locale.provider.LocaleProviderAdapter$Type (java.base@11.0.20.1)
1104:             9            152  [Lorg.apache.log4j.Appender;
1105:             1            152  com.google.cloud.hadoop.repackaged.gcs.com.google.cloud.hadoop.gcsio.StorageRequestFactory$ObjectsGetMetadata
1106:             1            152  com.google.cloud.hadoop.repackaged.gcs.com.lmax.disruptor.RingBuffer
1107:             1            152  com.google.cloud.hadoop.repackaged.gcs.io.grpc.netty.shaded.io.netty.channel.nio.NioEventLoop
1108:             1            152  com.google.cloud.hadoop.repackaged.gcs.io.grpc.xds.shaded.io.envoyproxy.envoy.config.filter.network.http_connection_manager.v2.HttpConnectionManager
1109:             1            144  [Lcom.google.cloud.hadoop.repackaged.gcs.com.fasterxml.jackson.core.sym.CharsToNameCanonicalizer$Bucket;
1110:             1            144  [Lcom.google.cloud.hadoop.repackaged.gcs.com.google.cloud.storage.Storage$BlobField;
1111:             2            144  [Lcom.google.cloud.hadoop.repackaged.gcs.io.grpc.internal.GrpcUtil$Http2Error;
1112:             2            144  [Lcom.google.cloud.hadoop.repackaged.gcs.io.grpc.netty.shaded.io.netty.handler.codec.http2.Http2Error;
1113:             1            144  [Ljava.lang.invoke.VarHandle$AccessMode; (java.base@11.0.20.1)
1114:             2            144  [Ljava.math.BigDecimal; (java.base@11.0.20.1)
1115:             1            144  [Ljava.util.concurrent.ForkJoinTask$ExceptionNode; (java.base@11.0.20.1)
1116:             3            144  [Lorg.apache.hadoop.fs.permission.FsAction;
1117:             6            144  com.google.cloud.hadoop.repackaged.gcs.com.google.api.client.util.ArrayMap$Entry
1118:             9            144  com.google.cloud.hadoop.repackaged.gcs.com.google.api.gax.rpc.FirstElementCallable
1119:             9            144  com.google.cloud.hadoop.repackaged.gcs.com.google.api.gax.rpc.SpoolingCallable
1120:             6            144  com.google.cloud.hadoop.repackaged.gcs.com.google.api.gax.tracing.ApiTracerFactory$OperationType
1121:             6            144  com.google.cloud.hadoop.repackaged.gcs.com.google.api.pathtemplate.PathTemplate$SegmentKind
1122:             3            144  com.google.cloud.hadoop.repackaged.gcs.com.google.protobuf.DescriptorProtos$EnumOptions
1123:             3            144  com.google.cloud.hadoop.repackaged.gcs.com.google.protobuf.DescriptorProtos$ServiceOptions
1124:             6            144  com.google.cloud.hadoop.repackaged.gcs.io.grpc.internal.KeepAliveManager$State
1125:             9            144  com.google.cloud.hadoop.repackaged.gcs.io.grpc.internal.SharedResourcePool
1126:             2            144  com.google.cloud.hadoop.repackaged.gcs.io.grpc.lookup.v1.RouteLookupConfig
1127:             3            144  com.google.cloud.hadoop.repackaged.gcs.io.grpc.netty.shaded.io.netty.handler.codec.http2.DefaultHttp2LocalFlowController$DefaultState
1128:             3            144  com.google.cloud.hadoop.repackaged.gcs.io.grpc.util.MultiChildLoadBalancer$ChildLbState
1129:             6            144  com.google.cloud.hadoop.repackaged.gcs.io.grpc.xds.AutoValue_VirtualHost_Route
1130:             6            144  com.google.cloud.hadoop.repackaged.gcs.io.grpc.xds.AutoValue_VirtualHost_Route_RouteMatch
1131:             9            144  com.google.cloud.hadoop.repackaged.gcs.io.grpc.xds.PriorityLoadBalancer$ChildLbState$1DeletionTask
1132:             6            144  com.google.cloud.hadoop.repackaged.gcs.io.grpc.xds.ReferenceCounted
1133:             6            144  com.google.cloud.hadoop.repackaged.gcs.io.grpc.xds.XdsLogger$XdsLogLevel
1134:             6            144  com.google.cloud.hadoop.repackaged.gcs.io.grpc.xds.shaded.io.envoyproxy.envoy.config.cluster.v3.Cluster$DiscoveryType
1135:             6            144  com.google.cloud.hadoop.repackaged.gcs.io.grpc.xds.shaded.io.envoyproxy.envoy.config.route.v3.Route$ActionCase
1136:             6            144  com.google.cloud.hadoop.repackaged.gcs.io.grpc.xds.shaded.io.envoyproxy.envoy.config.route.v3.RouteAction$ClusterSpecifierCase
1137:             6            144  com.google.cloud.hadoop.repackaged.gcs.io.grpc.xds.shaded.io.envoyproxy.envoy.config.route.v3.RouteAction$HashPolicy$PolicySpecifierCase
1138:             6            144  com.google.cloud.hadoop.repackaged.gcs.io.opencensus.implcore.tags.AutoValue_TagValueWithMetadata
1139:             6            144  java.lang.Thread$State (java.base@11.0.20.1)
1140:             3            144  java.lang.ThreadGroup (java.base@11.0.20.1)
1141:             6            144  java.lang.invoke.StringConcatFactory$Strategy (java.base@11.0.20.1)
1142:             6            144  java.security.cert.CertPathValidator (java.base@11.0.20.1)
1143:             6            144  java.time.Instant (java.base@11.0.20.1)
1144:             6            144  java.time.LocalDate (java.base@11.0.20.1)
1145:             3            144  java.time.temporal.JulianFields$Field (java.base@11.0.20.1)
1146:             3            144  java.util.concurrent.ConcurrentSkipListMap (java.base@11.0.20.1)
1147:             6            144  java.util.regex.Pattern$$Lambda$189/0x0000000800325440 (java.base@11.0.20.1)
1148:             6            144  javax.net.ssl.SSLEngineResult$HandshakeStatus (java.base@11.0.20.1)
1149:             6            144  jdk.internal.perf.PerfCounter (java.base@11.0.20.1)
1150:             3            144  org.apache.hadoop.conf.Configuration
1151:             6            144  org.apache.hadoop.util.Shell$OSType
1152:             1            144  sun.security.pkcs11.SunPKCS11 (jdk.crypto.cryptoki@11.0.20.1)
1153:             6            144  sun.security.util.DisabledAlgorithmConstraints$Constraint$Operator (java.base@11.0.20.1)
1154:             3            144  sun.util.resources.Bundles$BundleReference (java.base@11.0.20.1)
1155:             1            136  [Lcom.google.cloud.hadoop.repackaged.gcs.com.google.cloud.storage.spi.v1.StorageRpc$Option;
1156:             1            136  [Ljava.time.temporal.ChronoField; (java.base@11.0.20.1)
1157:             2            136  [Lorg.apache.hadoop.thirdparty.com.google.common.collect.ImmutableMapEntry;
1158:             4            136  [Lsun.invoke.util.ValueConversions$WrapperCache; (java.base@11.0.20.1)
1159:             1            136  com.google.cloud.hadoop.repackaged.gcs.com.google.storage.v2.Bucket
1160:             1            136  com.google.cloud.hadoop.repackaged.gcs.io.grpc.netty.shaded.io.netty.handler.ssl.OpenSslEngine
1161:             1            128  [Lcom.google.cloud.hadoop.repackaged.gcs.com.google.cloud.storage.Storage$BucketField;
1162:             1            128  [Lcom.google.cloud.hadoop.repackaged.gcs.com.google.common.base.StandardSystemProperty;
1163:             6            128  [Lsun.reflect.generics.tree.FormalTypeParameter; (java.base@11.0.20.1)
1164:             2            128  com.google.cloud.hadoop.fs.gcs.GoogleHadoopFSInputStream
1165:             4            128  com.google.cloud.hadoop.repackaged.gcs.com.google.cloud.ExceptionHandler
1166:             4            128  com.google.cloud.hadoop.repackaged.gcs.com.google.cloud.hadoop.gcsio.AutoValue_ListObjectOptions
1167:             1            128  com.google.cloud.hadoop.repackaged.gcs.com.google.common.cache.LocalCache
1168:             4            128  com.google.cloud.hadoop.repackaged.gcs.com.google.protobuf.Descriptors$ServiceDescriptor
1169:             4            128  com.google.cloud.hadoop.repackaged.gcs.com.google.protobuf.IntArrayList
1170:             4            128  com.google.cloud.hadoop.repackaged.gcs.io.grpc.auth.GoogleAuthLibraryCallCredentials
1171:             4            128  com.google.cloud.hadoop.repackaged.gcs.io.grpc.census.CensusTracingModule
1172:             4            128  com.google.cloud.hadoop.repackaged.gcs.io.grpc.internal.AutoConfiguredLoadBalancerFactory$AutoConfiguredLoadBalancer
1173:             4            128  com.google.cloud.hadoop.repackaged.gcs.io.grpc.internal.BackoffPolicyRetryScheduler
1174:             4            128  com.google.cloud.hadoop.repackaged.gcs.io.grpc.internal.ManagedChannelImpl$RealChannel
1175:             4            128  com.google.cloud.hadoop.repackaged.gcs.io.grpc.internal.ManagedChannelImpl$UncommittedRetriableStreamsRegistry
1176:             4            128  com.google.cloud.hadoop.repackaged.gcs.io.grpc.internal.RetryingNameResolver
1177:             4            128  com.google.cloud.hadoop.repackaged.gcs.io.grpc.internal.ScParser
1178:             2            128  com.google.cloud.hadoop.repackaged.gcs.io.grpc.netty.shaded.io.netty.buffer.PooledByteBufAllocator
1179:             2            128  com.google.cloud.hadoop.repackaged.gcs.io.grpc.netty.shaded.io.netty.buffer.UnpooledByteBufAllocator$InstrumentedUnpooledUnsafeDirectByteBuf
1180:             2            128  com.google.cloud.hadoop.repackaged.gcs.io.grpc.netty.shaded.io.netty.buffer.UnpooledUnsafeDirectByteBuf
1181:             4            128  com.google.cloud.hadoop.repackaged.gcs.io.grpc.netty.shaded.io.netty.channel.epoll.EpollEventArray
1182:             4            128  com.google.cloud.hadoop.repackaged.gcs.io.grpc.netty.shaded.io.netty.handler.ssl.ApplicationProtocolConfig
1183:             4            128  com.google.cloud.hadoop.repackaged.gcs.io.grpc.xds.CdsLoadBalancer2$CdsLbState
1184:             4            128  com.google.cloud.hadoop.repackaged.gcs.io.grpc.xds.CdsLoadBalancer2$CdsLbState$ClusterState
1185:             4            128  com.google.cloud.hadoop.repackaged.gcs.io.grpc.xds.shaded.io.envoyproxy.envoy.config.core.v3.AggregatedConfigSource
1186:             4            128  com.google.cloud.hadoop.repackaged.gcs.io.grpc.xds.shaded.io.envoyproxy.envoy.config.core.v3.SelfConfigSource
1187:             4            128  com.google.cloud.hadoop.repackaged.gcs.io.opencensus.implcore.internal.CurrentState$InternalState
1188:             2            128  java.io.ExpiringCache$1 (java.base@11.0.20.1)
1189:             4            128  java.lang.ProcessImpl$Platform (java.base@11.0.20.1)
1190:             4            128  java.net.URI$Parser (java.base@11.0.20.1)
1191:             4            128  java.util.concurrent.ScheduledThreadPoolExecutor$DelayedWorkQueue (java.base@11.0.20.1)
1192:             2            128  javax.naming.NameImpl (java.naming@11.0.20.1)
1193:             2            128  org.apache.hadoop.metrics2.lib.Interns$CacheWith2Keys$1
1194:             8            128  org.apache.hadoop.thirdparty.com.google.common.cache.LocalCache$WriteQueue
1195:             8            128  org.apache.log4j.helpers.AppenderAttachableImpl
1196:             4            128  org.apache.log4j.helpers.PatternParser$LiteralPatternConverter
1197:             8            128  org.conscrypt.OpenSSLX509CertificateFactory$1
1198:             8            128  org.conscrypt.OpenSSLX509CertificateFactory$2
1199:             2            128  sun.net.www.http.KeepAliveStream (java.base@11.0.20.1)
1200:             4            128  sun.reflect.generics.reflectiveObjects.TypeVariableImpl (java.base@11.0.20.1)
1201:             4            128  sun.security.util.DisabledAlgorithmConstraints (java.base@11.0.20.1)
1202:             3            120  [Ljava.lang.invoke.LambdaForm$BasicType; (java.base@11.0.20.1)
1203:             5            120  [Ljava.time.ZoneOffset; (java.base@11.0.20.1)
1204:             1            120  com.ctc.wstx.api.ReaderConfig
1205:             5            120  com.ctc.wstx.util.SymbolTable$Bucket
1206:             5            120  com.google.cloud.hadoop.repackaged.gcs.com.google.api.gax.rpc.PagedCallable
1207:             5            120  com.google.cloud.hadoop.repackaged.gcs.io.grpc.ConnectivityState
1208:             5            120  com.google.cloud.hadoop.repackaged.gcs.io.grpc.MethodDescriptor$MethodType
1209:             5            120  com.google.cloud.hadoop.repackaged.gcs.io.grpc.auth.GoogleAuthLibraryCallCredentials$MethodPair
1210:             3            120  com.google.cloud.hadoop.repackaged.gcs.io.grpc.census.CensusTracingModule$ClientTracer
1211:             3            120  com.google.cloud.hadoop.repackaged.gcs.io.grpc.netty.shaded.io.netty.buffer.ReadOnlyByteBuf
1212:             5            120  com.google.cloud.hadoop.repackaged.gcs.io.grpc.netty.shaded.io.netty.handler.logging.LogLevel
1213:             3            120  com.google.cloud.hadoop.repackaged.gcs.io.grpc.netty.shaded.io.netty.handler.ssl.OpenSslClientSessionCache
1214:             3            120  com.google.cloud.hadoop.repackaged.gcs.io.grpc.netty.shaded.io.netty.handler.ssl.ReferenceCountedOpenSslClientContext$OpenSslClientSessionContext
1215:             1            120  com.google.cloud.hadoop.repackaged.gcs.io.grpc.netty.shaded.io.netty.handler.ssl.SslHandler
1216:             5            120  com.google.cloud.hadoop.repackaged.gcs.io.grpc.netty.shaded.io.netty.util.internal.ThreadExecutorMap$1
1217:             5            120  com.google.cloud.hadoop.repackaged.gcs.io.grpc.netty.shaded.io.netty.util.internal.ThreadExecutorMap$2
1218:             5            120  com.google.cloud.hadoop.repackaged.gcs.io.grpc.netty.shaded.io.netty.util.internal.logging.InternalLogLevel
1219:             5            120  com.google.cloud.hadoop.repackaged.gcs.io.grpc.rls.LruCache$EvictionType
1220:             3            120  com.google.cloud.hadoop.repackaged.gcs.io.grpc.xds.LoadStatsManager2$ClusterDropStats
1221:             5            120  com.google.cloud.hadoop.repackaged.gcs.io.grpc.xds.XdsClient$ResourceMetadata$ResourceMetadataStatus
1222:             3            120  com.google.cloud.hadoop.repackaged.gcs.io.grpc.xds.shaded.io.envoyproxy.envoy.config.listener.v3.ApiListener
1223:             5            120  com.google.cloud.hadoop.repackaged.gcs.io.opencensus.stats.AutoValue_Measurement_MeasurementLong
1224:             3            120  java.io.BufferedWriter (java.base@11.0.20.1)
1225:             3            120  java.io.FileInputStream (java.base@11.0.20.1)
1226:             5            120  java.io.OutputStreamWriter (java.base@11.0.20.1)
1227:             3            120  java.io.PrintStream (java.base@11.0.20.1)
1228:             3            120  java.lang.WeakPairMap$Pair$Weak (java.base@11.0.20.1)
1229:             5            120  java.time.LocalDateTime (java.base@11.0.20.1)
1230:             5            120  java.time.format.DateTimeFormatterBuilder$OffsetIdPrinterParser (java.base@11.0.20.1)
1231:             5            120  java.time.format.SignStyle (java.base@11.0.20.1)
1232:             5            120  java.util.Collections$SynchronizedCollection (java.base@11.0.20.1)
1233:             5            120  java.util.concurrent.LinkedBlockingQueue$Node (java.base@11.0.20.1)
1234:             5            120  java.util.stream.StreamOpFlag$Type (java.base@11.0.20.1)
1235:             1            120  jdk.internal.loader.ClassLoaders$AppClassLoader (java.base@11.0.20.1)
1236:             5            120  jdk.internal.math.FloatingDecimal$PreparedASCIIToBinaryBuffer (java.base@11.0.20.1)
1237:             5            120  jdk.net.ExtendedSocketOptions$ExtSocketOption (jdk.net@11.0.20.1)
1238:             1            120  org.apache.hadoop.metrics2.impl.MetricsSystemImpl
1239:             5            120  org.bouncycastle.jcajce.provider.asymmetric.ec.KeyFactorySpi$ECMQV
1240:             3            120  org.conscrypt.ClientSessionContext
1241:             3            120  org.conscrypt.ServerSessionContext
1242:             5            120  sun.reflect.generics.tree.ClassSignature (java.base@11.0.20.1)
1243:             5            120  sun.security.jca.ServiceId (java.base@11.0.20.1)
1244:             3            120  sun.security.provider.DSAPublicKeyImpl (java.base@11.0.20.1)
1245:             3            120  sun.text.normalizer.Trie2$UTrie2Header (java.base@11.0.20.1)
1246:             2            112  [Lcom.google.cloud.hadoop.repackaged.gcs.com.google.protobuf.DescriptorProtos$FieldOptions$OptionTargetType;
1247:             5            112  [Lcom.google.cloud.hadoop.repackaged.gcs.com.google.protobuf.Descriptors$ServiceDescriptor;
1248:             5            112  [Ljava.lang.reflect.TypeVariable; (java.base@11.0.20.1)
1249:             2            112  [Ljava.nio.file.attribute.PosixFilePermission; (java.base@11.0.20.1)
1250:             2            112  [Ljava.security.CryptoPrimitive; (java.base@11.0.20.1)
1251:             1            112  [Ljava.time.LocalTime; (java.base@11.0.20.1)
1252:             5            112  [Lsun.reflect.generics.tree.ClassTypeSignature; (java.base@11.0.20.1)
1253:             2            112  com.google.cloud.hadoop.fs.gcs.GhfsStreamStats
1254:             2            112  com.google.cloud.hadoop.repackaged.gcs.com.google.api.client.util.ExponentialBackOff
1255:             2            112  com.google.cloud.hadoop.repackaged.gcs.com.google.cloud.hadoop.gcsio.GoogleCloudStorageClientReadChannel
1256:             7            112  com.google.cloud.hadoop.repackaged.gcs.com.google.common.base.CharMatcher$Is
1257:             7            112  com.google.cloud.hadoop.repackaged.gcs.com.google.common.base.Splitter$1
1258:             2            112  com.google.cloud.hadoop.repackaged.gcs.io.grpc.googleapis.GoogleCloudToProdNameResolver
1259:             2            112  com.google.cloud.hadoop.repackaged.gcs.io.grpc.internal.ExponentialBackoffPolicy
1260:             1            112  com.google.cloud.hadoop.repackaged.gcs.io.grpc.netty.shaded.io.netty.channel.socket.nio.NioSocketChannel
1261:             7            112  com.google.cloud.hadoop.repackaged.gcs.io.grpc.netty.shaded.io.netty.util.internal.ObjectPool$RecyclerObjectPool
1262:             1            112  com.google.cloud.hadoop.repackaged.gcs.io.grpc.xds.shaded.io.envoyproxy.envoy.api.v2.Listener
1263:             2            112  com.sun.security.sasl.gsskerb.JdkSASL$ProviderService (jdk.security.jgss@11.0.20.1)
1264:             2            112  java.nio.DirectIntBufferRU (java.base@11.0.20.1)
1265:             1            112  java.util.GregorianCalendar (java.base@11.0.20.1)
1266:             7            112  java.util.TreeMap$EntrySet (java.base@11.0.20.1)
1267:             7            112  jdk.internal.loader.ClassLoaderValue (java.base@11.0.20.1)
1268:             1            112  jdk.internal.loader.ClassLoaders$BootClassLoader (java.base@11.0.20.1)
1269:             1            112  jdk.internal.loader.ClassLoaders$PlatformClassLoader (java.base@11.0.20.1)
1270:             1            112  sun.nio.ch.SocketChannelImpl (java.base@11.0.20.1)
1271:             2            112  sun.security.jgss.SunProvider$ProviderService (java.security.jgss@11.0.20.1)
1272:             5            104  [Lcom.google.cloud.hadoop.repackaged.gcs.io.grpc.netty.shaded.io.netty.util.AsciiString;
1273:             2            104  [Lsun.util.logging.PlatformLogger$Level; (java.base@11.0.20.1)
1274:             1            104  com.google.cloud.hadoop.repackaged.gcs.com.google.api.client.http.HttpRequest
1275:             1            104  com.google.cloud.hadoop.repackaged.gcs.io.grpc.rls.CachingRlsLbClient
1276:             1            104  com.sun.crypto.provider.SunJCE (java.base@11.0.20.1)
1277:             1            104  com.sun.net.ssl.internal.ssl.Provider (java.base@11.0.20.1)
1278:             1            104  com.sun.security.sasl.Provider (java.security.sasl@11.0.20.1)
1279:             1            104  com.sun.security.sasl.gsskerb.JdkSASL (jdk.security.jgss@11.0.20.1)
1280:             1            104  java.net.URLClassLoader (java.base@11.0.20.1)
1281:             1            104  org.bouncycastle.jce.provider.BouncyCastleProvider
1282:             1            104  org.bouncycastle.pqc.jcajce.provider.BouncyCastlePQCProvider
1283:             1            104  org.jcp.xml.dsig.internal.dom.XMLDSigRI (java.xml.crypto@11.0.20.1)
1284:             1            104  sun.net.www.protocol.https.HttpsClient (java.base@11.0.20.1)
1285:             1            104  sun.security.ec.SunEC (jdk.crypto.ec@11.0.20.1)
1286:             1            104  sun.security.jca.ProviderList$1 (java.base@11.0.20.1)
1287:             1            104  sun.security.jgss.SunProvider (java.security.jgss@11.0.20.1)
1288:             1            104  sun.security.provider.certpath.ldap.JdkLDAP (java.naming@11.0.20.1)
1289:             1            104  sun.security.rsa.SunRsaSign (java.base@11.0.20.1)
1290:             1            104  sun.security.smartcardio.SunPCSC (java.smartcardio@11.0.20.1)
1291:             2             96  [Lcom.google.cloud.hadoop.repackaged.gcs.com.google.common.cache.LocalCache$EntryFactory;
1292:             3             96  [Lcom.google.cloud.hadoop.repackaged.gcs.io.grpc.ClientStreamTracer;
1293:             2             96  [Lcom.google.cloud.hadoop.repackaged.gcs.io.grpc.xds.shaded.io.envoyproxy.envoy.config.cluster.v3.Cluster$LbPolicy;
1294:             2             96  [Lcom.google.cloud.hadoop.repackaged.gcs.io.grpc.xds.shaded.io.envoyproxy.envoy.config.core.v3.HealthStatus;
1295:             2             96  [Ljava.lang.System$Logger$Level; (java.base@11.0.20.1)
1296:             4             96  [Ljava.util.Enumeration; (java.base@11.0.20.1)
1297:             2             96  [Lorg.apache.hadoop.thirdparty.com.google.common.cache.LocalCache$EntryFactory;
1298:             3             96  com.google.cloud.hadoop.fs.gcs.GoogleHadoopFileSystemBase$GcsFileChecksumType
1299:             4             96  com.google.cloud.hadoop.repackaged.gcs.com.fasterxml.jackson.core.JsonFactory$Feature
1300:             3             96  com.google.cloud.hadoop.repackaged.gcs.com.fasterxml.jackson.core.StreamReadCapability
1301:             3             96  com.google.cloud.hadoop.repackaged.gcs.com.google.api.client.http.javanet.NetHttpTransport
1302:             6             96  com.google.cloud.hadoop.repackaged.gcs.com.google.api.client.util.DataMap$EntrySet
1303:             4             96  com.google.cloud.hadoop.repackaged.gcs.com.google.api.client.util.GenericData$EntrySet
1304:             3             96  com.google.cloud.hadoop.repackaged.gcs.com.google.api.core.AbstractApiFuture$InternalSettableFuture
1305:             4             96  com.google.cloud.hadoop.repackaged.gcs.com.google.api.gax.rpc.PagedCallSettings
1306:             3             96  com.google.cloud.hadoop.repackaged.gcs.com.google.api.gax.rpc.ServerStreamingCallable$1
1307:             2             96  com.google.cloud.hadoop.repackaged.gcs.com.google.api.gax.rpc.UnknownException
1308:             3             96  com.google.cloud.hadoop.repackaged.gcs.com.google.cloud.hadoop.gcsio.AutoValue_CreateObjectOptions
1309:             3             96  com.google.cloud.hadoop.repackaged.gcs.com.google.cloud.hadoop.gcsio.StorageResourceId
1310:             4             96  com.google.cloud.hadoop.repackaged.gcs.com.google.cloud.hadoop.util.AsyncWriteChannelOptions$UploadType
1311:             4             96  com.google.cloud.hadoop.repackaged.gcs.com.google.cloud.hadoop.util.RequesterPaysOptions$RequesterPaysMode
1312:             1             96  com.google.cloud.hadoop.repackaged.gcs.com.google.cloud.storage.GrpcConversions
1313:             1             96  com.google.cloud.hadoop.repackaged.gcs.com.google.cloud.storage.GrpcStorageOptions
1314:             4             96  com.google.cloud.hadoop.repackaged.gcs.com.google.common.base.AbstractIterator$State
1315:             2             96  com.google.cloud.hadoop.repackaged.gcs.com.google.common.base.Splitter$1$1
1316:             4             96  com.google.cloud.hadoop.repackaged.gcs.com.google.common.cache.LocalCache$WriteQueue$1
1317:             4             96  com.google.cloud.hadoop.repackaged.gcs.com.google.common.collect.AbstractIterator$State
1318:             4             96  com.google.cloud.hadoop.repackaged.gcs.com.google.common.collect.ImmutableMapEntrySet$RegularEntrySet
1319:             3             96  com.google.cloud.hadoop.repackaged.gcs.com.google.common.io.BaseEncoding$Base64Encoding
1320:             4             96  com.google.cloud.hadoop.repackaged.gcs.com.google.common.util.concurrent.AbstractFuture$Listener
1321:             4             96  com.google.cloud.hadoop.repackaged.gcs.com.google.protobuf.GeneratedMessageV3$FieldAccessorTable$MapFieldAccessor
1322:             4             96  com.google.cloud.hadoop.repackaged.gcs.io.grpc.ChannelLogger$ChannelLogLevel
1323:             4             96  com.google.cloud.hadoop.repackaged.gcs.io.grpc.InternalChannelz$ChannelTrace$Event$Severity
1324:             3             96  com.google.cloud.hadoop.repackaged.gcs.io.grpc.LoadBalancer$PickResult
1325:             3             96  com.google.cloud.hadoop.repackaged.gcs.io.grpc.alts.internal.AltsProtocolNegotiator$GoogleDefaultProtocolNegotiator
1326:             4             96  com.google.cloud.hadoop.repackaged.gcs.io.grpc.alts.internal.HandshakeProtocol
1327:             4             96  com.google.cloud.hadoop.repackaged.gcs.io.grpc.alts.internal.SecurityLevel
1328:             4             96  com.google.cloud.hadoop.repackaged.gcs.io.grpc.census.CensusStatsModule$1
1329:             4             96  com.google.cloud.hadoop.repackaged.gcs.io.grpc.census.CensusTracingModule$1
1330:             3             96  com.google.cloud.hadoop.repackaged.gcs.io.grpc.census.CensusTracingModule$CallAttemptsTracerFactory
1331:             4             96  com.google.cloud.hadoop.repackaged.gcs.io.grpc.internal.AtomicBackoff
1332:             4             96  com.google.cloud.hadoop.repackaged.gcs.io.grpc.internal.AutoConfiguredLoadBalancerFactory
1333:             4             96  com.google.cloud.hadoop.repackaged.gcs.io.grpc.internal.ClientStreamListener$RpcProgress
1334:             4             96  com.google.cloud.hadoop.repackaged.gcs.io.grpc.internal.ConnectivityStateManager
1335:             4             96  com.google.cloud.hadoop.repackaged.gcs.io.grpc.internal.DelayedClientTransport$1
1336:             4             96  com.google.cloud.hadoop.repackaged.gcs.io.grpc.internal.DelayedClientTransport$2
1337:             4             96  com.google.cloud.hadoop.repackaged.gcs.io.grpc.internal.DelayedClientTransport$3
1338:             4             96  com.google.cloud.hadoop.repackaged.gcs.io.grpc.internal.ManagedChannelImpl$1ChannelCallTracerFactory
1339:             4             96  com.google.cloud.hadoop.repackaged.gcs.io.grpc.internal.ManagedChannelImpl$ChannelStreamProvider
1340:             4             96  com.google.cloud.hadoop.repackaged.gcs.io.grpc.internal.ManagedChannelImpl$IdleModeStateAggregator
1341:             4             96  com.google.cloud.hadoop.repackaged.gcs.io.grpc.internal.ManagedChannelImpl$LbHelperImpl
1342:             4             96  com.google.cloud.hadoop.repackaged.gcs.io.grpc.internal.ManagedChannelImpl$NameResolverListener
1343:             4             96  com.google.cloud.hadoop.repackaged.gcs.io.grpc.internal.ManagedChannelOrphanWrapper
1344:             3             96  com.google.cloud.hadoop.repackaged.gcs.io.grpc.internal.PickFirstLoadBalancer
1345:             3             96  com.google.cloud.hadoop.repackaged.gcs.io.grpc.internal.RetriableStream$BufferSizeTracer
1346:             4             96  com.google.cloud.hadoop.repackaged.gcs.io.grpc.internal.RetriableStream$Substream
1347:             4             96  com.google.cloud.hadoop.repackaged.gcs.io.grpc.internal.RetryingNameResolver$RetryingListener
1348:             4             96  com.google.cloud.hadoop.repackaged.gcs.io.grpc.internal.SharedResourceHolder$Instance
1349:             4             96  com.google.cloud.hadoop.repackaged.gcs.io.grpc.internal.StatsTraceContext
1350:             2             96  com.google.cloud.hadoop.repackaged.gcs.io.grpc.lookup.v1.GrpcKeyBuilder
1351:             4             96  com.google.cloud.hadoop.repackaged.gcs.io.grpc.lookup.v1.RouteLookupRequest$Reason
1352:             4             96  com.google.cloud.hadoop.repackaged.gcs.io.grpc.netty.shaded.io.grpc.netty.Utils$DefaultEventLoopGroupResource
1353:             3             96  com.google.cloud.hadoop.repackaged.gcs.io.grpc.netty.shaded.io.netty.buffer.EmptyByteBuf
1354:             4             96  com.google.cloud.hadoop.repackaged.gcs.io.grpc.netty.shaded.io.netty.channel.ChannelMetadata
1355:             2             96  com.google.cloud.hadoop.repackaged.gcs.io.grpc.netty.shaded.io.netty.channel.unix.IovArray
1356:             3             96  com.google.cloud.hadoop.repackaged.gcs.io.grpc.netty.shaded.io.netty.handler.codec.base64.Base64Dialect
1357:             3             96  com.google.cloud.hadoop.repackaged.gcs.io.grpc.netty.shaded.io.netty.handler.codec.http2.DefaultHttp2Connection$DefaultStream
1358:             4             96  com.google.cloud.hadoop.repackaged.gcs.io.grpc.netty.shaded.io.netty.handler.ssl.ApplicationProtocolConfig$Protocol
1359:             4             96  com.google.cloud.hadoop.repackaged.gcs.io.grpc.netty.shaded.io.netty.handler.ssl.ReferenceCountedOpenSslEngine$HandshakeState
1360:             3             96  com.google.cloud.hadoop.repackaged.gcs.io.grpc.netty.shaded.io.netty.util.ResourceLeakDetector
1361:             4             96  com.google.cloud.hadoop.repackaged.gcs.io.grpc.netty.shaded.io.netty.util.ResourceLeakDetector$Level
1362:             3             96  com.google.cloud.hadoop.repackaged.gcs.io.grpc.netty.shaded.io.netty.util.concurrent.DefaultThreadFactory
1363:             4             96  com.google.cloud.hadoop.repackaged.gcs.io.grpc.xds.AutoValue_FaultConfig
1364:             4             96  com.google.cloud.hadoop.repackaged.gcs.io.grpc.xds.ClusterResolverLoadBalancer$ClusterResolutionResult
1365:             4             96  com.google.cloud.hadoop.repackaged.gcs.io.grpc.xds.ClusterResolverLoadBalancer$ClusterResolverLbState$RefreshableHelper
1366:             4             96  com.google.cloud.hadoop.repackaged.gcs.io.grpc.xds.ClusterResolverLoadBalancerProvider$ClusterResolverConfig
1367:             2             96  com.google.cloud.hadoop.repackaged.gcs.io.grpc.xds.EnvoyProtoData$Node
1368:             4             96  com.google.cloud.hadoop.repackaged.gcs.io.grpc.xds.PriorityLoadBalancerProvider$PriorityLbConfig
1369:             3             96  com.google.cloud.hadoop.repackaged.gcs.io.grpc.xds.XdsNameResolver$RoutingConfig
1370:             1             96  com.google.cloud.hadoop.repackaged.gcs.io.grpc.xds.shaded.com.github.xds.data.orca.v3.OrcaLoadReport$Builder
1371:             4             96  com.google.cloud.hadoop.repackaged.gcs.io.grpc.xds.shaded.io.envoyproxy.envoy.type.v3.FractionalPercent$DenominatorType
1372:             4             96  com.google.cloud.hadoop.repackaged.gcs.io.opencensus.common.AutoValue_Duration
1373:             6             96  com.google.cloud.hadoop.repackaged.gcs.io.opencensus.implcore.tags.TagMapImpl
1374:             3             96  com.google.cloud.hadoop.repackaged.gcs.io.opencensus.metrics.export.AutoValue_MetricDescriptor
1375:             6             96  com.google.cloud.hadoop.repackaged.gcs.io.opencensus.tags.AutoValue_TagKey
1376:             6             96  com.google.cloud.hadoop.repackaged.gcs.io.opencensus.tags.AutoValue_TagValue
1377:             6             96  com.sun.proxy.jdk.proxy1.$Proxy2 (jdk.proxy1@)
1378:             3             96  java.io.BufferedOutputStream (java.base@11.0.20.1)
1379:             4             96  java.io.StringWriter (java.base@11.0.20.1)
1380:             4             96  java.lang.ClassValue$Version (java.base@11.0.20.1)
1381:             4             96  java.lang.CompoundEnumeration (java.base@11.0.20.1)
1382:             3             96  java.lang.Runtime$Version (java.base@11.0.20.1)
1383:             3             96  java.lang.WeakPairMap$Pair$Weak$1 (java.base@11.0.20.1)
1384:             3             96  java.lang.invoke.SimpleMethodHandle (java.base@11.0.20.1)
1385:             3             96  java.lang.invoke.VarHandleLongs$FieldInstanceReadWrite (java.base@11.0.20.1)
1386:             4             96  java.lang.module.ModuleDescriptor$Modifier (java.base@11.0.20.1)
1387:             4             96  java.lang.module.ModuleDescriptor$Opens (java.base@11.0.20.1)
1388:             4             96  java.lang.module.ModuleDescriptor$Requires$Modifier (java.base@11.0.20.1)
1389:             4             96  java.math.MathContext (java.base@11.0.20.1)
1390:             4             96  java.net.InterfaceAddress (java.base@11.0.20.1)
1391:             2             96  java.net.NetworkInterface (java.base@11.0.20.1)
1392:             1             96  java.net.SocksSocketImpl (java.base@11.0.20.1)
1393:             3             96  java.security.AlgorithmParameters (java.base@11.0.20.1)
1394:             4             96  java.text.Normalizer$Form (java.base@11.0.20.1)
1395:             4             96  java.time.ZoneRegion (java.base@11.0.20.1)
1396:             4             96  java.time.format.DateTimeFormatterBuilder$SettingsParser (java.base@11.0.20.1)
1397:             4             96  java.util.Collections$1 (java.base@11.0.20.1)
1398:             6             96  java.util.concurrent.ConcurrentHashMap$ValuesView (java.base@11.0.20.1)
1399:             4             96  java.util.concurrent.Executors$RunnableAdapter (java.base@11.0.20.1)
1400:             4             96  java.util.concurrent.locks.ReentrantReadWriteLock (java.base@11.0.20.1)
1401:             3             96  java.util.regex.Pattern$BnM (java.base@11.0.20.1)
1402:             4             96  java.util.regex.Pattern$Qtype (java.base@11.0.20.1)
1403:             3             96  java.util.stream.Collectors$CollectorImpl (java.base@11.0.20.1)
1404:             4             96  java.util.stream.StreamShape (java.base@11.0.20.1)
1405:             3             96  java.util.zip.ZipFile$CleanableResource$FinalizableResource (java.base@11.0.20.1)
1406:             4             96  javax.net.ssl.SSLEngineResult$Status (java.base@11.0.20.1)
1407:             4             96  javax.security.auth.login.AppConfigurationEntry (java.base@11.0.20.1)
1408:             1             96  jdk.internal.jimage.ImageReader$SharedImageReader (java.base@11.0.20.1)
1409:             4             96  jdk.internal.logger.BootstrapLogger$LoggingBackend (java.base@11.0.20.1)
1410:             4             96  jdk.internal.math.FormattedFloatingDecimal$Form (java.base@11.0.20.1)
1411:             6             96  org.apache.hadoop.fs.Path
1412:             4             96  org.apache.hadoop.metrics2.annotation.Metric$Type
1413:             4             96  org.apache.log4j.helpers.OnlyOnceErrorHandler
1414:             4             96  org.conscrypt.NativeRef$EVP_PKEY
1415:             4             96  org.conscrypt.OpenSSLKey
1416:             6             96  org.conscrypt.ct.CTVerifier
1417:             3             96  sun.net.spi.DefaultProxySelector$NonProxyInfo (java.base@11.0.20.1)
1418:             4             96  sun.net.www.MessageHeader (java.base@11.0.20.1)
1419:             4             96  sun.reflect.generics.tree.FormalTypeParameter (java.base@11.0.20.1)
1420:             6             96  sun.security.provider.certpath.PKIXCertPathValidator (java.base@11.0.20.1)
1421:             4             96  sun.security.provider.certpath.X509CertPath (java.base@11.0.20.1)
1422:             3             96  sun.security.ssl.CipherSuite$HashAlg (java.base@11.0.20.1)
1423:             4             96  sun.security.ssl.CipherType (java.base@11.0.20.1)
1424:             3             96  sun.security.util.DisabledAlgorithmConstraints$DenyAfterConstraint (java.base@11.0.20.1)
1425:             4             96  sun.security.util.DisabledAlgorithmConstraints$UsageConstraint (java.base@11.0.20.1)
1426:             3             96  sun.security.x509.SubjectAlternativeNameExtension (java.base@11.0.20.1)
1427:             1             96  sun.util.calendar.Gregorian$Date (java.base@11.0.20.1)
1428:             3             96  sun.util.locale.provider.LocaleResources (java.base@11.0.20.1)
1429:             3             96  sun.util.resources.Bundles$CacheKey (java.base@11.0.20.1)
1430:             1             88  [Lcom.google.cloud.hadoop.repackaged.gcs.com.google.api.gax.rpc.StatusCode$Code;
1431:             1             88  [Lcom.google.cloud.hadoop.repackaged.gcs.io.opencensus.trace.Status$CanonicalCode;
1432:             2             88  [Lsun.security.jca.ProviderConfig; (java.base@11.0.20.1)
1433:             1             88  [Lsun.security.ssl.CipherSuite$KeyExchange; (java.base@11.0.20.1)
1434:             1             88  [[Ljava.lang.Byte; (java.base@11.0.20.1)
1435:             1             88  com.google.cloud.hadoop.repackaged.gcs.com.google.storage.v2.DeleteObjectRequest
1436:             1             88  com.google.cloud.hadoop.repackaged.gcs.com.google.storage.v2.GetObjectRequest
1437:             1             88  com.google.cloud.hadoop.repackaged.gcs.io.grpc.xds.ControlPlaneClient
1438:             1             88  com.google.cloud.hadoop.repackaged.gcs.io.grpc.xds.XdsClientImpl
1439:             1             88  com.google.cloud.hadoop.repackaged.gcs.io.grpc.xds.shaded.io.envoyproxy.envoy.config.filter.http.fault.v2.HTTPFault
1440:             1             88  org.conscrypt.ConscryptEngine
1441:             1             88  org.conscrypt.Java8EngineSocket
1442:             1             88  sun.net.www.protocol.https.HttpsURLConnectionImpl (java.base@11.0.20.1)
1443:             1             88  sun.nio.ch.EPollSelectorImpl (java.base@11.0.20.1)
1444:             1             80  [Lcom.google.cloud.hadoop.repackaged.gcs.com.fasterxml.jackson.core.JsonParser$Feature;
1445:             1             80  [Lcom.google.cloud.hadoop.repackaged.gcs.io.grpc.netty.shaded.io.netty.handler.codec.DefaultHeaders$HeaderEntry;
1446:             2             80  [Lcom.google.cloud.hadoop.repackaged.gcs.io.grpc.xds.shaded.io.envoyproxy.envoy.config.cluster.v3.Cluster$DiscoveryType;
1447:             1             80  [Lcom.sun.beans.util.Cache$CacheEntry; (java.desktop@11.0.20.1)
1448:             1             80  [Ljava.time.temporal.ChronoUnit; (java.base@11.0.20.1)
1449:             2             80  [Ljava.util.stream.StreamOpFlag$Type; (java.base@11.0.20.1)
1450:             2             80  [Lorg.apache.hadoop.security.UserGroupInformation$AuthenticationMethod;
1451:             1             80  [Lsun.security.ssl.SSLCipher; (java.base@11.0.20.1)
1452:             2             80  com.ctc.wstx.util.SymbolTable
1453:             1             80  com.google.cloud.hadoop.fs.gcs.GoogleHadoopFileSystem
1454:             2             80  com.google.cloud.hadoop.repackaged.gcs.com.google.cloud.hadoop.gcsio.AutoValue_GoogleCloudStorageFileSystemOptions
1455:             1             80  com.google.cloud.hadoop.repackaged.gcs.com.google.cloud.hadoop.gcsio.GoogleCloudStorageImpl
1456:             1             80  com.google.cloud.hadoop.repackaged.gcs.com.google.cloud.hadoop.gcsio.GoogleCloudStorageItemInfo
1457:             2             80  com.google.cloud.hadoop.repackaged.gcs.com.google.protobuf.DescriptorProtos$EnumDescriptorProto$EnumReservedRange
1458:             1             80  com.google.cloud.hadoop.repackaged.gcs.com.google.storage.v2.UpdateObjectRequest
1459:             2             80  com.google.cloud.hadoop.repackaged.gcs.io.grpc.lookup.v1.GrpcKeyBuilder$ExtraKeys
1460:             2             80  com.google.cloud.hadoop.repackaged.gcs.io.grpc.lookup.v1.GrpcKeyBuilder$Name
1461:             2             80  com.google.cloud.hadoop.repackaged.gcs.io.grpc.lookup.v1.NameMatcher
1462:             2             80  com.google.cloud.hadoop.repackaged.gcs.io.grpc.lookup.v1.RouteLookupClusterSpecifier
1463:             2             80  com.google.cloud.hadoop.repackaged.gcs.io.grpc.netty.shaded.io.netty.handler.ssl.SslHandler$LazyChannelPromise
1464:             5             80  com.google.cloud.hadoop.repackaged.gcs.io.grpc.netty.shaded.io.netty.util.concurrent.FastThreadLocalRunnable
1465:             5             80  com.google.cloud.hadoop.repackaged.gcs.io.grpc.netty.shaded.io.netty.util.concurrent.SingleThreadEventExecutor$4
1466:             2             80  com.google.cloud.hadoop.repackaged.gcs.io.grpc.rls.AdaptiveThrottler$TimeBasedAccumulator
1467:             2             80  com.google.cloud.hadoop.repackaged.gcs.io.grpc.xds.ClusterManagerLoadBalancer
1468:             1             80  com.google.cloud.hadoop.repackaged.gcs.io.grpc.xds.ClusterResolverLoadBalancer$ClusterResolverLbState$LogicalDnsClusterState
1469:             2             80  com.google.cloud.hadoop.repackaged.gcs.io.grpc.xds.XdsNameResolver$ResolveState
1470:             1             80  com.google.cloud.hadoop.repackaged.gcs.io.grpc.xds.shaded.io.envoyproxy.envoy.config.core.v3.Node
1471:             1             80  com.google.cloud.hadoop.repackaged.gcs.io.grpc.xds.shaded.io.envoyproxy.envoy.config.endpoint.v3.UpstreamLocalityStats
1472:             2             80  com.google.cloud.hadoop.repackaged.gcs.io.grpc.xds.shaded.io.envoyproxy.envoy.config.route.v3.ClusterSpecifierPlugin
1473:             2             80  com.google.cloud.hadoop.repackaged.gcs.io.opencensus.implcore.metrics.DerivedLongCumulativeImpl$PointWithFunction
1474:             5             80  com.google.cloud.hadoop.repackaged.gcs.io.opencensus.stats.AutoValue_Aggregation_Distribution
1475:             5             80  com.google.cloud.hadoop.repackaged.gcs.io.opencensus.stats.AutoValue_BucketBoundaries
1476:             5             80  com.sun.proxy.$Proxy4
1477:             2             80  java.io.BufferedInputStream (java.base@11.0.20.1)
1478:             2             80  java.io.ExpiringCache (java.base@11.0.20.1)
1479:             2             80  java.io.FileOutputStream (java.base@11.0.20.1)
1480:             2             80  java.lang.ModuleLayer (java.base@11.0.20.1)
1481:             2             80  java.lang.VirtualMachineError (java.base@11.0.20.1)
1482:             2             80  java.lang.invoke.BoundMethodHandle$Species_LLL (java.base@11.0.20.1)
1483:             1             80  java.lang.invoke.BoundMethodHandle$Species_LLLLLLLLLLIIL (java.base@11.0.20.1)
1484:             2             80  java.lang.invoke.VarHandleObjects$Array (java.base@11.0.20.1)
1485:             2             80  java.lang.module.Configuration (java.base@11.0.20.1)
1486:             2             80  java.net.InetAddress$CachedAddresses (java.base@11.0.20.1)
1487:             2             80  java.text.DigitList (java.base@11.0.20.1)
1488:             2             80  java.time.format.DateTimeFormatterBuilder$FractionPrinterParser (java.base@11.0.20.1)
1489:             5             80  java.util.Hashtable$EntrySet (java.base@11.0.20.1)
1490:             5             80  java.util.IdentityHashMap$Values (java.base@11.0.20.1)
1491:             2             80  java.util.Locale$Category (java.base@11.0.20.1)
1492:             2             80  java.util.ServiceLoader$LazyClassPathLookupIterator (java.base@11.0.20.1)
1493:             5             80  java.util.TreeSet (java.base@11.0.20.1)
1494:             5             80  java.util.concurrent.SynchronousQueue$TransferStack (java.base@11.0.20.1)
1495:             2             80  jdk.internal.loader.URLClassPath (java.base@11.0.20.1)
1496:             1             80  org.apache.hadoop.security.Groups
1497:             2             80  org.apache.hadoop.security.authentication.util.KerberosName$Rule
1498:             2             80  org.apache.hadoop.thirdparty.com.google.common.collect.RegularImmutableMap
1499:             2             80  org.apache.log4j.varia.NullAppender
1500:             1             80  org.conscrypt.ActiveSession
1501:             5             80  sun.security.ssl.SSLCipher$T10BlockReadCipherGenerator (java.base@11.0.20.1)
1502:             5             80  sun.security.ssl.SSLCipher$T10BlockWriteCipherGenerator (java.base@11.0.20.1)
1503:             2             80  sun.security.util.MemoryCache (java.base@11.0.20.1)
1504:             1             80  sun.text.normalizer.NormalizerImpl (java.base@11.0.20.1)
1505:             1             80  sun.util.cldr.CLDRLocaleProviderAdapter (java.base@11.0.20.1)
1506:             1             80  sun.util.locale.provider.LocaleProviderAdapter$NonExistentAdapter (java.base@11.0.20.1)
1507:             1             72  [Lcom.google.cloud.hadoop.repackaged.gcs.com.fasterxml.jackson.core.JsonToken;
1508:             1             72  [Lorg.conscrypt.HostProperties$Architecture;
1509:             3             72  com.google.cloud.hadoop.fs.gcs.GhfsStatisticTypeEnum
1510:             3             72  com.google.cloud.hadoop.fs.gcs.GoogleHadoopFileSystemBase$GlobAlgorithm
1511:             3             72  com.google.cloud.hadoop.fs.gcs.GoogleHadoopFileSystemBase$OutputStreamType
1512:             1             72  com.google.cloud.hadoop.repackaged.gcs.com.fasterxml.jackson.core.util.InternCache
1513:             3             72  com.google.cloud.hadoop.repackaged.gcs.com.google.api.client.googleapis.media.MediaHttpDownloader$DownloadState
1514:             3             72  com.google.cloud.hadoop.repackaged.gcs.com.google.api.gax.rpc.Watchdog$State
1515:             3             72  com.google.cloud.hadoop.repackaged.gcs.com.google.auth.oauth2.OAuth2Credentials$CacheState
1516:             3             72  com.google.cloud.hadoop.repackaged.gcs.com.google.cloud.ExceptionHandler$Interceptor$RetryResult
1517:             3             72  com.google.cloud.hadoop.repackaged.gcs.com.google.cloud.ExceptionHandler$RetryInfo
1518:             3             72  com.google.cloud.hadoop.repackaged.gcs.com.google.cloud.hadoop.gcsio.GoogleCloudStorageReadOptions$Fadvise
1519:             3             72  com.google.cloud.hadoop.repackaged.gcs.com.google.cloud.hadoop.util.AsyncWriteChannelOptions$PartFileCleanupType
1520:             3             72  com.google.cloud.hadoop.repackaged.gcs.com.google.common.net.PercentEscaper
1521:             3             72  com.google.cloud.hadoop.repackaged.gcs.com.google.protobuf.DescriptorProtos$FieldDescriptorProto$Label
1522:             3             72  com.google.cloud.hadoop.repackaged.gcs.com.google.protobuf.DescriptorProtos$FieldOptions$CType
1523:             3             72  com.google.cloud.hadoop.repackaged.gcs.com.google.protobuf.DescriptorProtos$FieldOptions$OptionRetention
1524:             3             72  com.google.cloud.hadoop.repackaged.gcs.com.google.protobuf.DescriptorProtos$FileOptions$OptimizeMode
1525:             3             72  com.google.cloud.hadoop.repackaged.gcs.com.google.protobuf.Descriptors$DescriptorPool$SearchFilter
1526:             3             72  com.google.cloud.hadoop.repackaged.gcs.com.google.protobuf.Descriptors$FileDescriptor$Syntax
1527:             3             72  com.google.cloud.hadoop.repackaged.gcs.com.google.protobuf.Extension$ExtensionType
1528:             3             72  com.google.cloud.hadoop.repackaged.gcs.com.google.protobuf.GeneratedMessageV3$FieldAccessorTable$RepeatedFieldAccessor
1529:             3             72  com.google.cloud.hadoop.repackaged.gcs.com.google.protobuf.MapField$StorageMode
1530:             1             72  com.google.cloud.hadoop.repackaged.gcs.com.google.storage.v2.ComposeObjectRequest
1531:             1             72  com.google.cloud.hadoop.repackaged.gcs.com.google.storage.v2.ListObjectsRequest
1532:             3             72  com.google.cloud.hadoop.repackaged.gcs.io.grpc.ClientStreamTracer$StreamInfo
1533:             3             72  com.google.cloud.hadoop.repackaged.gcs.io.grpc.CompositeChannelCredentials
1534:             3             72  com.google.cloud.hadoop.repackaged.gcs.io.grpc.Context$Key
1535:             3             72  com.google.cloud.hadoop.repackaged.gcs.io.grpc.NameResolver$ConfigOrError
1536:             3             72  com.google.cloud.hadoop.repackaged.gcs.io.grpc.SecurityLevel
1537:             3             72  com.google.cloud.hadoop.repackaged.gcs.io.grpc.TlsChannelCredentials$Feature
1538:             3             72  com.google.cloud.hadoop.repackaged.gcs.io.grpc.TlsServerCredentials$Feature
1539:             3             72  com.google.cloud.hadoop.repackaged.gcs.io.grpc.alts.internal.AltsProtocolNegotiator$ClientTsiHandshakerFactory
1540:             3             72  com.google.cloud.hadoop.repackaged.gcs.io.grpc.alts.internal.AltsProtocolNegotiator$GoogleDefaultProtocolNegotiatorFactory
1541:             3             72  com.google.cloud.hadoop.repackaged.gcs.io.grpc.alts.internal.AltsProtocolNegotiator$LazyChannel
1542:             1             72  com.google.cloud.hadoop.repackaged.gcs.io.grpc.alts.internal.StartClientHandshakeReq
1543:             3             72  com.google.cloud.hadoop.repackaged.gcs.io.grpc.census.CensusStatsModule$StatsClientInterceptor$1
1544:             3             72  com.google.cloud.hadoop.repackaged.gcs.io.grpc.census.CensusStatsModule$StatsClientInterceptor$1$1
1545:             3             72  com.google.cloud.hadoop.repackaged.gcs.io.grpc.census.CensusTracingModule$TracingClientInterceptor$1
1546:             3             72  com.google.cloud.hadoop.repackaged.gcs.io.grpc.census.CensusTracingModule$TracingClientInterceptor$1$1
1547:             3             72  com.google.cloud.hadoop.repackaged.gcs.io.grpc.internal.ClientCallImpl$ClientStreamListenerImpl
1548:             3             72  com.google.cloud.hadoop.repackaged.gcs.io.grpc.internal.InternalSubchannel$CallTracingTransport$1
1549:             3             72  com.google.cloud.hadoop.repackaged.gcs.io.grpc.internal.InternalSubchannel$CallTracingTransport$1$1
1550:             3             72  com.google.cloud.hadoop.repackaged.gcs.io.grpc.internal.ManagedChannelImpl$ResolutionState
1551:             3             72  com.google.cloud.hadoop.repackaged.gcs.io.grpc.internal.PickFirstLoadBalancer$1
1552:             3             72  com.google.cloud.hadoop.repackaged.gcs.io.grpc.internal.RetriableStream$2
1553:             3             72  com.google.cloud.hadoop.repackaged.gcs.io.grpc.internal.RetriableStream$Sublistener
1554:             3             72  com.google.cloud.hadoop.repackaged.gcs.io.grpc.internal.SerializingExecutor
1555:             3             72  com.google.cloud.hadoop.repackaged.gcs.io.grpc.netty.shaded.io.grpc.netty.NegotiationType
1556:             3             72  com.google.cloud.hadoop.repackaged.gcs.io.grpc.netty.shaded.io.netty.buffer.UnreleasableByteBuf
1557:             1             72  com.google.cloud.hadoop.repackaged.gcs.io.grpc.netty.shaded.io.netty.channel.socket.nio.NioSocketChannel$NioSocketChannelConfig
1558:             3             72  com.google.cloud.hadoop.repackaged.gcs.io.grpc.netty.shaded.io.netty.handler.codec.http2.HpackDecoder$HeaderType
1559:             3             72  com.google.cloud.hadoop.repackaged.gcs.io.grpc.netty.shaded.io.netty.handler.codec.http2.HpackUtil$IndexType
1560:             3             72  com.google.cloud.hadoop.repackaged.gcs.io.grpc.netty.shaded.io.netty.handler.codec.http2.Http2Exception$ShutdownHint
1561:             3             72  com.google.cloud.hadoop.repackaged.gcs.io.grpc.netty.shaded.io.netty.handler.ssl.ApplicationProtocolConfig$SelectedListenerFailureBehavior
1562:             3             72  com.google.cloud.hadoop.repackaged.gcs.io.grpc.netty.shaded.io.netty.handler.ssl.ApplicationProtocolConfig$SelectorFailureBehavior
1563:             3             72  com.google.cloud.hadoop.repackaged.gcs.io.grpc.netty.shaded.io.netty.handler.ssl.ClientAuth
1564:             3             72  com.google.cloud.hadoop.repackaged.gcs.io.grpc.netty.shaded.io.netty.handler.ssl.OpenSslCertificateCompressionConfig$AlgorithmMode
1565:             3             72  com.google.cloud.hadoop.repackaged.gcs.io.grpc.netty.shaded.io.netty.handler.ssl.ReferenceCountedOpenSslClientContext$ExtendedTrustManagerVerifyCallback
1566:             3             72  com.google.cloud.hadoop.repackaged.gcs.io.grpc.netty.shaded.io.netty.handler.ssl.ReferenceCountedOpenSslContext$1
1567:             3             72  com.google.cloud.hadoop.repackaged.gcs.io.grpc.netty.shaded.io.netty.handler.ssl.SslProvider
1568:             3             72  com.google.cloud.hadoop.repackaged.gcs.io.grpc.netty.shaded.io.netty.handler.ssl.util.LazyJavaxX509Certificate
1569:             1             72  com.google.cloud.hadoop.repackaged.gcs.io.grpc.services.CallMetricRecorder
1570:             3             72  com.google.cloud.hadoop.repackaged.gcs.io.grpc.stub.ClientCalls$StubType
1571:             1             72  com.google.cloud.hadoop.repackaged.gcs.io.grpc.xds.LoadReportClient
1572:             3             72  com.google.cloud.hadoop.repackaged.gcs.io.grpc.xds.XdsClusterResource$CdsUpdate$ClusterType
1573:             3             72  com.google.cloud.hadoop.repackaged.gcs.io.grpc.xds.XdsEndpointResource$EdsUpdate
1574:             3             72  com.google.cloud.hadoop.repackaged.gcs.io.grpc.xds.XdsNameResolver$ClusterRefState
1575:             3             72  com.google.cloud.hadoop.repackaged.gcs.io.grpc.xds.internal.security.ReferenceCountingMap
1576:             1             72  com.google.cloud.hadoop.repackaged.gcs.io.grpc.xds.shaded.io.envoyproxy.envoy.api.v2.RouteConfiguration
1577:             3             72  com.google.cloud.hadoop.repackaged.gcs.io.grpc.xds.shaded.io.envoyproxy.envoy.config.cluster.v3.Cluster$ClusterDiscoveryTypeCase
1578:             3             72  com.google.cloud.hadoop.repackaged.gcs.io.grpc.xds.shaded.io.envoyproxy.envoy.config.core.v3.RoutingPriority
1579:             3             72  com.google.cloud.hadoop.repackaged.gcs.io.grpc.xds.shaded.io.envoyproxy.envoy.config.core.v3.SocketAddress$PortSpecifierCase
1580:             3             72  com.google.cloud.hadoop.repackaged.gcs.io.grpc.xds.shaded.io.envoyproxy.pgv.validate.Validate$KnownRegex
1581:             1             72  com.google.cloud.hadoop.repackaged.gcs.io.opencensus.implcore.trace.export.SpanExporterImpl$Worker
1582:             3             72  com.google.cloud.hadoop.repackaged.gcs.io.opencensus.trace.AutoValue_EndSpanOptions
1583:             3             72  com.sun.jndi.toolkit.url.Uri$ParseMode (java.naming@11.0.20.1)
1584:             3             72  java.io.ByteArrayOutputStream (java.base@11.0.20.1)
1585:             3             72  java.lang.ProcessImpl$LaunchMechanism (java.base@11.0.20.1)
1586:             3             72  java.lang.WeakPairMap (java.base@11.0.20.1)
1587:             3             72  java.lang.annotation.RetentionPolicy (java.base@11.0.20.1)
1588:             3             72  java.lang.invoke.MethodHandleImpl$ArrayAccess (java.base@11.0.20.1)
1589:             3             72  java.lang.invoke.MethodHandles$Lookup (java.base@11.0.20.1)
1590:             3             72  java.lang.invoke.StringConcatFactory$Mode (java.base@11.0.20.1)
1591:             3             72  java.net.Proxy$Type (java.base@11.0.20.1)
1592:             3             72  java.nio.file.AccessMode (java.base@11.0.20.1)
1593:             3             72  java.security.CodeSigner (java.base@11.0.20.1)
1594:             3             72  java.security.SecurityPermission (java.base@11.0.20.1)
1595:             3             72  java.time.ZoneOffset (java.base@11.0.20.1)
1596:             3             72  java.time.ZonedDateTime (java.base@11.0.20.1)
1597:             3             72  java.time.format.ResolverStyle (java.base@11.0.20.1)
1598:             3             72  java.util.Base64$Encoder (java.base@11.0.20.1)
1599:             3             72  java.util.BitSet (java.base@11.0.20.1)
1600:             3             72  java.util.Collections$SingletonList (java.base@11.0.20.1)
1601:             3             72  java.util.concurrent.ConcurrentSkipListMap$Index (java.base@11.0.20.1)
1602:             3             72  java.util.concurrent.Executors$DelegatedScheduledExecutorService (java.base@11.0.20.1)
1603:             3             72  java.util.stream.Collector$Characteristics (java.base@11.0.20.1)
1604:             3             72  java.util.stream.MatchOps$MatchKind (java.base@11.0.20.1)
1605:             3             72  javax.security.auth.Subject$SecureSet (java.base@11.0.20.1)
1606:             3             72  jdk.internal.loader.URLClassPath$FileLoader (java.base@11.0.20.1)
1607:             3             72  jdk.internal.math.FloatingDecimal$ExceptionalBinaryToASCIIBuffer (java.base@11.0.20.1)
1608:             3             72  jdk.internal.misc.Signal (java.base@11.0.20.1)
1609:             3             72  jdk.internal.module.IllegalAccessLogger$Mode (java.base@11.0.20.1)
1610:             3             72  org.apache.hadoop.fs.viewfs.ViewFileSystem$RenameStrategy
1611:             1             72  org.apache.hadoop.security.UserGroupInformation$HadoopLoginContext
1612:             3             72  org.apache.hadoop.security.UserGroupInformation$LoginParam
1613:             3             72  org.conscrypt.OpenSSLCipher$Padding
1614:             3             72  org.conscrypt.OpenSSLSocketFactoryImpl
1615:             3             72  org.ietf.jgss.Oid (java.security.jgss@11.0.20.1)
1616:             3             72  sun.net.www.protocol.http.HttpURLConnection$TunnelState (java.base@11.0.20.1)
1617:             3             72  sun.security.provider.DSAParameters (java.base@11.0.20.1)
1618:             3             72  sun.security.provider.NativePRNG$Variant (java.base@11.0.20.1)
1619:             1             64  [Lcom.google.cloud.hadoop.repackaged.gcs.com.google.api.client.json.JsonToken;
1620:             2             64  [Lcom.google.cloud.hadoop.repackaged.gcs.com.google.protobuf.DescriptorProtos$FieldDescriptorProto$Label;
1621:             2             64  [Lcom.google.cloud.hadoop.repackaged.gcs.com.google.protobuf.DescriptorProtos$FieldOptions$CType;
1622:             2             64  [Lcom.google.cloud.hadoop.repackaged.gcs.com.google.protobuf.DescriptorProtos$FieldOptions$OptionRetention;
1623:             2             64  [Lcom.google.cloud.hadoop.repackaged.gcs.com.google.protobuf.DescriptorProtos$FileOptions$OptimizeMode;
1624:             2             64  [Lcom.google.cloud.hadoop.repackaged.gcs.io.grpc.TlsChannelCredentials$Feature;
1625:             2             64  [Lcom.google.cloud.hadoop.repackaged.gcs.io.grpc.TlsServerCredentials$Feature;
1626:             2             64  [Lcom.google.cloud.hadoop.repackaged.gcs.io.grpc.alts.internal.HandshakeProtocol;
1627:             2             64  [Lcom.google.cloud.hadoop.repackaged.gcs.io.grpc.alts.internal.SecurityLevel;
1628:             2             64  [Lcom.google.cloud.hadoop.repackaged.gcs.io.grpc.lookup.v1.RouteLookupRequest$Reason;
1629:             2             64  [Lcom.google.cloud.hadoop.repackaged.gcs.io.grpc.xds.shaded.io.envoyproxy.envoy.config.core.v3.RoutingPriority;
1630:             2             64  [Lcom.google.cloud.hadoop.repackaged.gcs.io.grpc.xds.shaded.io.envoyproxy.envoy.type.v3.FractionalPercent$DenominatorType;
1631:             2             64  [Lcom.google.cloud.hadoop.repackaged.gcs.io.grpc.xds.shaded.io.envoyproxy.pgv.validate.Validate$KnownRegex;
1632:             2             64  [Lcom.sun.jndi.toolkit.url.Uri$ParseMode; (java.naming@11.0.20.1)
1633:             2             64  [Ljava.lang.ProcessImpl$LaunchMechanism; (java.base@11.0.20.1)
1634:             2             64  [Ljava.lang.annotation.RetentionPolicy; (java.base@11.0.20.1)
1635:             1             64  [Ljava.lang.invoke.MethodHandleImpl$Intrinsic; (java.base@11.0.20.1)
1636:             2             64  [Ljava.nio.charset.CoderResult; (java.base@11.0.20.1)
1637:             4             64  [Ljava.util.regex.IntHashSet; (java.base@11.0.20.1)
1638:             2             64  [Ljava.util.stream.Collector$Characteristics; (java.base@11.0.20.1)
1639:             2             64  [Lorg.apache.hadoop.metrics2.annotation.Metric$Type;
1640:             2             64  [Lorg.apache.hadoop.security.UserGroupInformation$LoginParam;
1641:             2             64  [Lorg.apache.hadoop.thirdparty.com.google.common.cache.LocalCache$Segment;
1642:             1             64  [Lorg.conscrypt.HostProperties$OperatingSystem;
1643:             2             64  [Lsun.nio.fs.NativeBuffer; (java.base@11.0.20.1)
1644:             2             64  com.google.cloud.hadoop.fs.gcs.GhfsStorageStatistics
1645:             1             64  com.google.cloud.hadoop.repackaged.gcs.com.fasterxml.jackson.core.JsonFactory
1646:             1             64  com.google.cloud.hadoop.repackaged.gcs.com.fasterxml.jackson.core.sym.ByteQuadsCanonicalizer
1647:             1             64  com.google.cloud.hadoop.repackaged.gcs.com.fasterxml.jackson.core.sym.CharsToNameCanonicalizer
1648:             1             64  com.google.cloud.hadoop.repackaged.gcs.com.google.api.client.googleapis.media.MediaHttpDownloader
1649:             4             64  com.google.cloud.hadoop.repackaged.gcs.com.google.api.core.ListenableFutureToApiFuture
1650:             1             64  com.google.cloud.hadoop.repackaged.gcs.com.google.api.gax.retrying.CallbackChainRetryingFuture
1651:             1             64  com.google.cloud.hadoop.repackaged.gcs.com.google.api.gax.rpc.ServerStreamingAttemptCallable
1652:             1             64  com.google.cloud.hadoop.repackaged.gcs.com.google.api.gax.rpc.Watchdog$WatchdogStream
1653:             1             64  com.google.cloud.hadoop.repackaged.gcs.com.google.auth.oauth2.ComputeEngineCredentials
1654:             2             64  com.google.cloud.hadoop.repackaged.gcs.com.google.cloud.hadoop.util.AutoValue_RetryHttpInitializerOptions
1655:             1             64  com.google.cloud.hadoop.repackaged.gcs.com.google.cloud.hadoop.util.CredentialFactory$ComputeCredentialWithRetry
1656:             1             64  com.google.cloud.hadoop.repackaged.gcs.com.google.common.cache.CacheStats
1657:             4             64  com.google.cloud.hadoop.repackaged.gcs.com.google.common.cache.LocalCache$WriteQueue
1658:             2             64  com.google.cloud.hadoop.repackaged.gcs.com.google.common.io.BaseEncoding$StandardBaseEncoding
1659:             2             64  com.google.cloud.hadoop.repackaged.gcs.com.google.common.util.concurrent.AbstractTransformFuture$TransformFuture
1660:             2             64  com.google.cloud.hadoop.repackaged.gcs.com.google.gson.internal.bind.ReflectiveTypeAdapterFactory
1661:             1             64  com.google.cloud.hadoop.repackaged.gcs.com.google.storage.v2.HmacKeyMetadata
1662:             1             64  com.google.cloud.hadoop.repackaged.gcs.com.google.storage.v2.UpdateBucketRequest
1663:             1             64  com.google.cloud.hadoop.repackaged.gcs.com.google.storage.v2.WriteObjectRequest
1664:             1             64  com.google.cloud.hadoop.repackaged.gcs.io.grpc.alts.internal.HandshakerResult
1665:             4             64  com.google.cloud.hadoop.repackaged.gcs.io.grpc.census.CensusStatsModule$StatsClientInterceptor
1666:             4             64  com.google.cloud.hadoop.repackaged.gcs.io.grpc.census.CensusTracingModule$ServerTracerFactory
1667:             4             64  com.google.cloud.hadoop.repackaged.gcs.io.grpc.census.CensusTracingModule$TracingClientInterceptor
1668:             4             64  com.google.cloud.hadoop.repackaged.gcs.io.grpc.internal.FixedObjectPool
1669:             4             64  com.google.cloud.hadoop.repackaged.gcs.io.grpc.internal.ManagedChannelImpl$2
1670:             4             64  com.google.cloud.hadoop.repackaged.gcs.io.grpc.internal.ManagedChannelImpl$DelayedTransportListener
1671:             4             64  com.google.cloud.hadoop.repackaged.gcs.io.grpc.internal.ManagedChannelImpl$IdleModeTimer
1672:             4             64  com.google.cloud.hadoop.repackaged.gcs.io.grpc.internal.ManagedChannelImpl$RealChannel$1
1673:             4             64  com.google.cloud.hadoop.repackaged.gcs.io.grpc.internal.ManagedChannelImpl$RestrictedScheduledExecutor
1674:             4             64  com.google.cloud.hadoop.repackaged.gcs.io.grpc.internal.Rescheduler$FutureRunnable
1675:             4             64  com.google.cloud.hadoop.repackaged.gcs.io.grpc.internal.RetriableStream$ChannelBufferMeter
1676:             4             64  com.google.cloud.hadoop.repackaged.gcs.io.grpc.netty.shaded.io.netty.channel.epoll.EpollEventLoop$1
1677:             1             64  com.google.cloud.hadoop.repackaged.gcs.io.grpc.netty.shaded.io.netty.handler.ssl.ReferenceCountedOpenSslEngine$DefaultOpenSslSession
1678:             1             64  com.google.cloud.hadoop.repackaged.gcs.io.grpc.netty.shaded.io.netty.util.concurrent.GlobalEventExecutor
1679:             2             64  com.google.cloud.hadoop.repackaged.gcs.io.grpc.netty.shaded.io.netty.util.internal.RecyclableArrayList
1680:             2             64  com.google.cloud.hadoop.repackaged.gcs.io.grpc.rls.ChildLoadBalancerHelper
1681:             2             64  com.google.cloud.hadoop.repackaged.gcs.io.grpc.rls.LbPolicyConfiguration$ChildPolicyWrapper
1682:             1             64  com.google.cloud.hadoop.repackaged.gcs.io.grpc.rls.LinkedHashLruCache$1
1683:             2             64  com.google.cloud.hadoop.repackaged.gcs.io.grpc.stub.ClientCalls$CallToStreamObserverAdapter
1684:             2             64  com.google.cloud.hadoop.repackaged.gcs.io.grpc.xds.AutoValue_HttpConnectionManager
1685:             2             64  com.google.cloud.hadoop.repackaged.gcs.io.grpc.xds.AutoValue_VirtualHost
1686:             4             64  com.google.cloud.hadoop.repackaged.gcs.io.grpc.xds.CdsLoadBalancerProvider$CdsConfig
1687:             4             64  com.google.cloud.hadoop.repackaged.gcs.io.grpc.xds.ClusterResolverLoadBalancer$ClusterResolverLbStateFactory
1688:             4             64  com.google.cloud.hadoop.repackaged.gcs.io.grpc.xds.WrrLocalityLoadBalancer$WrrLocalityConfig
1689:             1             64  com.google.cloud.hadoop.repackaged.gcs.io.grpc.xds.shaded.io.envoyproxy.envoy.config.endpoint.v3.ClusterStats
1690:             1             64  com.google.cloud.hadoop.repackaged.gcs.io.grpc.xds.shaded.io.envoyproxy.envoy.extensions.transport_sockets.tls.v3.DownstreamTlsContext
1691:             1             64  com.google.cloud.hadoop.repackaged.gcs.io.grpc.xds.shaded.io.envoyproxy.envoy.service.discovery.v3.DiscoveryRequest
1692:             2             64  com.google.cloud.hadoop.repackaged.gcs.io.grpc.xds.shaded.udpa.annotations.Migrate$MigrateAnnotation
1693:             2             64  com.google.cloud.hadoop.repackaged.gcs.io.grpc.xds.shaded.xds.annotations.v3.Status$MessageStatusAnnotation
1694:             2             64  com.google.cloud.hadoop.repackaged.gcs.io.opencensus.implcore.metrics.DerivedLongCumulativeImpl
1695:             2             64  com.google.cloud.hadoop.repackaged.gcs.io.opencensus.implcore.trace.StartEndHandlerImpl$SpanEndEvent
1696:             4             64  com.google.cloud.hadoop.repackaged.gcs.io.opencensus.tags.AutoValue_TagMetadata
1697:             4             64  com.google.cloud.hadoop.repackaged.gcs.io.opencensus.trace.TraceOptions
1698:             4             64  java.lang.ClassValue$Identity (java.base@11.0.20.1)
1699:             4             64  java.lang.Float (java.base@11.0.20.1)
1700:             1             64  java.lang.invoke.BoundMethodHandle$Species_LLLIILLLL (java.base@11.0.20.1)
1701:             1             64  java.lang.invoke.BoundMethodHandle$Species_LLLLLIIL (java.base@11.0.20.1)
1702:             1             64  java.lang.invoke.BoundMethodHandle$Species_LLLLLIILL (java.base@11.0.20.1)
1703:             2             64  java.lang.ref.ReferenceQueue$Null (java.base@11.0.20.1)
1704:             1             64  java.text.DateFormatSymbols (java.base@11.0.20.1)
1705:             2             64  java.time.format.DateTimeFormatterBuilder$TextPrinterParser (java.base@11.0.20.1)
1706:             2             64  java.time.temporal.IsoFields$Unit (java.base@11.0.20.1)
1707:             2             64  java.util.ArrayList$ListItr (java.base@11.0.20.1)
1708:             4             64  java.util.Collections$UnmodifiableCollection (java.base@11.0.20.1)
1709:             2             64  java.util.Formatter (java.base@11.0.20.1)
1710:             2             64  java.util.ImmutableCollections$ListItr (java.base@11.0.20.1)
1711:             2             64  java.util.LinkedHashMap$LinkedKeyIterator (java.base@11.0.20.1)
1712:             2             64  java.util.ServiceLoader$ModuleServicesLookupIterator (java.base@11.0.20.1)
1713:             4             64  java.util.TreeMap$KeySet (java.base@11.0.20.1)
1714:             4             64  java.util.concurrent.locks.ReentrantReadWriteLock$ReadLock (java.base@11.0.20.1)
1715:             4             64  java.util.concurrent.locks.ReentrantReadWriteLock$Sync$ThreadLocalHoldCounter (java.base@11.0.20.1)
1716:             4             64  java.util.concurrent.locks.ReentrantReadWriteLock$WriteLock (java.base@11.0.20.1)
1717:             1             64  java.util.logging.LogManager$RootLogger (java.logging@11.0.20.1)
1718:             2             64  java.util.stream.FindOps$FindOp (java.base@11.0.20.1)
1719:             4             64  javax.security.auth.login.AppConfigurationEntry$LoginModuleControlFlag (java.base@11.0.20.1)
1720:             2             64  jdk.internal.loader.URLClassPath$1 (java.base@11.0.20.1)
1721:             1             64  org.apache.hadoop.thirdparty.com.google.common.cache.CacheStats
1722:             2             64  org.apache.hadoop.util.ShutdownHookManager$HookEntry
1723:             1             64  org.apache.log4j.ConsoleAppender
1724:             2             64  org.apache.log4j.helpers.PatternParser$BasicPatternConverter
1725:             4             64  org.bouncycastle.jcajce.provider.asymmetric.ecgost12.KeyFactorySpi
1726:             4             64  org.bouncycastle.pqc.jcajce.provider.xmss.XMSSKeyFactorySpi
1727:             4             64  org.bouncycastle.pqc.jcajce.provider.xmss.XMSSMTKeyFactorySpi
1728:             2             64  org.conscrypt.OpenSSLRSAPublicKey
1729:             4             64  org.conscrypt.OpenSSLRandom
1730:             4             64  org.eclipse.jetty.util.log.JettyAwareLogger
1731:             4             64  org.eclipse.jetty.util.log.Slf4jLog
1732:             2             64  sun.net.www.http.KeepAliveKey (java.base@11.0.20.1)
1733:             2             64  sun.nio.fs.NativeBuffer (java.base@11.0.20.1)
1734:             1             64  sun.security.pkcs12.PKCS12KeyStore (java.base@11.0.20.1)
1735:             2             64  sun.security.provider.FileInputStreamPool$StreamRef (java.base@11.0.20.1)
1736:             4             64  sun.security.ssl.SSLCipher$T11BlockReadCipherGenerator (java.base@11.0.20.1)
1737:             4             64  sun.security.ssl.SSLCipher$T11BlockWriteCipherGenerator (java.base@11.0.20.1)
1738:             4             64  sun.security.util.DisabledAlgorithmConstraints$Constraints (java.base@11.0.20.1)
1739:             2             64  sun.security.x509.NetscapeCertTypeExtension (java.base@11.0.20.1)
1740:             1             56  [Lcom.google.cloud.hadoop.repackaged.gcs.com.fasterxml.jackson.core.JsonGenerator$Feature;
1741:             1             56  [Lcom.google.cloud.hadoop.repackaged.gcs.com.google.gson.stream.JsonToken;
1742:             1             56  [Lcom.google.cloud.hadoop.repackaged.gcs.com.google.protobuf.Descriptors$FieldDescriptor$JavaType;
1743:             1             56  [Lcom.google.cloud.hadoop.repackaged.gcs.com.google.protobuf.WireFormat$JavaType;
1744:             2             56  [Lcom.google.cloud.hadoop.repackaged.gcs.io.grpc.netty.shaded.io.netty.util.concurrent.EventExecutor;
1745:             1             56  [Lcom.google.cloud.hadoop.repackaged.gcs.io.opencensus.trace.export.SampledSpanStore$LatencyBucketBoundaries;
1746:             1             56  [Ljava.lang.Runnable; (java.base@11.0.20.1)
1747:             1             56  [Ljava.nio.file.StandardOpenOption; (java.base@11.0.20.1)
1748:             1             56  [[I (java.base@11.0.20.1)
1749:             1             56  com.ctc.wstx.util.InternCache
1750:             1             56  com.google.cloud.hadoop.fs.gcs.FsBenchmark$$Lambda$343/0x00000008004c6840
1751:             1             56  com.google.cloud.hadoop.repackaged.gcs.com.google.api.client.http.GenericUrl
1752:             1             56  com.google.cloud.hadoop.repackaged.gcs.com.google.cloud.hadoop.gcsio.GoogleCloudStorageClientReadChannel$ContentReadChannel
1753:             1             56  com.google.cloud.hadoop.repackaged.gcs.com.google.cloud.storage.GapicUnbufferedReadableByteChannel
1754:             1             56  com.google.cloud.hadoop.repackaged.gcs.com.google.cloud.storage.GrpcBlobReadChannel
1755:             1             56  com.google.cloud.hadoop.repackaged.gcs.com.google.common.collect.MapMakerInternalMap
1756:             1             56  com.google.cloud.hadoop.repackaged.gcs.com.google.storage.v2.ContentRange
1757:             1             56  com.google.cloud.hadoop.repackaged.gcs.com.google.storage.v2.DeleteBucketRequest
1758:             1             56  com.google.cloud.hadoop.repackaged.gcs.com.google.storage.v2.GetBucketRequest
1759:             1             56  com.google.cloud.hadoop.repackaged.gcs.com.google.storage.v2.ListBucketsRequest
1760:             1             56  com.google.cloud.hadoop.repackaged.gcs.com.google.storage.v2.NotificationConfig
1761:             1             56  com.google.cloud.hadoop.repackaged.gcs.com.google.storage.v2.RewriteResponse
1762:             1             56  com.google.cloud.hadoop.repackaged.gcs.io.grpc.rls.AutoValue_RlsProtoData_RouteLookupConfig
1763:             1             56  com.google.cloud.hadoop.repackaged.gcs.io.grpc.rls.CachingRlsLbClient$DataCacheEntry
1764:             1             56  com.google.cloud.hadoop.repackaged.gcs.io.grpc.xds.shaded.io.envoyproxy.envoy.extensions.filters.http.rbac.v3.RBAC
1765:             1             56  com.google.cloud.hadoop.repackaged.gcs.io.grpc.xds.shaded.io.envoyproxy.envoy.extensions.filters.http.router.v3.Router
1766:             1             56  com.google.cloud.hadoop.repackaged.gcs.io.grpc.xds.shaded.io.envoyproxy.envoy.extensions.load_balancing_policies.ring_hash.v3.RingHash
1767:             1             56  com.google.cloud.hadoop.repackaged.gcs.io.grpc.xds.shaded.io.envoyproxy.envoy.service.discovery.v3.DiscoveryResponse
1768:             1             56  com.sun.security.auth.module.UnixLoginModule (jdk.security.auth@11.0.20.1)
1769:             1             56  java.lang.invoke.BoundMethodHandle$Specializer (java.base@11.0.20.1)
1770:             1             56  java.net.SocketInputStream (java.base@11.0.20.1)
1771:             1             56  java.net.SocketOutputStream (java.base@11.0.20.1)
1772:             1             56  java.net.SocketPermission (java.base@11.0.20.1)
1773:             1             56  java.util.logging.LogManager (java.logging@11.0.20.1)
1774:             1             56  jdk.internal.ref.CleanerImpl$SoftCleanableRef (java.base@11.0.20.1)
1775:             1             56  org.apache.commons.logging.impl.WeakHashtable
1776:             1             56  org.apache.hadoop.thirdparty.com.google.common.collect.MapMakerInternalMap
1777:             1             56  sun.nio.cs.UTF_16BE$Decoder (java.base@11.0.20.1)
1778:             1             56  sun.security.provider.certpath.ldap.JdkLDAP$ProviderService (java.naming@11.0.20.1)
1779:             1             56  sun.security.smartcardio.SunPCSC$ProviderService (java.smartcardio@11.0.20.1)
1780:             1             48  [Lcom.google.cloud.hadoop.repackaged.gcs.com.google.api.client.http.UriTemplate$CompositeOutput;
1781:             2             48  [Lcom.google.cloud.hadoop.repackaged.gcs.com.google.api.client.util.GenericData$Flags;
1782:             2             48  [Lcom.google.cloud.hadoop.repackaged.gcs.com.google.cloud.hadoop.gcsio.GoogleCloudStorageFileSystemOptions$ClientType;
1783:             1             48  [Lcom.google.cloud.hadoop.repackaged.gcs.io.grpc.netty.shaded.io.netty.handler.codec.http2.Http2Stream$State;
1784:             1             48  [Lcom.google.cloud.hadoop.repackaged.gcs.io.grpc.xds.shaded.io.envoyproxy.envoy.config.route.v3.RouteMatch$PathSpecifierCase;
1785:             1             48  [Lcom.google.cloud.hadoop.repackaged.gcs.io.opencensus.metrics.export.MetricDescriptor$Type;
1786:             2             48  [Lcom.google.cloud.hadoop.repackaged.gcs.io.opencensus.trace.Span$Options;
1787:             1             48  [Lcom.sun.beans.introspect.PropertyInfo$Name; (java.desktop@11.0.20.1)
1788:             1             48  [Ljava.beans.WeakIdentityMap$Entry; (java.desktop@11.0.20.1)
1789:             3             48  [Ljava.lang.Throwable; (java.base@11.0.20.1)
1790:             3             48  [Ljava.lang.annotation.Annotation; (java.base@11.0.20.1)
1791:             1             48  [Ljava.math.RoundingMode; (java.base@11.0.20.1)
1792:             2             48  [Ljava.net.InterfaceAddress; (java.base@11.0.20.1)
1793:             1             48  [Ljava.security.cert.CertPathValidatorException$BasicReason; (java.base@11.0.20.1)
1794:             2             48  [Ljava.util.concurrent.ConcurrentHashMap$CounterCell; (java.base@11.0.20.1)
1795:             1             48  [Ljava.util.concurrent.ForkJoinPool$WorkQueue; (java.base@11.0.20.1)
1796:             1             48  [Ljava.util.concurrent.TimeUnit; (java.base@11.0.20.1)
1797:             2             48  [Ljavax.security.cert.X509Certificate; (java.base@11.0.20.1)
1798:             1             48  [Lorg.apache.hadoop.conf.Configuration$DeprecationDelta;
1799:             1             48  [Lorg.apache.hadoop.conf.Configuration$ParsedTimeDuration;
1800:             2             48  [Lorg.apache.hadoop.fs.ReadOption;
1801:             1             48  [Lorg.apache.hadoop.metrics2.impl.MsInfo;
1802:             1             48  [Lorg.conscrypt.OpenSSLCipher$Mode;
1803:             1             48  [Lsun.security.x509.NetscapeCertTypeExtension$MapEntry; (java.base@11.0.20.1)
1804:             3             48  com.ctc.wstx.api.WstxInputProperties$ParsingMode
1805:             2             48  com.google.cloud.hadoop.repackaged.gcs.com.fasterxml.jackson.core.util.BufferRecycler
1806:             2             48  com.google.cloud.hadoop.repackaged.gcs.com.google.api.client.http.HttpRequestFactory
1807:             3             48  com.google.cloud.hadoop.repackaged.gcs.com.google.api.client.http.javanet.DefaultConnectionFactory
1808:             1             48  com.google.cloud.hadoop.repackaged.gcs.com.google.api.client.util.ExponentialBackOff$Builder
1809:             3             48  com.google.cloud.hadoop.repackaged.gcs.com.google.api.core.SettableApiFuture
1810:             1             48  com.google.cloud.hadoop.repackaged.gcs.com.google.api.gax.retrying.AutoValue_TimedAttemptSettings
1811:             1             48  com.google.cloud.hadoop.repackaged.gcs.com.google.api.gax.rpc.AbortedException
1812:             1             48  com.google.cloud.hadoop.repackaged.gcs.com.google.api.gax.rpc.AlreadyExistsException
1813:             1             48  com.google.cloud.hadoop.repackaged.gcs.com.google.api.gax.rpc.CancelledException
1814:             1             48  com.google.cloud.hadoop.repackaged.gcs.com.google.api.gax.rpc.DataLossException
1815:             1             48  com.google.cloud.hadoop.repackaged.gcs.com.google.api.gax.rpc.DeadlineExceededException
1816:             1             48  com.google.cloud.hadoop.repackaged.gcs.com.google.api.gax.rpc.FailedPreconditionException
1817:             1             48  com.google.cloud.hadoop.repackaged.gcs.com.google.api.gax.rpc.InternalException
1818:             1             48  com.google.cloud.hadoop.repackaged.gcs.com.google.api.gax.rpc.InvalidArgumentException
1819:             1             48  com.google.cloud.hadoop.repackaged.gcs.com.google.api.gax.rpc.NotFoundException
1820:             1             48  com.google.cloud.hadoop.repackaged.gcs.com.google.api.gax.rpc.OutOfRangeException
1821:             1             48  com.google.cloud.hadoop.repackaged.gcs.com.google.api.gax.rpc.PermissionDeniedException
1822:             1             48  com.google.cloud.hadoop.repackaged.gcs.com.google.api.gax.rpc.ResourceExhaustedException
1823:             1             48  com.google.cloud.hadoop.repackaged.gcs.com.google.api.gax.rpc.UnauthenticatedException
1824:             1             48  com.google.cloud.hadoop.repackaged.gcs.com.google.api.gax.rpc.UnavailableException
1825:             1             48  com.google.cloud.hadoop.repackaged.gcs.com.google.api.gax.rpc.UnimplementedException
1826:             1             48  com.google.cloud.hadoop.repackaged.gcs.com.google.api.services.storage.Storage
1827:             2             48  com.google.cloud.hadoop.repackaged.gcs.com.google.auth.oauth2.AccessToken
1828:             2             48  com.google.cloud.hadoop.repackaged.gcs.com.google.auth.oauth2.DefaultCredentialsProvider
1829:             2             48  com.google.cloud.hadoop.repackaged.gcs.com.google.auth.oauth2.OAuth2Credentials$OAuthValue
1830:             3             48  com.google.cloud.hadoop.repackaged.gcs.com.google.cloud.hadoop.gcsio.AutoValue_ListFileOptions
1831:             2             48  com.google.cloud.hadoop.repackaged.gcs.com.google.cloud.hadoop.gcsio.AutoValue_PerformanceCachingGoogleCloudStorageOptions
1832:             2             48  com.google.cloud.hadoop.repackaged.gcs.com.google.cloud.hadoop.gcsio.GoogleCloudStorageFileSystemOptions$ClientType
1833:             2             48  com.google.cloud.hadoop.repackaged.gcs.com.google.cloud.hadoop.gcsio.GoogleCloudStorageOptions$MetricsSink
1834:             2             48  com.google.cloud.hadoop.repackaged.gcs.com.google.cloud.hadoop.gcsio.cooplock.AutoValue_CooperativeLockingOptions
1835:             2             48  com.google.cloud.hadoop.repackaged.gcs.com.google.cloud.hadoop.util.AsyncWriteChannelOptions$PipeType
1836:             2             48  com.google.cloud.hadoop.repackaged.gcs.com.google.cloud.hadoop.util.AutoValue_RequesterPaysOptions
1837:             1             48  com.google.cloud.hadoop.repackaged.gcs.com.google.cloud.hadoop.util.CredentialAdapter
1838:             2             48  com.google.cloud.hadoop.repackaged.gcs.com.google.cloud.hadoop.util.HttpTransportFactory$CustomSslSocketFactory
1839:             2             48  com.google.cloud.hadoop.repackaged.gcs.com.google.cloud.hadoop.util.HttpTransportFactory$HttpTransportType
1840:             2             48  com.google.cloud.hadoop.repackaged.gcs.com.google.cloud.storage.DefaultStorageRetryStrategy$InterceptorImpl
1841:             1             48  com.google.cloud.hadoop.repackaged.gcs.com.google.cloud.storage.GrpcStorageImpl
1842:             2             48  com.google.cloud.hadoop.repackaged.gcs.com.google.cloud.storage.GrpcStorageOptions$ReadObjectResumptionStrategy
1843:             2             48  com.google.cloud.hadoop.repackaged.gcs.com.google.cloud.storage.UnifiedOpts$Fields
1844:             3             48  com.google.cloud.hadoop.repackaged.gcs.com.google.cloud.storage.UnifiedOpts$Opts
1845:             2             48  com.google.cloud.hadoop.repackaged.gcs.com.google.common.base.Converter$ReverseConverter
1846:             1             48  com.google.cloud.hadoop.repackaged.gcs.com.google.common.collect.HashMultimap
1847:             2             48  com.google.cloud.hadoop.repackaged.gcs.com.google.common.collect.RegularImmutableMap$KeySet
1848:             3             48  com.google.cloud.hadoop.repackaged.gcs.com.google.common.escape.Escaper$$Lambda$440/0x0000000800536040
1849:             3             48  com.google.cloud.hadoop.repackaged.gcs.com.google.common.primitives.UnsignedInteger
1850:             2             48  com.google.cloud.hadoop.repackaged.gcs.com.google.gson.internal.ConstructorConstructor
1851:             2             48  com.google.cloud.hadoop.repackaged.gcs.com.google.gson.internal.bind.MapTypeAdapterFactory
1852:             2             48  com.google.cloud.hadoop.repackaged.gcs.com.google.gson.internal.bind.TypeAdapters$33
1853:             2             48  com.google.cloud.hadoop.repackaged.gcs.com.google.gson.reflect.TypeToken
1854:             1             48  com.google.cloud.hadoop.repackaged.gcs.com.google.longrunning.ListOperationsRequest
1855:             1             48  com.google.cloud.hadoop.repackaged.gcs.com.google.longrunning.Operation
1856:             1             48  com.google.cloud.hadoop.repackaged.gcs.com.google.longrunning.stub.GrpcOperationsStub
1857:             1             48  com.google.cloud.hadoop.repackaged.gcs.com.google.storage.v2.CreateBucketRequest
1858:             1             48  com.google.cloud.hadoop.repackaged.gcs.com.google.storage.v2.ListHmacKeysRequest
1859:             1             48  com.google.cloud.hadoop.repackaged.gcs.com.lmax.disruptor.BatchEventProcessor
1860:             1             48  com.google.cloud.hadoop.repackaged.gcs.com.lmax.disruptor.MultiProducerSequencer
1861:             2             48  com.google.cloud.hadoop.repackaged.gcs.com.lmax.disruptor.dsl.ProducerType
1862:             2             48  com.google.cloud.hadoop.repackaged.gcs.io.grpc.Context
1863:             2             48  com.google.cloud.hadoop.repackaged.gcs.io.grpc.DecompressorRegistry$DecompressorInfo
1864:             2             48  com.google.cloud.hadoop.repackaged.gcs.io.grpc.InternalKnownTransport
1865:             2             48  com.google.cloud.hadoop.repackaged.gcs.io.grpc.alts.internal.AltsTsiFrameProtector$DeframerState
1866:             1             48  com.google.cloud.hadoop.repackaged.gcs.io.grpc.alts.internal.HandshakerResp
1867:             2             48  com.google.cloud.hadoop.repackaged.gcs.io.grpc.grpclb.GrpclbState$Mode
1868:             3             48  com.google.cloud.hadoop.repackaged.gcs.io.grpc.internal.ClientCallImpl$ContextCancellationListener
1869:             3             48  com.google.cloud.hadoop.repackaged.gcs.io.grpc.internal.InsightBuilder
1870:             2             48  com.google.cloud.hadoop.repackaged.gcs.io.grpc.internal.MessageDeframer$State
1871:             3             48  com.google.cloud.hadoop.repackaged.gcs.io.grpc.internal.MessageFramer$OutputStreamAdapter
1872:             3             48  com.google.cloud.hadoop.repackaged.gcs.io.grpc.internal.RetriableStream$1
1873:             1             48  com.google.cloud.hadoop.repackaged.gcs.io.grpc.lookup.v1.RouteLookupRequest
1874:             3             48  com.google.cloud.hadoop.repackaged.gcs.io.grpc.netty.shaded.io.grpc.netty.NettyChannelBuilder$LocalSocketPicker
1875:             3             48  com.google.cloud.hadoop.repackaged.gcs.io.grpc.netty.shaded.io.grpc.netty.NettyChannelCredentials
1876:             3             48  com.google.cloud.hadoop.repackaged.gcs.io.grpc.netty.shaded.io.grpc.netty.NettyClientStream$Sink
1877:             3             48  com.google.cloud.hadoop.repackaged.gcs.io.grpc.netty.shaded.io.grpc.netty.NettyWritableBufferAllocator
1878:             2             48  com.google.cloud.hadoop.repackaged.gcs.io.grpc.netty.shaded.io.grpc.netty.Utils$EventLoopGroupType
1879:             2             48  com.google.cloud.hadoop.repackaged.gcs.io.grpc.netty.shaded.io.netty.buffer.PoolArena$SizeClass
1880:             2             48  com.google.cloud.hadoop.repackaged.gcs.io.grpc.netty.shaded.io.netty.buffer.PooledByteBufAllocator$PoolThreadLocalCache
1881:             1             48  com.google.cloud.hadoop.repackaged.gcs.io.grpc.netty.shaded.io.netty.buffer.UnpooledHeapByteBuf
1882:             3             48  com.google.cloud.hadoop.repackaged.gcs.io.grpc.netty.shaded.io.netty.channel.ReflectiveChannelFactory
1883:             1             48  com.google.cloud.hadoop.repackaged.gcs.io.grpc.netty.shaded.io.netty.handler.codec.http2.CharSequenceMap
1884:             1             48  com.google.cloud.hadoop.repackaged.gcs.io.grpc.netty.shaded.io.netty.handler.codec.http2.HpackDecoder$Http2HeadersSink
1885:             2             48  com.google.cloud.hadoop.repackaged.gcs.io.grpc.netty.shaded.io.netty.handler.codec.http2.Http2FrameLogger$Direction
1886:             3             48  com.google.cloud.hadoop.repackaged.gcs.io.grpc.netty.shaded.io.netty.handler.ssl.OpenSslDefaultApplicationProtocolNegotiator
1887:             3             48  com.google.cloud.hadoop.repackaged.gcs.io.grpc.netty.shaded.io.netty.handler.ssl.OpenSslSessionStats
1888:             3             48  com.google.cloud.hadoop.repackaged.gcs.io.grpc.netty.shaded.io.netty.handler.ssl.ReferenceCountedOpenSslContext$DefaultOpenSslEngineMap
1889:             2             48  com.google.cloud.hadoop.repackaged.gcs.io.grpc.netty.shaded.io.netty.handler.ssl.SslHandler$SslTasksRunner
1890:             3             48  com.google.cloud.hadoop.repackaged.gcs.io.grpc.netty.shaded.io.netty.util.DefaultAttributeMap
1891:             1             48  com.google.cloud.hadoop.repackaged.gcs.io.grpc.netty.shaded.io.netty.util.ResourceLeakDetector$TraceRecord$1
1892:             2             48  com.google.cloud.hadoop.repackaged.gcs.io.grpc.netty.shaded.io.netty.util.concurrent.DefaultEventExecutorChooserFactory$PowerOfTwoEventExecutorChooser
1893:             3             48  com.google.cloud.hadoop.repackaged.gcs.io.grpc.netty.shaded.io.netty.util.concurrent.PromiseTask$SentinelRunnable
1894:             2             48  com.google.cloud.hadoop.repackaged.gcs.io.grpc.rls.AutoValue_RlsProtoData_ExtraKeys
1895:             1             48  com.google.cloud.hadoop.repackaged.gcs.io.grpc.rls.CachingRlsLbClient$RlsAsyncLruCache
1896:             2             48  com.google.cloud.hadoop.repackaged.gcs.io.grpc.rls.LbPolicyConfiguration$ChildPolicyWrapper$ChildPolicyReportingHelper
1897:             2             48  com.google.cloud.hadoop.repackaged.gcs.io.grpc.rls.LbPolicyConfiguration$RefCountedChildPolicyWrapper
1898:             2             48  com.google.cloud.hadoop.repackaged.gcs.io.grpc.stub.ClientCalls$StreamObserverToCallListenerAdapter
1899:             3             48  com.google.cloud.hadoop.repackaged.gcs.io.grpc.util.MultiChildLoadBalancer$ChildLbState$ChildLbStateHelper
1900:             2             48  com.google.cloud.hadoop.repackaged.gcs.io.grpc.xds.AutoValue_Bootstrapper_ServerInfo
1901:             2             48  com.google.cloud.hadoop.repackaged.gcs.io.grpc.xds.AutoValue_ClusterSpecifierPlugin_NamedPluginConfig
1902:             2             48  com.google.cloud.hadoop.repackaged.gcs.io.grpc.xds.AutoValue_XdsListenerResource_LdsUpdate
1903:             2             48  com.google.cloud.hadoop.repackaged.gcs.io.grpc.xds.ClusterManagerLoadBalancer$1
1904:             2             48  com.google.cloud.hadoop.repackaged.gcs.io.grpc.xds.ClusterResolverLoadBalancerProvider$ClusterResolverConfig$DiscoveryMechanism$Type
1905:             2             48  com.google.cloud.hadoop.repackaged.gcs.io.grpc.xds.orca.OrcaPerRequestUtil$OrcaReportingTracerFactory
1906:             1             48  com.google.cloud.hadoop.repackaged.gcs.io.grpc.xds.shaded.io.envoyproxy.envoy.api.v2.ClusterLoadAssignment
1907:             1             48  com.google.cloud.hadoop.repackaged.gcs.io.grpc.xds.shaded.io.envoyproxy.envoy.config.endpoint.v3.ClusterLoadAssignment$Policy
1908:             1             48  com.google.cloud.hadoop.repackaged.gcs.io.grpc.xds.shaded.io.envoyproxy.envoy.config.filter.http.router.v2.Router
1909:             1             48  com.google.cloud.hadoop.repackaged.gcs.io.grpc.xds.shaded.io.envoyproxy.envoy.extensions.load_balancing_policies.least_request.v3.LeastRequest
1910:             1             48  com.google.cloud.hadoop.repackaged.gcs.io.grpc.xds.shaded.io.envoyproxy.envoy.extensions.transport_sockets.tls.v3.UpstreamTlsContext
1911:             2             48  com.google.cloud.hadoop.repackaged.gcs.io.opencensus.implcore.internal.CurrentState$State
1912:             2             48  com.google.cloud.hadoop.repackaged.gcs.io.opencensus.implcore.stats.MeasureMapImpl
1913:             2             48  com.google.cloud.hadoop.repackaged.gcs.io.opencensus.implcore.stats.MeasureMapInternal
1914:             2             48  com.google.cloud.hadoop.repackaged.gcs.io.opencensus.implcore.stats.MeasureMapInternal$Builder
1915:             2             48  com.google.cloud.hadoop.repackaged.gcs.io.opencensus.implcore.stats.MeasureMapInternal$MeasureMapInternalIterator
1916:             2             48  com.google.cloud.hadoop.repackaged.gcs.io.opencensus.implcore.stats.StatsManager$StatsEvent
1917:             2             48  com.google.cloud.hadoop.repackaged.gcs.io.opencensus.tags.TagMetadata$TagTtl
1918:             2             48  com.google.cloud.hadoop.repackaged.gcs.io.opencensus.trace.MessageEvent$Type
1919:             3             48  com.google.cloud.hadoop.repackaged.gcs.io.opencensus.trace.unsafe.ContextHandleImpl
1920:             1             48  com.sun.jndi.dns.DNSDatagramSocketFactory (jdk.naming.dns@11.0.20.1)
1921:             1             48  com.sun.jndi.dns.ZoneNode (jdk.naming.dns@11.0.20.1)
1922:             3             48  com.sun.proxy.$Proxy8
1923:             2             48  java.io.ExpiringCache$Entry (java.base@11.0.20.1)
1924:             2             48  java.io.File$PathStatus (java.base@11.0.20.1)
1925:             3             48  java.lang.Boolean (java.base@11.0.20.1)
1926:             1             48  java.lang.ProcessHandleImpl (java.base@11.0.20.1)
1927:             2             48  java.lang.ThreadLocal$SuppliedThreadLocal (java.base@11.0.20.1)
1928:             1             48  java.lang.invoke.BoundMethodHandle$Specializer$Factory (java.base@11.0.20.1)
1929:             1             48  java.lang.invoke.BoundMethodHandle$Species_LLLL (java.base@11.0.20.1)
1930:             1             48  java.lang.invoke.MethodHandleImpl$WrappedMember (java.base@11.0.20.1)
1931:             2             48  java.lang.management.ManagementPermission (java.management@11.0.20.1)
1932:             2             48  java.lang.reflect.ReflectPermission (java.base@11.0.20.1)
1933:             1             48  java.net.SocketCleanable (java.base@11.0.20.1)
1934:             2             48  java.net.StandardProtocolFamily (java.base@11.0.20.1)
1935:             3             48  java.nio.charset.CodingErrorAction (java.base@11.0.20.1)
1936:             2             48  java.time.format.DateTimeFormatterBuilder$1 (java.base@11.0.20.1)
1937:             2             48  java.time.format.DateTimeFormatterBuilder$ZoneIdPrinterParser (java.base@11.0.20.1)
1938:             2             48  java.time.format.DateTimeTextProvider$LocaleStore (java.base@11.0.20.1)
1939:             3             48  java.util.Base64$Decoder (java.base@11.0.20.1)
1940:             2             48  java.util.Comparator$$Lambda$185/0x0000000800326040 (java.base@11.0.20.1)
1941:             3             48  java.util.Optional (java.base@11.0.20.1)
1942:             3             48  java.util.ResourceBundle$NoFallbackControl (java.base@11.0.20.1)
1943:             2             48  java.util.ServiceLoader$2 (java.base@11.0.20.1)
1944:             1             48  java.util.concurrent.ArrayBlockingQueue (java.base@11.0.20.1)
1945:             2             48  java.util.function.BiFunction$$Lambda$430/0x0000000800522c40 (java.base@11.0.20.1)
1946:             1             48  java.util.logging.ConsoleHandler (java.logging@11.0.20.1)
1947:             2             48  java.util.logging.Logger$LoggerBundle (java.logging@11.0.20.1)
1948:             2             48  java.util.logging.LoggingPermission (java.logging@11.0.20.1)
1949:             1             48  java.util.regex.Pattern$GroupCurly (java.base@11.0.20.1)
1950:             2             48  javax.crypto.CryptoPermissions (java.base@11.0.20.1)
1951:             2             48  javax.security.auth.login.LoginContext$ModuleInfo (java.base@11.0.20.1)
1952:             1             48  jdk.internal.jimage.ImageHeader (java.base@11.0.20.1)
1953:             2             48  jdk.internal.misc.Signal$NativeHandler (java.base@11.0.20.1)
1954:             3             48  jdk.internal.module.ServicesCatalog (java.base@11.0.20.1)
1955:             1             48  jdk.internal.ref.CleanerImpl$WeakCleanableRef (java.base@11.0.20.1)
1956:             1             48  org.apache.commons.cli.Option
1957:             1             48  org.apache.commons.logging.impl.LogFactoryImpl
1958:             2             48  org.apache.hadoop.fs.FileSystemStorageStatistics
1959:             2             48  org.apache.hadoop.io.Text
1960:             2             48  org.apache.hadoop.metrics2.lib.MetricsRegistry
1961:             2             48  org.apache.hadoop.thirdparty.com.google.common.collect.ImmutableMapEntry$NonTerminalImmutableMapEntry
1962:             1             48  org.apache.log4j.Hierarchy
1963:             1             48  org.apache.log4j.helpers.PatternParser
1964:             3             48  org.bouncycastle.pqc.jcajce.provider.qtesla.QTESLAKeyFactorySpi
1965:             1             48  org.conscrypt.ConscryptEngineSocket$SSLInputStream
1966:             2             48  org.conscrypt.NativeRef$EC_GROUP
1967:             1             48  org.conscrypt.NativeSsl
1968:             2             48  org.conscrypt.OpenSSLECPublicKey
1969:             2             48  org.conscrypt.OpenSSLSignature$EngineType
1970:             2             48  org.conscrypt.OpenSSLX509CertPath$Encoding
1971:             1             48  sun.net.www.http.KeepAliveCache (java.base@11.0.20.1)
1972:             1             48  sun.nio.ch.IOVecWrapper (java.base@11.0.20.1)
1973:             1             48  sun.nio.ch.SelectionKeyImpl (java.base@11.0.20.1)
1974:             2             48  sun.nio.fs.NativeBuffer$Deallocator (java.base@11.0.20.1)
1975:             2             48  sun.security.jca.ProviderList (java.base@11.0.20.1)
1976:             2             48  sun.security.jca.ProviderList$3 (java.base@11.0.20.1)
1977:             2             48  sun.security.rsa.RSAUtil$KeyType (java.base@11.0.20.1)
1978:             2             48  sun.security.ssl.SSLAlgorithmConstraints (java.base@11.0.20.1)
1979:             3             48  sun.security.ssl.SSLCipher$StreamReadCipherGenerator (java.base@11.0.20.1)
1980:             3             48  sun.security.ssl.SSLCipher$StreamWriteCipherGenerator (java.base@11.0.20.1)
1981:             2             48  sun.security.util.DisabledAlgorithmConstraints$jdkCAConstraint (java.base@11.0.20.1)
1982:             2             48  sun.security.x509.Extension (java.base@11.0.20.1)
1983:             1             48  sun.text.normalizer.CharTrie (java.base@11.0.20.1)
1984:             1             48  sun.text.normalizer.UCharacterProperty (java.base@11.0.20.1)
1985:             3             48  sun.text.normalizer.VersionInfo (java.base@11.0.20.1)
1986:             1             40  [Lcom.google.cloud.hadoop.repackaged.gcs.com.fasterxml.jackson.core.JsonEncoding;
1987:             1             40  [Lcom.google.cloud.hadoop.repackaged.gcs.com.google.api.gax.tracing.ApiTracerFactory$OperationType;
1988:             1             40  [Lcom.google.cloud.hadoop.repackaged.gcs.com.google.api.pathtemplate.PathTemplate$SegmentKind;
1989:             1             40  [Lcom.google.cloud.hadoop.repackaged.gcs.com.google.common.flogger.backend.FormatType;
1990:             1             40  [Lcom.google.cloud.hadoop.repackaged.gcs.com.google.gson.FieldNamingPolicy;
1991:             1             40  [Lcom.google.cloud.hadoop.repackaged.gcs.io.grpc.ConnectivityState;
1992:             1             40  [Lcom.google.cloud.hadoop.repackaged.gcs.io.grpc.MethodDescriptor$MethodType;
1993:             1             40  [Lcom.google.cloud.hadoop.repackaged.gcs.io.grpc.internal.KeepAliveManager$State;
1994:             1             40  [Lcom.google.cloud.hadoop.repackaged.gcs.io.grpc.netty.shaded.io.netty.handler.codec.http.HttpStatusClass;
1995:             1             40  [Lcom.google.cloud.hadoop.repackaged.gcs.io.grpc.netty.shaded.io.netty.handler.codec.http2.Http2Headers$PseudoHeaderName;
1996:             1             40  [Lcom.google.cloud.hadoop.repackaged.gcs.io.grpc.netty.shaded.io.netty.handler.logging.LogLevel;
1997:             1             40  [Lcom.google.cloud.hadoop.repackaged.gcs.io.grpc.netty.shaded.io.netty.util.internal.logging.InternalLogLevel;
1998:             1             40  [Lcom.google.cloud.hadoop.repackaged.gcs.io.grpc.rls.LruCache$EvictionType;
1999:             1             40  [Lcom.google.cloud.hadoop.repackaged.gcs.io.grpc.xds.XdsClient$ResourceMetadata$ResourceMetadataStatus;
2000:             1             40  [Lcom.google.cloud.hadoop.repackaged.gcs.io.grpc.xds.XdsLogger$XdsLogLevel;
2001:             1             40  [Lcom.google.cloud.hadoop.repackaged.gcs.io.grpc.xds.shaded.io.envoyproxy.envoy.config.route.v3.Route$ActionCase;
2002:             1             40  [Lcom.google.cloud.hadoop.repackaged.gcs.io.grpc.xds.shaded.io.envoyproxy.envoy.config.route.v3.RouteAction$ClusterSpecifierCase;
2003:             1             40  [Lcom.google.cloud.hadoop.repackaged.gcs.io.grpc.xds.shaded.io.envoyproxy.envoy.config.route.v3.RouteAction$HashPolicy$PolicySpecifierCase;
2004:             1             40  [Ljava.lang.Thread$State; (java.base@11.0.20.1)
2005:             1             40  [Ljava.lang.invoke.StringConcatFactory$Strategy; (java.base@11.0.20.1)
2006:             1             40  [Ljava.lang.invoke.VarHandle$AccessType; (java.base@11.0.20.1)
2007:             1             40  [Ljava.nio.charset.Charset; (java.base@11.0.20.1)
2008:             1             40  [Ljava.time.format.SignStyle; (java.base@11.0.20.1)
2009:             1             40  [Ljava.time.format.TextStyle; (java.base@11.0.20.1)
2010:             1             40  [Ljava.util.Formatter$Flags; (java.base@11.0.20.1)
2011:             1             40  [Ljava.util.stream.StreamOpFlag; (java.base@11.0.20.1)
2012:             1             40  [Ljavax.net.ssl.SSLEngineResult$HandshakeStatus; (java.base@11.0.20.1)
2013:             1             40  [Lorg.apache.hadoop.security.SaslRpcServer$AuthMethod;
2014:             1             40  [Lorg.apache.hadoop.util.Shell$OSType;
2015:             1             40  [Lsun.security.ssl.CipherSuite$MacAlg; (java.base@11.0.20.1)
2016:             1             40  [Lsun.security.util.DisabledAlgorithmConstraints$Constraint$Operator; (java.base@11.0.20.1)
2017:             1             40  [Lsun.util.locale.provider.LocaleProviderAdapter$Type; (java.base@11.0.20.1)
2018:             1             40  [[Ljava.lang.invoke.LambdaForm$Name; (java.base@11.0.20.1)
2019:             1             40  com.google.cloud.hadoop.repackaged.gcs.com.fasterxml.jackson.core.sym.ByteQuadsCanonicalizer$TableInfo
2020:             1             40  com.google.cloud.hadoop.repackaged.gcs.com.google.api.client.http.javanet.NetHttpRequest
2021:             1             40  com.google.cloud.hadoop.repackaged.gcs.com.google.api.gax.grpc.AutoValue_ChannelPoolSettings
2022:             1             40  com.google.cloud.hadoop.repackaged.gcs.com.google.api.gax.grpc.ChannelPool
2023:             1             40  com.google.cloud.hadoop.repackaged.gcs.com.google.api.gax.grpc.GrpcDirectStreamController
2024:             1             40  com.google.cloud.hadoop.repackaged.gcs.com.google.api.gax.retrying.ServerStreamingAttemptException
2025:             1             40  com.google.cloud.hadoop.repackaged.gcs.com.google.common.collect.ImmutableSet$RegularSetBuilderImpl
2026:             1             40  com.google.cloud.hadoop.repackaged.gcs.com.google.common.flogger.context.Tags$LightweightTagMap
2027:             1             40  com.google.cloud.hadoop.repackaged.gcs.com.google.common.util.concurrent.AbstractFuture$Failure$1
2028:             1             40  com.google.cloud.hadoop.repackaged.gcs.com.google.gson.internal.Excluder
2029:             1             40  com.google.cloud.hadoop.repackaged.gcs.com.google.iam.v1.GetIamPolicyRequest
2030:             1             40  com.google.cloud.hadoop.repackaged.gcs.com.google.iam.v1.Policy
2031:             1             40  com.google.cloud.hadoop.repackaged.gcs.com.google.iam.v1.SetIamPolicyRequest
2032:             1             40  com.google.cloud.hadoop.repackaged.gcs.com.google.iam.v1.TestIamPermissionsRequest
2033:             1             40  com.google.cloud.hadoop.repackaged.gcs.com.google.longrunning.ListOperationsResponse
2034:             1             40  com.google.cloud.hadoop.repackaged.gcs.com.google.longrunning.WaitOperationRequest
2035:             1             40  com.google.cloud.hadoop.repackaged.gcs.com.google.protobuf.DoubleValue
2036:             1             40  com.google.cloud.hadoop.repackaged.gcs.com.google.protobuf.Int64Value
2037:             1             40  com.google.cloud.hadoop.repackaged.gcs.com.google.protobuf.UInt64Value
2038:             1             40  com.google.cloud.hadoop.repackaged.gcs.com.google.protobuf.Value
2039:             1             40  com.google.cloud.hadoop.repackaged.gcs.com.google.storage.v2.CreateHmacKeyRequest
2040:             1             40  com.google.cloud.hadoop.repackaged.gcs.com.google.storage.v2.CreateHmacKeyResponse
2041:             1             40  com.google.cloud.hadoop.repackaged.gcs.com.google.storage.v2.CreateNotificationConfigRequest
2042:             1             40  com.google.cloud.hadoop.repackaged.gcs.com.google.storage.v2.DeleteHmacKeyRequest
2043:             1             40  com.google.cloud.hadoop.repackaged.gcs.com.google.storage.v2.GetHmacKeyRequest
2044:             1             40  com.google.cloud.hadoop.repackaged.gcs.com.google.storage.v2.ListBucketsResponse
2045:             1             40  com.google.cloud.hadoop.repackaged.gcs.com.google.storage.v2.ListHmacKeysResponse
2046:             1             40  com.google.cloud.hadoop.repackaged.gcs.com.google.storage.v2.ListNotificationConfigsRequest
2047:             1             40  com.google.cloud.hadoop.repackaged.gcs.com.google.storage.v2.ListNotificationConfigsResponse
2048:             1             40  com.google.cloud.hadoop.repackaged.gcs.com.google.storage.v2.ListObjectsResponse
2049:             1             40  com.google.cloud.hadoop.repackaged.gcs.com.google.storage.v2.LockBucketRetentionPolicyRequest
2050:             1             40  com.google.cloud.hadoop.repackaged.gcs.com.google.storage.v2.QueryWriteStatusRequest
2051:             1             40  com.google.cloud.hadoop.repackaged.gcs.com.google.storage.v2.QueryWriteStatusResponse
2052:             1             40  com.google.cloud.hadoop.repackaged.gcs.com.google.storage.v2.StartResumableWriteRequest
2053:             1             40  com.google.cloud.hadoop.repackaged.gcs.com.google.storage.v2.UpdateHmacKeyRequest
2054:             1             40  com.google.cloud.hadoop.repackaged.gcs.com.google.storage.v2.WriteObjectResponse
2055:             1             40  com.google.cloud.hadoop.repackaged.gcs.io.grpc.alts.internal.HandshakerReq
2056:             1             40  com.google.cloud.hadoop.repackaged.gcs.io.grpc.alts.internal.HandshakerStatus
2057:             1             40  com.google.cloud.hadoop.repackaged.gcs.io.grpc.alts.internal.Identity
2058:             1             40  com.google.cloud.hadoop.repackaged.gcs.io.grpc.internal.ManagedChannelImpl$ConfigSelectingClientCall
2059:             1             40  com.google.cloud.hadoop.repackaged.gcs.io.grpc.lookup.v1.RouteLookupResponse
2060:             1             40  com.google.cloud.hadoop.repackaged.gcs.io.grpc.netty.shaded.io.netty.channel.socket.nio.NioSocketChannel$NioSocketChannelUnsafe
2061:             1             40  com.google.cloud.hadoop.repackaged.gcs.io.grpc.netty.shaded.io.netty.handler.codec.http2.DefaultHttp2FrameReader$2
2062:             1             40  com.google.cloud.hadoop.repackaged.gcs.io.grpc.netty.shaded.io.netty.util.concurrent.DefaultPromise$StacklessCancellationException
2063:             1             40  com.google.cloud.hadoop.repackaged.gcs.io.grpc.rls.AdaptiveThrottler
2064:             1             40  com.google.cloud.hadoop.repackaged.gcs.io.grpc.rls.RlsLoadBalancer
2065:             1             40  com.google.cloud.hadoop.repackaged.gcs.io.grpc.xds.AutoValue_Bootstrapper_BootstrapInfo
2066:             1             40  com.google.cloud.hadoop.repackaged.gcs.io.grpc.xds.LoadReportClient$LrsStream
2067:             1             40  com.google.cloud.hadoop.repackaged.gcs.io.grpc.xds.SharedXdsClientPoolProvider$RefCountedXdsClientObjectPool
2068:             1             40  com.google.cloud.hadoop.repackaged.gcs.io.grpc.xds.shaded.io.envoyproxy.envoy.extensions.filters.http.rbac.v3.RBACPerRoute
2069:             1             40  com.google.cloud.hadoop.repackaged.gcs.io.grpc.xds.shaded.io.envoyproxy.envoy.extensions.load_balancing_policies.round_robin.v3.RoundRobin
2070:             1             40  com.google.cloud.hadoop.repackaged.gcs.io.grpc.xds.shaded.io.envoyproxy.envoy.service.load_stats.v3.LoadStatsRequest
2071:             1             40  com.google.cloud.hadoop.repackaged.gcs.io.grpc.xds.shaded.io.envoyproxy.envoy.service.load_stats.v3.LoadStatsResponse
2072:             1             40  com.sun.beans.introspect.ClassInfo$1 (java.desktop@11.0.20.1)
2073:             1             40  com.sun.management.internal.DiagnosticCommandImpl (jdk.management@11.0.20.1)
2074:             1             40  com.sun.security.auth.module.UnixSystem (jdk.security.auth@11.0.20.1)
2075:             1             40  java.beans.WeakIdentityMap$Entry (java.desktop@11.0.20.1)
2076:             1             40  java.io.FileNotFoundException (java.base@11.0.20.1)
2077:             1             40  java.io.FilePermission (java.base@11.0.20.1)
2078:             1             40  java.io.StringReader (java.base@11.0.20.1)
2079:             1             40  java.lang.ArithmeticException (java.base@11.0.20.1)
2080:             1             40  java.lang.ClassCastException (java.base@11.0.20.1)
2081:             1             40  java.lang.NullPointerException (java.base@11.0.20.1)
2082:             1             40  java.lang.UnsupportedOperationException (java.base@11.0.20.1)
2083:             1             40  java.lang.invoke.VarHandleObjects$FieldStaticReadWrite (java.base@11.0.20.1)
2084:             1             40  java.time.format.DateTimeFormatterBuilder (java.base@11.0.20.1)
2085:             1             40  java.util.Formatter$FormatSpecifier (java.base@11.0.20.1)
2086:             1             40  java.util.ResourceBundle$2 (java.base@11.0.20.1)
2087:             1             40  javax.crypto.CryptoAllPermission (java.base@11.0.20.1)
2088:             1             40  jdk.internal.ref.CleanerImpl$CleanerCleanable (java.base@11.0.20.1)
2089:             1             40  org.apache.hadoop.fs.FSDataInputStream
2090:             1             40  org.apache.hadoop.log.metrics.EventCounter
2091:             1             40  org.apache.hadoop.metrics2.lib.DefaultMetricsSystem
2092:             1             40  org.apache.hadoop.security.User
2093:             1             40  org.apache.hadoop.security.UserGroupInformation$LoginParams
2094:             1             40  org.apache.hadoop.security.UserGroupInformation$UgiMetrics
2095:             1             40  org.apache.hadoop.thirdparty.com.google.common.util.concurrent.ThreadFactoryBuilder$1
2096:             1             40  org.apache.log4j.helpers.PatternParser$CategoryPatternConverter
2097:             1             40  org.apache.log4j.helpers.PatternParser$DatePatternConverter
2098:             1             40  org.apache.log4j.spi.RootLogger
2099:             1             40  org.bouncycastle.jce.provider.BouncyCastleProviderConfiguration
2100:             1             40  org.eclipse.jetty.jndi.local.localContextRoot$NamingRoot
2101:             1             40  sun.net.idn.StringPrep (java.base@11.0.20.1)
2102:             1             40  sun.nio.ch.SocketAdaptor (java.base@11.0.20.1)
2103:             1             40  sun.nio.cs.StandardCharsets$Aliases (java.base@11.0.20.1)
2104:             1             40  sun.nio.cs.StandardCharsets$Cache (java.base@11.0.20.1)
2105:             1             40  sun.reflect.generics.repository.MethodRepository (java.base@11.0.20.1)
2106:             1             40  sun.security.pkcs12.PKCS12KeyStore$DualFormatPKCS12 (java.base@11.0.20.1)
2107:             1             40  sun.security.ssl.TrustStoreManager$TrustStoreDescriptor (java.base@11.0.20.1)
2108:             1             40  sun.security.util.Resources (java.base@11.0.20.1)
2109:             1             40  sun.text.normalizer.UCharacterProperty$1 (java.base@11.0.20.1)
2110:             1             40  sun.text.resources.cldr.FormatData (java.base@11.0.20.1)
2111:             1             40  sun.text.resources.cldr.FormatData_en (java.base@11.0.20.1)
2112:             1             40  sun.util.logging.resources.logging (java.logging@11.0.20.1)
2113:             1             40  sun.util.resources.Bundles$1 (java.base@11.0.20.1)
2114:             1             40  sun.util.resources.cldr.CalendarData (java.base@11.0.20.1)
2115:             1             32  [Lcom.google.cloud.hadoop.fs.gcs.GhfsStatisticTypeEnum;
2116:             1             32  [Lcom.google.cloud.hadoop.fs.gcs.GoogleHadoopFileSystemBase$GcsFileChecksumType;
2117:             1             32  [Lcom.google.cloud.hadoop.fs.gcs.GoogleHadoopFileSystemBase$GlobAlgorithm;
2118:             1             32  [Lcom.google.cloud.hadoop.fs.gcs.GoogleHadoopFileSystemBase$OutputStreamType;
2119:             1             32  [Lcom.google.cloud.hadoop.repackaged.gcs.com.fasterxml.jackson.core.JsonFactory$Feature;
2120:             1             32  [Lcom.google.cloud.hadoop.repackaged.gcs.com.fasterxml.jackson.core.StreamReadCapability;
2121:             1             32  [Lcom.google.cloud.hadoop.repackaged.gcs.com.google.api.client.googleapis.media.MediaHttpDownloader$DownloadState;
2122:             1             32  [Lcom.google.cloud.hadoop.repackaged.gcs.com.google.api.gax.rpc.Watchdog$State;
2123:             1             32  [Lcom.google.cloud.hadoop.repackaged.gcs.com.google.auth.oauth2.OAuth2Credentials$CacheState;
2124:             1             32  [Lcom.google.cloud.hadoop.repackaged.gcs.com.google.cloud.ExceptionHandler$Interceptor$RetryResult;
2125:             1             32  [Lcom.google.cloud.hadoop.repackaged.gcs.com.google.cloud.hadoop.gcsio.GoogleCloudStorageReadOptions$Fadvise;
2126:             1             32  [Lcom.google.cloud.hadoop.repackaged.gcs.com.google.cloud.hadoop.util.AsyncWriteChannelOptions$PartFileCleanupType;
2127:             1             32  [Lcom.google.cloud.hadoop.repackaged.gcs.com.google.cloud.hadoop.util.AsyncWriteChannelOptions$UploadType;
2128:             1             32  [Lcom.google.cloud.hadoop.repackaged.gcs.com.google.cloud.hadoop.util.RequesterPaysOptions$RequesterPaysMode;
2129:             1             32  [Lcom.google.cloud.hadoop.repackaged.gcs.com.google.common.base.AbstractIterator$State;
2130:             1             32  [Lcom.google.cloud.hadoop.repackaged.gcs.com.google.common.cache.LocalCache$Segment;
2131:             1             32  [Lcom.google.cloud.hadoop.repackaged.gcs.com.google.common.cache.LocalCache$Strength;
2132:             1             32  [Lcom.google.cloud.hadoop.repackaged.gcs.com.google.common.collect.AbstractIterator$State;
2133:             1             32  [Lcom.google.cloud.hadoop.repackaged.gcs.com.google.common.collect.MapMakerInternalMap$Segment;
2134:             1             32  [Lcom.google.cloud.hadoop.repackaged.gcs.com.google.gson.ToNumberPolicy;
2135:             1             32  [Lcom.google.cloud.hadoop.repackaged.gcs.com.google.protobuf.Descriptors$DescriptorPool$SearchFilter;
2136:             1             32  [Lcom.google.cloud.hadoop.repackaged.gcs.com.google.protobuf.Descriptors$FileDescriptor$Syntax;
2137:             1             32  [Lcom.google.cloud.hadoop.repackaged.gcs.com.google.protobuf.Extension$ExtensionType;
2138:             1             32  [Lcom.google.cloud.hadoop.repackaged.gcs.com.google.protobuf.MapField$StorageMode;
2139:             1             32  [Lcom.google.cloud.hadoop.repackaged.gcs.com.google.protobuf.WireFormat$Utf8Validation;
2140:             1             32  [Lcom.google.cloud.hadoop.repackaged.gcs.io.grpc.ChannelLogger$ChannelLogLevel;
2141:             1             32  [Lcom.google.cloud.hadoop.repackaged.gcs.io.grpc.InternalChannelz$ChannelTrace$Event$Severity;
2142:             1             32  [Lcom.google.cloud.hadoop.repackaged.gcs.io.grpc.SecurityLevel;
2143:             1             32  [Lcom.google.cloud.hadoop.repackaged.gcs.io.grpc.internal.ClientStreamListener$RpcProgress;
2144:             1             32  [Lcom.google.cloud.hadoop.repackaged.gcs.io.grpc.internal.ManagedChannelImpl$ResolutionState;
2145:             1             32  [Lcom.google.cloud.hadoop.repackaged.gcs.io.grpc.netty.shaded.io.grpc.netty.NegotiationType;
2146:             1             32  [Lcom.google.cloud.hadoop.repackaged.gcs.io.grpc.netty.shaded.io.netty.handler.codec.base64.Base64Dialect;
2147:             1             32  [Lcom.google.cloud.hadoop.repackaged.gcs.io.grpc.netty.shaded.io.netty.handler.codec.http2.HpackDecoder$HeaderType;
2148:             1             32  [Lcom.google.cloud.hadoop.repackaged.gcs.io.grpc.netty.shaded.io.netty.handler.codec.http2.HpackUtil$IndexType;
2149:             1             32  [Lcom.google.cloud.hadoop.repackaged.gcs.io.grpc.netty.shaded.io.netty.handler.codec.http2.Http2Exception$ShutdownHint;
2150:             1             32  [Lcom.google.cloud.hadoop.repackaged.gcs.io.grpc.netty.shaded.io.netty.handler.ssl.ApplicationProtocolConfig$Protocol;
2151:             1             32  [Lcom.google.cloud.hadoop.repackaged.gcs.io.grpc.netty.shaded.io.netty.handler.ssl.ApplicationProtocolConfig$SelectedListenerFailureBehavior;
2152:             1             32  [Lcom.google.cloud.hadoop.repackaged.gcs.io.grpc.netty.shaded.io.netty.handler.ssl.ApplicationProtocolConfig$SelectorFailureBehavior;
2153:             1             32  [Lcom.google.cloud.hadoop.repackaged.gcs.io.grpc.netty.shaded.io.netty.handler.ssl.ClientAuth;
2154:             1             32  [Lcom.google.cloud.hadoop.repackaged.gcs.io.grpc.netty.shaded.io.netty.handler.ssl.OpenSslCertificateCompressionConfig$AlgorithmMode;
2155:             1             32  [Lcom.google.cloud.hadoop.repackaged.gcs.io.grpc.netty.shaded.io.netty.handler.ssl.ReferenceCountedOpenSslEngine$HandshakeState;
2156:             1             32  [Lcom.google.cloud.hadoop.repackaged.gcs.io.grpc.netty.shaded.io.netty.handler.ssl.SslHandler$SslEngineType;
2157:             1             32  [Lcom.google.cloud.hadoop.repackaged.gcs.io.grpc.netty.shaded.io.netty.handler.ssl.SslProvider;
2158:             1             32  [Lcom.google.cloud.hadoop.repackaged.gcs.io.grpc.netty.shaded.io.netty.util.ResourceLeakDetector$Level;
2159:             1             32  [Lcom.google.cloud.hadoop.repackaged.gcs.io.grpc.stub.ClientCalls$StubType;
2160:             1             32  [Lcom.google.cloud.hadoop.repackaged.gcs.io.grpc.xds.XdsClusterResource$CdsUpdate$ClusterType;
2161:             1             32  [Lcom.google.cloud.hadoop.repackaged.gcs.io.grpc.xds.shaded.io.envoyproxy.envoy.config.cluster.v3.Cluster$ClusterDiscoveryTypeCase;
2162:             1             32  [Lcom.google.cloud.hadoop.repackaged.gcs.io.grpc.xds.shaded.io.envoyproxy.envoy.config.core.v3.SocketAddress$PortSpecifierCase;
2163:             1             32  [Lcom.google.cloud.hadoop.repackaged.gcs.io.opencensus.implcore.internal.CurrentState$InternalState;
2164:             1             32  [Lcom.sun.beans.util.Cache$Kind; (java.desktop@11.0.20.1)
2165:             1             32  [Ljava.lang.OutOfMemoryError; (java.base@11.0.20.1)
2166:             1             32  [Ljava.lang.ProcessImpl$Platform; (java.base@11.0.20.1)
2167:             1             32  [Ljava.lang.ThreadGroup; (java.base@11.0.20.1)
2168:             1             32  [Ljava.lang.invoke.MethodHandleImpl$ArrayAccess; (java.base@11.0.20.1)
2169:             1             32  [Ljava.lang.invoke.StringConcatFactory$Mode; (java.base@11.0.20.1)
2170:             1             32  [Ljava.lang.module.ModuleDescriptor$Modifier; (java.base@11.0.20.1)
2171:             1             32  [Ljava.lang.module.ModuleDescriptor$Requires$Modifier; (java.base@11.0.20.1)
2172:             2             32  [Ljava.net.NetworkInterface; (java.base@11.0.20.1)
2173:             1             32  [Ljava.net.Proxy$Type; (java.base@11.0.20.1)
2174:             1             32  [Ljava.nio.file.AccessMode; (java.base@11.0.20.1)
2175:             1             32  [Ljava.text.Normalizer$Form; (java.base@11.0.20.1)
2176:             1             32  [Ljava.time.format.DateTimeFormatterBuilder$SettingsParser; (java.base@11.0.20.1)
2177:             1             32  [Ljava.time.format.ResolverStyle; (java.base@11.0.20.1)
2178:             1             32  [Ljava.time.temporal.IsoFields$Field; (java.base@11.0.20.1)
2179:             1             32  [Ljava.time.temporal.JulianFields$Field; (java.base@11.0.20.1)
2180:             1             32  [Ljava.util.regex.Pattern$Qtype; (java.base@11.0.20.1)
2181:             1             32  [Ljava.util.stream.MatchOps$MatchKind; (java.base@11.0.20.1)
2182:             1             32  [Ljava.util.stream.StreamShape; (java.base@11.0.20.1)
2183:             1             32  [Ljavax.net.ssl.SSLEngineResult$Status; (java.base@11.0.20.1)
2184:             1             32  [Ljdk.internal.logger.BootstrapLogger$LoggingBackend; (java.base@11.0.20.1)
2185:             1             32  [Ljdk.internal.math.FormattedFloatingDecimal$Form; (java.base@11.0.20.1)
2186:             1             32  [Ljdk.internal.module.IllegalAccessLogger$Mode; (java.base@11.0.20.1)
2187:             1             32  [Lorg.apache.hadoop.fs.viewfs.ViewFileSystem$RenameStrategy;
2188:             1             32  [Lorg.apache.hadoop.thirdparty.com.google.common.cache.LocalCache$Strength;
2189:             1             32  [Lorg.apache.hadoop.thirdparty.com.google.common.collect.MapMakerInternalMap$Segment;
2190:             1             32  [Lorg.bouncycastle.asn1.ASN1ObjectIdentifier;
2191:             1             32  [Lorg.conscrypt.OpenSSLCipher$Padding;
2192:             1             32  [Lsun.net.www.protocol.http.HttpURLConnection$TunnelState; (java.base@11.0.20.1)
2193:             1             32  [Lsun.security.provider.NativePRNG$Variant; (java.base@11.0.20.1)
2194:             1             32  [Lsun.security.ssl.CipherSuite$HashAlg; (java.base@11.0.20.1)
2195:             1             32  [Lsun.security.ssl.CipherType; (java.base@11.0.20.1)
2196:             1             32  com.ctc.wstx.io.BufferRecycler
2197:             1             32  com.ctc.wstx.stax.WstxInputFactory
2198:             1             32  com.google.cloud.hadoop.repackaged.gcs.com.fasterxml.jackson.core.io.ContentReference
2199:             1             32  com.google.cloud.hadoop.repackaged.gcs.com.fasterxml.jackson.core.io.SerializedString
2200:             1             32  com.google.cloud.hadoop.repackaged.gcs.com.fasterxml.jackson.core.sym.CharsToNameCanonicalizer$TableInfo
2201:             1             32  com.google.cloud.hadoop.repackaged.gcs.com.google.api.client.http.javanet.NetHttpResponse
2202:             2             32  com.google.cloud.hadoop.repackaged.gcs.com.google.api.client.util.ArrayMap$EntrySet
2203:             1             32  com.google.cloud.hadoop.repackaged.gcs.com.google.api.client.util.DateTime
2204:             2             32  com.google.cloud.hadoop.repackaged.gcs.com.google.api.gax.core.BackgroundResourceAggregation
2205:             1             32  com.google.cloud.hadoop.repackaged.gcs.com.google.api.gax.grpc.ChannelPool$Entry
2206:             1             32  com.google.cloud.hadoop.repackaged.gcs.com.google.api.gax.grpc.ExceptionResponseObserver
2207:             1             32  com.google.cloud.hadoop.repackaged.gcs.com.google.api.gax.grpc.GrpcExceptionServerStreamingCallable
2208:             1             32  com.google.cloud.hadoop.repackaged.gcs.com.google.api.gax.grpc.GrpcServerStreamingRequestParamCallable
2209:             1             32  com.google.cloud.hadoop.repackaged.gcs.com.google.api.gax.retrying.StreamingRetryAlgorithm
2210:             2             32  com.google.cloud.hadoop.repackaged.gcs.com.google.api.gax.rpc.AutoValue_FixedHeaderProvider
2211:             1             32  com.google.cloud.hadoop.repackaged.gcs.com.google.api.gax.rpc.QueuingResponseObserver
2212:             1             32  com.google.cloud.hadoop.repackaged.gcs.com.google.api.gax.rpc.RetryingServerStreamingCallable
2213:             1             32  com.google.cloud.hadoop.repackaged.gcs.com.google.api.gax.rpc.ServerStreamingCallSettings
2214:             1             32  com.google.cloud.hadoop.repackaged.gcs.com.google.api.gax.rpc.Watchdog
2215:             1             32  com.google.cloud.hadoop.repackaged.gcs.com.google.api.gax.rpc.WatchdogServerStreamingCallable
2216:             2             32  com.google.cloud.hadoop.repackaged.gcs.com.google.api.gax.rpc.internal.ApiCallContextOptions
2217:             1             32  com.google.cloud.hadoop.repackaged.gcs.com.google.api.gax.tracing.TracedServerStreamingCallable
2218:             1             32  com.google.cloud.hadoop.repackaged.gcs.com.google.cloud.hadoop.gcsio.GoogleCloudStorageClientImpl
2219:             1             32  com.google.cloud.hadoop.repackaged.gcs.com.google.cloud.hadoop.gcsio.GoogleCloudStorageFileSystem
2220:             1             32  com.google.cloud.hadoop.repackaged.gcs.com.google.cloud.hadoop.util.LazyExecutorService
2221:             1             32  com.google.cloud.hadoop.repackaged.gcs.com.google.cloud.hadoop.util.RetryHttpInitializer$LoggingResponseHandler
2222:             1             32  com.google.cloud.hadoop.repackaged.gcs.com.google.cloud.storage.ChannelSession$BufferedReadSession
2223:             1             32  com.google.cloud.hadoop.repackaged.gcs.com.google.cloud.storage.GapicUnbufferedReadableByteChannel$LazyServerStreamIterator
2224:             1             32  com.google.cloud.hadoop.repackaged.gcs.com.google.cloud.storage.GrpcStorageImpl$SyntaxDecoders
2225:             1             32  com.google.cloud.hadoop.repackaged.gcs.com.google.cloud.storage.GzipReadableByteChannel
2226:             1             32  com.google.cloud.hadoop.repackaged.gcs.com.google.cloud.storage.LazyReadChannel
2227:             2             32  com.google.cloud.hadoop.repackaged.gcs.com.google.common.base.Joiner
2228:             2             32  com.google.cloud.hadoop.repackaged.gcs.com.google.common.base.Suppliers$SupplierOfInstance
2229:             2             32  com.google.cloud.hadoop.repackaged.gcs.com.google.common.collect.Count
2230:             1             32  com.google.cloud.hadoop.repackaged.gcs.com.google.common.collect.HashMultiset
2231:             2             32  com.google.cloud.hadoop.repackaged.gcs.com.google.common.collect.IndexedImmutableSet$1
2232:             1             32  com.google.cloud.hadoop.repackaged.gcs.com.google.common.collect.Iterators$ArrayItr
2233:             1             32  com.google.cloud.hadoop.repackaged.gcs.com.google.common.flogger.LogContext$Key$1
2234:             1             32  com.google.cloud.hadoop.repackaged.gcs.com.google.common.flogger.LogContext$Key$2
2235:             1             32  com.google.cloud.hadoop.repackaged.gcs.com.google.common.flogger.backend.MetadataHandler$MapBasedhandler
2236:             1             32  com.google.cloud.hadoop.repackaged.gcs.com.google.common.flogger.backend.system.DefaultPlatform
2237:             1             32  com.google.cloud.hadoop.repackaged.gcs.com.google.common.io.BaseEncoding$Base16Encoding
2238:             2             32  com.google.cloud.hadoop.repackaged.gcs.com.google.common.util.concurrent.ImmediateFuture
2239:             2             32  com.google.cloud.hadoop.repackaged.gcs.com.google.gson.Gson$1
2240:             2             32  com.google.cloud.hadoop.repackaged.gcs.com.google.gson.Gson$2
2241:             2             32  com.google.cloud.hadoop.repackaged.gcs.com.google.gson.Gson$4
2242:             2             32  com.google.cloud.hadoop.repackaged.gcs.com.google.gson.Gson$5
2243:             2             32  com.google.cloud.hadoop.repackaged.gcs.com.google.gson.internal.bind.CollectionTypeAdapterFactory
2244:             2             32  com.google.cloud.hadoop.repackaged.gcs.com.google.gson.internal.bind.JsonAdapterAnnotationTypeAdapterFactory
2245:             1             32  com.google.cloud.hadoop.repackaged.gcs.com.google.iam.v1.TestIamPermissionsResponse
2246:             1             32  com.google.cloud.hadoop.repackaged.gcs.com.google.longrunning.CancelOperationRequest
2247:             1             32  com.google.cloud.hadoop.repackaged.gcs.com.google.longrunning.DeleteOperationRequest
2248:             1             32  com.google.cloud.hadoop.repackaged.gcs.com.google.longrunning.GetOperationRequest
2249:             1             32  com.google.cloud.hadoop.repackaged.gcs.com.google.protobuf.BoolValue
2250:             1             32  com.google.cloud.hadoop.repackaged.gcs.com.google.protobuf.BytesValue
2251:             1             32  com.google.cloud.hadoop.repackaged.gcs.com.google.protobuf.DoubleArrayList
2252:             1             32  com.google.cloud.hadoop.repackaged.gcs.com.google.protobuf.Empty
2253:             1             32  com.google.cloud.hadoop.repackaged.gcs.com.google.protobuf.ExtensionRegistry
2254:             1             32  com.google.cloud.hadoop.repackaged.gcs.com.google.protobuf.FieldMask
2255:             1             32  com.google.cloud.hadoop.repackaged.gcs.com.google.protobuf.FloatValue
2256:             1             32  com.google.cloud.hadoop.repackaged.gcs.com.google.protobuf.Int32Value
2257:             1             32  com.google.cloud.hadoop.repackaged.gcs.com.google.protobuf.ListValue
2258:             1             32  com.google.cloud.hadoop.repackaged.gcs.com.google.protobuf.LongArrayList
2259:             1             32  com.google.cloud.hadoop.repackaged.gcs.com.google.protobuf.ProtobufArrayList
2260:             1             32  com.google.cloud.hadoop.repackaged.gcs.com.google.protobuf.StringValue
2261:             1             32  com.google.cloud.hadoop.repackaged.gcs.com.google.protobuf.Struct
2262:             2             32  com.google.cloud.hadoop.repackaged.gcs.com.google.protobuf.TypeRegistry
2263:             1             32  com.google.cloud.hadoop.repackaged.gcs.com.google.protobuf.UnknownFieldSet$Field
2264:             1             32  com.google.cloud.hadoop.repackaged.gcs.com.google.protobuf.WireFormat$FieldType$1
2265:             1             32  com.google.cloud.hadoop.repackaged.gcs.com.google.protobuf.WireFormat$FieldType$2
2266:             1             32  com.google.cloud.hadoop.repackaged.gcs.com.google.protobuf.WireFormat$FieldType$3
2267:             1             32  com.google.cloud.hadoop.repackaged.gcs.com.google.protobuf.WireFormat$FieldType$4
2268:             1             32  com.google.cloud.hadoop.repackaged.gcs.com.google.protobuf.util.JsonFormat$Printer
2269:             1             32  com.google.cloud.hadoop.repackaged.gcs.com.google.storage.v2.CancelResumableWriteRequest
2270:             1             32  com.google.cloud.hadoop.repackaged.gcs.com.google.storage.v2.CancelResumableWriteResponse
2271:             1             32  com.google.cloud.hadoop.repackaged.gcs.com.google.storage.v2.DeleteNotificationConfigRequest
2272:             1             32  com.google.cloud.hadoop.repackaged.gcs.com.google.storage.v2.GetNotificationConfigRequest
2273:             1             32  com.google.cloud.hadoop.repackaged.gcs.com.google.storage.v2.GetServiceAccountRequest
2274:             1             32  com.google.cloud.hadoop.repackaged.gcs.com.google.storage.v2.ServiceAccount
2275:             1             32  com.google.cloud.hadoop.repackaged.gcs.com.google.storage.v2.StartResumableWriteResponse
2276:             1             32  com.google.cloud.hadoop.repackaged.gcs.com.lmax.disruptor.ProcessingSequenceBarrier
2277:             1             32  com.google.cloud.hadoop.repackaged.gcs.com.lmax.disruptor.dsl.Disruptor
2278:             1             32  com.google.cloud.hadoop.repackaged.gcs.com.lmax.disruptor.dsl.EventProcessorInfo
2279:             2             32  com.google.cloud.hadoop.repackaged.gcs.io.grpc.Codec$Gzip
2280:             1             32  com.google.cloud.hadoop.repackaged.gcs.io.grpc.Deadline
2281:             1             32  com.google.cloud.hadoop.repackaged.gcs.io.grpc.InternalChannelz
2282:             1             32  com.google.cloud.hadoop.repackaged.gcs.io.grpc.NameResolverRegistry
2283:             1             32  com.google.cloud.hadoop.repackaged.gcs.io.grpc.alts.internal.NextHandshakeMessageReq
2284:             1             32  com.google.cloud.hadoop.repackaged.gcs.io.grpc.auth.GoogleAuthLibraryCallCredentials$JwtHelper
2285:             2             32  com.google.cloud.hadoop.repackaged.gcs.io.grpc.googleapis.GoogleCloudToProdNameResolverProvider
2286:             2             32  com.google.cloud.hadoop.repackaged.gcs.io.grpc.googleapis.GoogleCloudToProdNameResolverProvider$SharedXdsClientPoolProviderBootstrapSetter
2287:             1             32  com.google.cloud.hadoop.repackaged.gcs.io.grpc.internal.AbstractClientStream$TransportState$1
2288:             1             32  com.google.cloud.hadoop.repackaged.gcs.io.grpc.internal.ClientCallImpl$ClientStreamListenerImpl$1StreamClosed
2289:             2             32  com.google.cloud.hadoop.repackaged.gcs.io.grpc.internal.GrpcUtil$AcceptEncodingMarshaller
2290:             2             32  com.google.cloud.hadoop.repackaged.gcs.io.grpc.internal.NoopClientStream
2291:             2             32  com.google.cloud.hadoop.repackaged.gcs.io.grpc.internal.PickFirstLoadBalancer$Picker
2292:             1             32  com.google.cloud.hadoop.repackaged.gcs.io.grpc.internal.ReadableBuffers$ByteArrayWrapper
2293:             1             32  com.google.cloud.hadoop.repackaged.gcs.io.grpc.internal.RetriableStream$4
2294:             2             32  com.google.cloud.hadoop.repackaged.gcs.io.grpc.internal.RetryingNameResolver$ResolutionResultListener
2295:             2             32  com.google.cloud.hadoop.repackaged.gcs.io.grpc.netty.shaded.io.netty.buffer.PooledByteBufAllocator$1
2296:             2             32  com.google.cloud.hadoop.repackaged.gcs.io.grpc.netty.shaded.io.netty.buffer.PooledByteBufAllocatorMetric
2297:             1             32  com.google.cloud.hadoop.repackaged.gcs.io.grpc.netty.shaded.io.netty.buffer.UnpooledByteBufAllocator
2298:             1             32  com.google.cloud.hadoop.repackaged.gcs.io.grpc.netty.shaded.io.netty.channel.epoll.EpollEventLoopGroup
2299:             1             32  com.google.cloud.hadoop.repackaged.gcs.io.grpc.netty.shaded.io.netty.channel.nio.NioEventLoopGroup
2300:             1             32  com.google.cloud.hadoop.repackaged.gcs.io.grpc.netty.shaded.io.netty.handler.codec.http.HttpStatusClass$1
2301:             2             32  com.google.cloud.hadoop.repackaged.gcs.io.grpc.netty.shaded.io.netty.handler.ssl.IdentityCipherSuiteFilter
2302:             1             32  com.google.cloud.hadoop.repackaged.gcs.io.grpc.netty.shaded.io.netty.handler.ssl.OpenSslX509TrustManagerWrapper$UnsafeTrustManagerWrapper
2303:             1             32  com.google.cloud.hadoop.repackaged.gcs.io.grpc.netty.shaded.io.netty.handler.ssl.ReferenceCountedOpenSslEngine$2
2304:             1             32  com.google.cloud.hadoop.repackaged.gcs.io.grpc.netty.shaded.io.netty.handler.ssl.SslHandler$SslEngineType$1
2305:             1             32  com.google.cloud.hadoop.repackaged.gcs.io.grpc.netty.shaded.io.netty.handler.ssl.SslHandler$SslEngineType$2
2306:             1             32  com.google.cloud.hadoop.repackaged.gcs.io.grpc.netty.shaded.io.netty.handler.ssl.SslHandler$SslEngineType$3
2307:             1             32  com.google.cloud.hadoop.repackaged.gcs.io.grpc.netty.shaded.io.netty.handler.ssl.SslHandler$SslHandlerCoalescingBufferQueue
2308:             2             32  com.google.cloud.hadoop.repackaged.gcs.io.grpc.netty.shaded.io.netty.handler.ssl.SslHandler$SslTasksRunner$1
2309:             2             32  com.google.cloud.hadoop.repackaged.gcs.io.grpc.netty.shaded.io.netty.util.concurrent.MultithreadEventExecutorGroup$1
2310:             2             32  com.google.cloud.hadoop.repackaged.gcs.io.grpc.netty.shaded.io.netty.util.concurrent.ThreadPerTaskExecutor
2311:             2             32  com.google.cloud.hadoop.repackaged.gcs.io.grpc.netty.shaded.io.netty.util.internal.logging.Slf4JLoggerFactory
2312:             1             32  com.google.cloud.hadoop.repackaged.gcs.io.grpc.rls.AutoValue_RlsProtoData_GrpcKeyBuilder
2313:             1             32  com.google.cloud.hadoop.repackaged.gcs.io.grpc.rls.LbPolicyConfiguration$RefCountedChildPolicyWrapperFactory
2314:             1             32  com.google.cloud.hadoop.repackaged.gcs.io.grpc.rls.LinkedHashLruCache$PeriodicCleaner
2315:             2             32  com.google.cloud.hadoop.repackaged.gcs.io.grpc.util.SecretRoundRobinLoadBalancerProvider$Provider
2316:             2             32  com.google.cloud.hadoop.repackaged.gcs.io.grpc.xds.AutoValue_RouteLookupServiceClusterSpecifierPlugin_RlsPluginConfig
2317:             2             32  com.google.cloud.hadoop.repackaged.gcs.io.grpc.xds.ClusterManagerLoadBalancerProvider$ClusterManagerConfig
2318:             1             32  com.google.cloud.hadoop.repackaged.gcs.io.grpc.xds.ControlPlaneClient$AdsStreamV3
2319:             1             32  com.google.cloud.hadoop.repackaged.gcs.io.grpc.xds.SharedXdsClientPoolProvider
2320:             2             32  com.google.cloud.hadoop.repackaged.gcs.io.grpc.xds.XdsNameResolver$ConfigSelector
2321:             1             32  com.google.cloud.hadoop.repackaged.gcs.io.grpc.xds.XdsNameResolver$ConfigSelector$1ClusterSelectionInterceptor
2322:             1             32  com.google.cloud.hadoop.repackaged.gcs.io.grpc.xds.XxHash64
2323:             1             32  com.google.cloud.hadoop.repackaged.gcs.io.grpc.xds.shaded.com.github.xds.core.v3.ContextParams
2324:             1             32  com.google.cloud.hadoop.repackaged.gcs.io.grpc.xds.shaded.io.envoyproxy.envoy.config.cluster.aggregate.v2alpha.ClusterConfig
2325:             1             32  com.google.cloud.hadoop.repackaged.gcs.io.grpc.xds.shaded.io.envoyproxy.envoy.extensions.clusters.aggregate.v3.ClusterConfig
2326:             2             32  com.google.cloud.hadoop.repackaged.gcs.io.opencensus.implcore.internal.CurrentState
2327:             1             32  com.google.cloud.hadoop.repackaged.gcs.io.opencensus.implcore.metrics.DerivedLongGaugeImpl
2328:             1             32  com.google.cloud.hadoop.repackaged.gcs.io.opencensus.implcore.stats.MeasureToViewMap
2329:             1             32  com.google.cloud.hadoop.repackaged.gcs.io.opencensus.implcore.stats.StatsManager
2330:             2             32  com.google.cloud.hadoop.repackaged.gcs.io.opencensus.implcore.tags.TagMapBuilderImpl
2331:             1             32  com.google.cloud.hadoop.repackaged.gcs.io.opencensus.implcore.trace.SpanBuilderImpl$Options
2332:             1             32  com.google.cloud.hadoop.repackaged.gcs.io.opencensus.implcore.trace.StartEndHandlerImpl
2333:             1             32  com.google.cloud.hadoop.repackaged.gcs.io.opencensus.implcore.trace.TraceComponentImplBase
2334:             2             32  com.google.cloud.hadoop.repackaged.gcs.io.opencensus.stats.AutoValue_View_AggregationWindow_Interval
2335:             1             32  com.google.cloud.hadoop.repackaged.gcs.io.opencensus.trace.config.AutoValue_TraceParams
2336:             2             32  com.google.cloud.hadoop.repackaged.gcs.io.opencensus.trace.export.AutoValue_RunningSpanStore_Summary
2337:             1             32  com.google.cloud.hadoop.repackaged.gcs.io.opencensus.trace.samplers.AutoValue_ProbabilitySampler
2338:             1             32  com.sun.beans.finder.BeanInfoFinder (java.desktop@11.0.20.1)
2339:             1             32  com.sun.jndi.dns.DNSDatagramSocketFactory$PortHistory (jdk.naming.dns@11.0.20.1)
2340:             1             32  java.beans.ThreadGroupContext (java.desktop@11.0.20.1)
2341:             1             32  java.beans.ThreadGroupContext$1 (java.desktop@11.0.20.1)
2342:             1             32  java.io.UnixFileSystem (java.base@11.0.20.1)
2343:             2             32  java.lang.InheritableThreadLocal (java.base@11.0.20.1)
2344:             2             32  java.lang.Shutdown$Lock (java.base@11.0.20.1)
2345:             1             32  java.lang.StringCoding$StringDecoder (java.base@11.0.20.1)
2346:             1             32  java.lang.module.ModuleDescriptor$Version (java.base@11.0.20.1)
2347:             2             32  java.nio.ByteOrder (java.base@11.0.20.1)
2348:             2             32  java.nio.file.attribute.PosixFilePermissions$1 (java.base@11.0.20.1)
2349:             1             32  java.security.KeyStore (java.base@11.0.20.1)
2350:             1             32  java.text.DontCareFieldPosition (java.base@11.0.20.1)
2351:             2             32  java.time.format.DateTimeFormatterBuilder$StringLiteralPrinterParser (java.base@11.0.20.1)
2352:             1             32  java.util.AbstractList$RandomAccessSubList (java.base@11.0.20.1)
2353:             1             32  java.util.Formatter$FixedString (java.base@11.0.20.1)
2354:             1             32  java.util.LinkedHashMap$LinkedEntryIterator (java.base@11.0.20.1)
2355:             2             32  java.util.ResourceBundle$SingleFormatControl (java.base@11.0.20.1)
2356:             1             32  java.util.concurrent.FutureTask (java.base@11.0.20.1)
2357:             1             32  java.util.concurrent.Semaphore$NonfairSync (java.base@11.0.20.1)
2358:             1             32  java.util.concurrent.ThreadLocalRandom (java.base@11.0.20.1)
2359:             1             32  java.util.logging.LogManager$SystemLoggerContext (java.logging@11.0.20.1)
2360:             1             32  java.util.regex.Pattern$NotBehind (java.base@11.0.20.1)
2361:             2             32  javax.naming.CompositeName (java.naming@11.0.20.1)
2362:             1             32  javax.security.auth.Subject (java.base@11.0.20.1)
2363:             1             32  jdk.internal.logger.LazyLoggers$LazyLoggerAccessor (java.base@11.0.20.1)
2364:             1             32  jdk.internal.module.IllegalAccessLogger (java.base@11.0.20.1)
2365:             1             32  jdk.internal.ref.CleanerImpl (java.base@11.0.20.1)
2366:             1             32  jdk.internal.reflect.UnsafeQualifiedObjectFieldAccessorImpl (java.base@11.0.20.1)
2367:             2             32  jdk.internal.util.Preconditions$1 (java.base@11.0.20.1)
2368:             2             32  org.apache.commons.collections.map.UnmodifiableMap
2369:             1             32  org.apache.commons.logging.impl.WeakHashtable$WeakKey
2370:             1             32  org.apache.hadoop.fs.FileSystem$Cache
2371:             1             32  org.apache.hadoop.fs.FileSystem$Cache$Key
2372:             1             32  org.apache.hadoop.fs.FileSystem$Statistics
2373:             2             32  org.apache.hadoop.fs.FileSystem$Statistics$StatisticsData
2374:             1             32  org.apache.hadoop.fs.permission.FsPermission
2375:             1             32  org.apache.hadoop.io.Text$Comparator
2376:             1             32  org.apache.hadoop.metrics2.impl.MetricsSystemImpl$1
2377:             1             32  org.apache.hadoop.metrics2.lib.MetricsSourceBuilder
2378:             2             32  org.apache.hadoop.metrics2.lib.UniqueNames
2379:             2             32  org.apache.hadoop.security.Groups$TimerToTickerAdapter
2380:             1             32  org.apache.hadoop.thirdparty.com.google.common.collect.Iterators$ArrayItr
2381:             1             32  org.apache.log4j.PatternLayout
2382:             1             32  org.apache.log4j.helpers.QuietWriter
2383:             2             32  org.bouncycastle.jcajce.provider.asymmetric.dh.KeyFactorySpi
2384:             2             32  org.bouncycastle.jcajce.provider.asymmetric.dstu.KeyFactorySpi
2385:             2             32  org.bouncycastle.jcajce.provider.asymmetric.ecgost.KeyFactorySpi
2386:             2             32  org.bouncycastle.pqc.jcajce.provider.newhope.NHKeyFactorySpi
2387:             2             32  org.bouncycastle.pqc.jcajce.provider.rainbow.RainbowKeyFactorySpi
2388:             2             32  org.bouncycastle.pqc.jcajce.provider.sphincs.Sphincs256KeyFactorySpi
2389:             1             32  org.conscrypt.ConscryptEngineSocket$SSLOutputStream
2390:             1             32  org.conscrypt.DefaultSSLContextImpl$TLSv13
2391:             2             32  org.conscrypt.OpenSSLECGroupContext
2392:             1             32  org.conscrypt.SSLNullSession
2393:             1             32  org.xbill.DNS.config.FallbackPropertyResolverConfigProvider
2394:             1             32  org.xbill.DNS.config.PropertyResolverConfigProvider
2395:             1             32  org.xbill.DNS.config.ResolvConfResolverConfigProvider
2396:             1             32  sun.net.spi.DefaultProxySelector$4 (java.base@11.0.20.1)
2397:             1             32  sun.net.www.http.ClientVector (java.base@11.0.20.1)
2398:             1             32  sun.net.www.http.KeepAliveStreamCleaner (java.base@11.0.20.1)
2399:             1             32  sun.net.www.protocol.https.Handler (java.base@11.0.20.1)
2400:             1             32  sun.nio.ch.AllocatedNativeObject (java.base@11.0.20.1)
2401:             1             32  sun.nio.cs.StandardCharsets (java.base@11.0.20.1)
2402:             1             32  sun.nio.fs.LinuxFileSystem (java.base@11.0.20.1)
2403:             1             32  sun.reflect.generics.tree.MethodTypeSignature (java.base@11.0.20.1)
2404:             2             32  sun.reflect.generics.tree.TypeVariableSignature (java.base@11.0.20.1)
2405:             2             32  sun.security.provider.FileInputStreamPool$UnclosableInputStream (java.base@11.0.20.1)
2406:             2             32  sun.security.ssl.SSLAlgorithmDecomposer (java.base@11.0.20.1)
2407:             2             32  sun.security.ssl.SSLCipher$NullReadCipherGenerator (java.base@11.0.20.1)
2408:             2             32  sun.security.ssl.SSLCipher$NullWriteCipherGenerator (java.base@11.0.20.1)
2409:             2             32  sun.security.ssl.SSLCipher$T12GcmReadCipherGenerator (java.base@11.0.20.1)
2410:             2             32  sun.security.ssl.SSLCipher$T12GcmWriteCipherGenerator (java.base@11.0.20.1)
2411:             2             32  sun.security.ssl.SSLCipher$T13GcmReadCipherGenerator (java.base@11.0.20.1)
2412:             2             32  sun.security.ssl.SSLCipher$T13GcmWriteCipherGenerator (java.base@11.0.20.1)
2413:             2             32  sun.security.util.AlgorithmDecomposer (java.base@11.0.20.1)
2414:             1             32  sun.security.util.KnownOIDs$1 (java.base@11.0.20.1)
2415:             1             32  sun.security.util.KnownOIDs$2 (java.base@11.0.20.1)
2416:             1             32  sun.security.util.KnownOIDs$3 (java.base@11.0.20.1)
2417:             1             32  sun.security.util.KnownOIDs$4 (java.base@11.0.20.1)
2418:             1             32  sun.security.util.KnownOIDs$5 (java.base@11.0.20.1)
2419:             1             32  sun.security.util.KnownOIDs$6 (java.base@11.0.20.1)
2420:             1             32  sun.security.util.KnownOIDs$7 (java.base@11.0.20.1)
2421:             1             32  sun.security.util.KnownOIDs$8 (java.base@11.0.20.1)
2422:             1             32  sun.security.util.KnownOIDs$9 (java.base@11.0.20.1)
2423:             2             32  sun.util.logging.internal.LoggingProviderImpl$JULWrapper (java.logging@11.0.20.1)
2424:             2             32  sun.util.resources.LocaleData (java.base@11.0.20.1)
2425:             1             24  [Lcom.google.cloud.hadoop.repackaged.gcs.com.google.cloud.hadoop.gcsio.GoogleCloudStorageOptions$MetricsSink;
2426:             1             24  [Lcom.google.cloud.hadoop.repackaged.gcs.com.google.cloud.hadoop.util.AsyncWriteChannelOptions$PipeType;
2427:             1             24  [Lcom.google.cloud.hadoop.repackaged.gcs.com.google.cloud.hadoop.util.HttpTransportFactory$HttpTransportType;
2428:             1             24  [Lcom.google.cloud.hadoop.repackaged.gcs.com.google.common.cache.CacheBuilder$NullListener;
2429:             1             24  [Lcom.google.cloud.hadoop.repackaged.gcs.com.google.common.cache.CacheBuilder$OneWeigher;
2430:             1             24  [Lcom.google.cloud.hadoop.repackaged.gcs.com.google.common.collect.MapMakerInternalMap$Strength;
2431:             1             24  [Lcom.google.cloud.hadoop.repackaged.gcs.com.google.common.util.concurrent.DirectExecutor;
2432:             1             24  [Lcom.google.cloud.hadoop.repackaged.gcs.com.google.gson.LongSerializationPolicy;
2433:             1             24  [Lcom.google.cloud.hadoop.repackaged.gcs.com.lmax.disruptor.Sequence;
2434:             1             24  [Lcom.google.cloud.hadoop.repackaged.gcs.com.lmax.disruptor.dsl.ProducerType;
2435:             1             24  [Lcom.google.cloud.hadoop.repackaged.gcs.io.grpc.InternalKnownTransport;
2436:             1             24  [Lcom.google.cloud.hadoop.repackaged.gcs.io.grpc.alts.internal.AltsTsiFrameProtector$DeframerState;
2437:             1             24  [Lcom.google.cloud.hadoop.repackaged.gcs.io.grpc.googleapis.GoogleCloudToProdNameResolver$HttpConnectionFactory;
2438:             1             24  [Lcom.google.cloud.hadoop.repackaged.gcs.io.grpc.grpclb.GrpclbState$Mode;
2439:             1             24  [Lcom.google.cloud.hadoop.repackaged.gcs.io.grpc.internal.DnsNameResolver$JdkAddressResolver;
2440:             1             24  [Lcom.google.cloud.hadoop.repackaged.gcs.io.grpc.internal.MessageDeframer$State;
2441:             1             24  [Lcom.google.cloud.hadoop.repackaged.gcs.io.grpc.netty.shaded.io.grpc.netty.Utils$EventLoopGroupType;
2442:             1             24  [Lcom.google.cloud.hadoop.repackaged.gcs.io.grpc.netty.shaded.io.netty.buffer.PoolArena$SizeClass;
2443:             1             24  [Lcom.google.cloud.hadoop.repackaged.gcs.io.grpc.netty.shaded.io.netty.handler.codec.http2.Http2FrameLogger$Direction;
2444:             1             24  [Lcom.google.cloud.hadoop.repackaged.gcs.io.grpc.xds.BootstrapperImpl$LocalFileReader;
2445:             1             24  [Lcom.google.cloud.hadoop.repackaged.gcs.io.grpc.xds.ClusterResolverLoadBalancerProvider$ClusterResolverConfig$DiscoveryMechanism$Type;
2446:             1             24  [Lcom.google.cloud.hadoop.repackaged.gcs.io.grpc.xds.RouterFilter;
2447:             1             24  [Lcom.google.cloud.hadoop.repackaged.gcs.io.opencensus.impl.internal.DisruptorEventQueue$DisruptorEventFactory;
2448:             1             24  [Lcom.google.cloud.hadoop.repackaged.gcs.io.opencensus.impl.internal.DisruptorEventQueue$DisruptorEventHandler;
2449:             1             24  [Lcom.google.cloud.hadoop.repackaged.gcs.io.opencensus.implcore.internal.CurrentState$State;
2450:             1             24  [Lcom.google.cloud.hadoop.repackaged.gcs.io.opencensus.tags.TagMetadata$TagTtl;
2451:             1             24  [Lcom.google.cloud.hadoop.repackaged.gcs.io.opencensus.trace.MessageEvent$Type;
2452:             1             24  [Ljava.io.File$PathStatus; (java.base@11.0.20.1)
2453:             1             24  [Ljava.net.StandardProtocolFamily; (java.base@11.0.20.1)
2454:             1             24  [Ljava.time.temporal.IsoFields$Unit; (java.base@11.0.20.1)
2455:             1             24  [Ljava.util.Comparators$NaturalOrderComparator; (java.base@11.0.20.1)
2456:             1             24  [Ljava.util.Locale$Category; (java.base@11.0.20.1)
2457:             1             24  [Ljavax.security.auth.login.LoginContext$ModuleInfo; (java.base@11.0.20.1)
2458:             1             24  [Lorg.apache.hadoop.fs.GlobalStorageStatistics;
2459:             1             24  [Lorg.apache.hadoop.metrics2.lib.DefaultMetricsFactory;
2460:             1             24  [Lorg.apache.hadoop.metrics2.lib.DefaultMetricsSystem;
2461:             1             24  [Lorg.apache.hadoop.metrics2.lib.Interns$Info;
2462:             1             24  [Lorg.apache.hadoop.metrics2.lib.Interns$Tags;
2463:             1             24  [Lorg.apache.hadoop.thirdparty.com.google.common.cache.CacheBuilder$NullListener;
2464:             1             24  [Lorg.apache.hadoop.thirdparty.com.google.common.cache.CacheBuilder$OneWeigher;
2465:             1             24  [Lorg.apache.hadoop.thirdparty.com.google.common.collect.MapMakerInternalMap$Strength;
2466:             1             24  [Lorg.conscrypt.OpenSSLSignature$EngineType;
2467:             1             24  [Lorg.conscrypt.OpenSSLX509CertPath$Encoding;
2468:             1             24  [Lsun.security.rsa.RSAUtil$KeyType; (java.base@11.0.20.1)
2469:             1             24  com.google.cloud.hadoop.fs.gcs.GoogleHadoopFileSystemBase$$Lambda$344/0x00000008004c6440
2470:             1             24  com.google.cloud.hadoop.repackaged.gcs.com.google.api.client.googleapis.services.AbstractGoogleClientRequest$1
2471:             1             24  com.google.cloud.hadoop.repackaged.gcs.com.google.api.client.http.HttpBackOffIOExceptionHandler
2472:             1             24  com.google.cloud.hadoop.repackaged.gcs.com.google.api.client.http.HttpBackOffUnsuccessfulResponseHandler
2473:             1             24  com.google.cloud.hadoop.repackaged.gcs.com.google.api.client.json.JsonObjectParser
2474:             1             24  com.google.cloud.hadoop.repackaged.gcs.com.google.api.client.util.GenericData$Flags
2475:             1             24  com.google.cloud.hadoop.repackaged.gcs.com.google.api.gax.core.AutoValue_InstantiatingExecutorProvider
2476:             1             24  com.google.cloud.hadoop.repackaged.gcs.com.google.api.gax.grpc.ChannelPool$ReleasingClientCall
2477:             1             24  com.google.cloud.hadoop.repackaged.gcs.com.google.api.gax.grpc.ChannelPool$ReleasingClientCall$1
2478:             1             24  com.google.cloud.hadoop.repackaged.gcs.com.google.api.gax.grpc.ExceptionResponseObserver$1
2479:             1             24  com.google.cloud.hadoop.repackaged.gcs.com.google.api.gax.grpc.GrpcDirectServerStreamingCallable
2480:             1             24  com.google.cloud.hadoop.repackaged.gcs.com.google.api.gax.grpc.GrpcExceptionClientStreamingCallable
2481:             1             24  com.google.cloud.hadoop.repackaged.gcs.com.google.api.gax.grpc.GrpcHeaderInterceptor
2482:             1             24  com.google.cloud.hadoop.repackaged.gcs.com.google.api.gax.grpc.GrpcHeaderInterceptor$1
2483:             1             24  com.google.cloud.hadoop.repackaged.gcs.com.google.api.gax.retrying.CallbackChainRetryingFuture$AttemptCompletionListener
2484:             1             24  com.google.cloud.hadoop.repackaged.gcs.com.google.api.gax.rpc.ClientStreamingCallable$1
2485:             1             24  com.google.cloud.hadoop.repackaged.gcs.com.google.api.gax.rpc.InstantiatingWatchdogProvider
2486:             1             24  com.google.cloud.hadoop.repackaged.gcs.com.google.api.gax.rpc.RetryingServerStreamingCallable$1
2487:             1             24  com.google.cloud.hadoop.repackaged.gcs.com.google.api.gax.rpc.ServerStream
2488:             1             24  com.google.cloud.hadoop.repackaged.gcs.com.google.api.gax.rpc.ServerStreamIterator
2489:             1             24  com.google.cloud.hadoop.repackaged.gcs.com.google.api.gax.rpc.ServerStreamingAttemptCallable$2
2490:             1             24  com.google.cloud.hadoop.repackaged.gcs.com.google.api.gax.rpc.mtls.MtlsProvider
2491:             1             24  com.google.cloud.hadoop.repackaged.gcs.com.google.api.gax.tracing.TracedClientStreamingCallable
2492:             1             24  com.google.cloud.hadoop.repackaged.gcs.com.google.api.gax.tracing.TracedResponseObserver
2493:             1             24  com.google.cloud.hadoop.repackaged.gcs.com.google.api.gax.tracing.TracedResponseObserver$1
2494:             1             24  com.google.cloud.hadoop.repackaged.gcs.com.google.cloud.grpc.GrpcTransportOptions
2495:             1             24  com.google.cloud.hadoop.repackaged.gcs.com.google.cloud.hadoop.gcsio.GoogleCloudStorageClientImpl$$Lambda$192/0x0000000800324040
2496:             1             24  com.google.cloud.hadoop.repackaged.gcs.com.google.cloud.hadoop.gcsio.GoogleCloudStorageImpl$1
2497:             1             24  com.google.cloud.hadoop.repackaged.gcs.com.google.cloud.hadoop.util.RetryHttpInitializer
2498:             1             24  com.google.cloud.hadoop.repackaged.gcs.com.google.cloud.hadoop.util.RetryHttpInitializer$CredentialOrBackoffResponseHandler
2499:             1             24  com.google.cloud.hadoop.repackaged.gcs.com.google.cloud.storage.BlobId
2500:             1             24  com.google.cloud.hadoop.repackaged.gcs.com.google.cloud.storage.BufferHandle$LazyBufferHandle
2501:             1             24  com.google.cloud.hadoop.repackaged.gcs.com.google.cloud.storage.ChannelSession$$Lambda$433/0x0000000800530440
2502:             1             24  com.google.cloud.hadoop.repackaged.gcs.com.google.cloud.storage.Conversions$Codec$2
2503:             1             24  com.google.cloud.hadoop.repackaged.gcs.com.google.cloud.storage.Conversions$Decoder$$Lambda$339/0x00000008004c1840
2504:             1             24  com.google.cloud.hadoop.repackaged.gcs.com.google.cloud.storage.DefaultBufferedReadableByteChannel
2505:             1             24  com.google.cloud.hadoop.repackaged.gcs.com.google.cloud.storage.GapicDownloadSessionBuilder$ReadableByteChannelSessionBuilder
2506:             1             24  com.google.cloud.hadoop.repackaged.gcs.com.google.cloud.storage.GapicDownloadSessionBuilder$ReadableByteChannelSessionBuilder$$Lambda$425/0x0000000800525040
2507:             1             24  com.google.cloud.hadoop.repackaged.gcs.com.google.cloud.storage.UnifiedOpts$ProjectId
2508:             1             24  com.google.cloud.hadoop.repackaged.gcs.com.google.common.base.CharMatcher$BitSetMatcher
2509:             1             24  com.google.cloud.hadoop.repackaged.gcs.com.google.common.cache.CacheBuilder$NullListener
2510:             1             24  com.google.cloud.hadoop.repackaged.gcs.com.google.common.cache.CacheBuilder$OneWeigher
2511:             1             24  com.google.cloud.hadoop.repackaged.gcs.com.google.common.cache.LocalCache$EntryFactory$1
2512:             1             24  com.google.cloud.hadoop.repackaged.gcs.com.google.common.cache.LocalCache$EntryFactory$2
2513:             1             24  com.google.cloud.hadoop.repackaged.gcs.com.google.common.cache.LocalCache$EntryFactory$3
2514:             1             24  com.google.cloud.hadoop.repackaged.gcs.com.google.common.cache.LocalCache$EntryFactory$4
2515:             1             24  com.google.cloud.hadoop.repackaged.gcs.com.google.common.cache.LocalCache$EntryFactory$5
2516:             1             24  com.google.cloud.hadoop.repackaged.gcs.com.google.common.cache.LocalCache$EntryFactory$6
2517:             1             24  com.google.cloud.hadoop.repackaged.gcs.com.google.common.cache.LocalCache$EntryFactory$7
2518:             1             24  com.google.cloud.hadoop.repackaged.gcs.com.google.common.cache.LocalCache$EntryFactory$8
2519:             1             24  com.google.cloud.hadoop.repackaged.gcs.com.google.common.cache.LocalCache$Strength$1
2520:             1             24  com.google.cloud.hadoop.repackaged.gcs.com.google.common.cache.LocalCache$Strength$2
2521:             1             24  com.google.cloud.hadoop.repackaged.gcs.com.google.common.cache.LocalCache$Strength$3
2522:             1             24  com.google.cloud.hadoop.repackaged.gcs.com.google.common.collect.ImmutableEnumSet
2523:             1             24  com.google.cloud.hadoop.repackaged.gcs.com.google.common.collect.ImmutableSet$EmptySetBuilderImpl
2524:             1             24  com.google.cloud.hadoop.repackaged.gcs.com.google.common.collect.MapMakerInternalMap$Strength$1
2525:             1             24  com.google.cloud.hadoop.repackaged.gcs.com.google.common.collect.MapMakerInternalMap$Strength$2
2526:             1             24  com.google.cloud.hadoop.repackaged.gcs.com.google.common.flogger.backend.FormatOptions
2527:             1             24  com.google.cloud.hadoop.repackaged.gcs.com.google.common.flogger.backend.FormatType$1
2528:             1             24  com.google.cloud.hadoop.repackaged.gcs.com.google.common.flogger.backend.FormatType$2
2529:             1             24  com.google.cloud.hadoop.repackaged.gcs.com.google.common.flogger.backend.FormatType$3
2530:             1             24  com.google.cloud.hadoop.repackaged.gcs.com.google.common.flogger.backend.FormatType$4
2531:             1             24  com.google.cloud.hadoop.repackaged.gcs.com.google.common.flogger.backend.FormatType$5
2532:             1             24  com.google.cloud.hadoop.repackaged.gcs.com.google.common.flogger.backend.SimpleMessageFormatter$1
2533:             1             24  com.google.cloud.hadoop.repackaged.gcs.com.google.common.flogger.context.Tags$LightweightTagMap$SortedArraySet
2534:             1             24  com.google.cloud.hadoop.repackaged.gcs.com.google.common.util.concurrent.AbstractFuture$Waiter
2535:             1             24  com.google.cloud.hadoop.repackaged.gcs.com.google.common.util.concurrent.DirectExecutor
2536:             1             24  com.google.cloud.hadoop.repackaged.gcs.com.google.common.util.concurrent.Futures$CallbackListener
2537:             1             24  com.google.cloud.hadoop.repackaged.gcs.com.google.common.util.concurrent.MoreExecutors$DirectExecutorService
2538:             1             24  com.google.cloud.hadoop.repackaged.gcs.com.google.gson.FieldNamingPolicy$1
2539:             1             24  com.google.cloud.hadoop.repackaged.gcs.com.google.gson.FieldNamingPolicy$2
2540:             1             24  com.google.cloud.hadoop.repackaged.gcs.com.google.gson.FieldNamingPolicy$3
2541:             1             24  com.google.cloud.hadoop.repackaged.gcs.com.google.gson.FieldNamingPolicy$4
2542:             1             24  com.google.cloud.hadoop.repackaged.gcs.com.google.gson.FieldNamingPolicy$5
2543:             1             24  com.google.cloud.hadoop.repackaged.gcs.com.google.gson.FieldNamingPolicy$6
2544:             1             24  com.google.cloud.hadoop.repackaged.gcs.com.google.gson.LongSerializationPolicy$1
2545:             1             24  com.google.cloud.hadoop.repackaged.gcs.com.google.gson.LongSerializationPolicy$2
2546:             1             24  com.google.cloud.hadoop.repackaged.gcs.com.google.gson.ToNumberPolicy$1
2547:             1             24  com.google.cloud.hadoop.repackaged.gcs.com.google.gson.ToNumberPolicy$2
2548:             1             24  com.google.cloud.hadoop.repackaged.gcs.com.google.gson.ToNumberPolicy$3
2549:             1             24  com.google.cloud.hadoop.repackaged.gcs.com.google.gson.ToNumberPolicy$4
2550:             1             24  com.google.cloud.hadoop.repackaged.gcs.com.google.gson.internal.bind.TypeAdapters$32
2551:             1             24  com.google.cloud.hadoop.repackaged.gcs.com.google.gson.internal.reflect.UnsafeReflectionAccessor
2552:             1             24  com.google.cloud.hadoop.repackaged.gcs.com.google.protobuf.WireFormat$Utf8Validation$1
2553:             1             24  com.google.cloud.hadoop.repackaged.gcs.com.google.protobuf.WireFormat$Utf8Validation$2
2554:             1             24  com.google.cloud.hadoop.repackaged.gcs.com.google.protobuf.WireFormat$Utf8Validation$3
2555:             1             24  com.google.cloud.hadoop.repackaged.gcs.com.google.storage.v2.StorageClient
2556:             1             24  com.google.cloud.hadoop.repackaged.gcs.com.lmax.disruptor.SleepingWaitStrategy
2557:             1             24  com.google.cloud.hadoop.repackaged.gcs.com.lmax.disruptor.dsl.BasicExecutor
2558:             1             24  com.google.cloud.hadoop.repackaged.gcs.com.lmax.disruptor.dsl.ConsumerRepository
2559:             1             24  com.google.cloud.hadoop.repackaged.gcs.io.grpc.DecompressorRegistry
2560:             1             24  com.google.cloud.hadoop.repackaged.gcs.io.grpc.InternalChannelz$Tls
2561:             1             24  com.google.cloud.hadoop.repackaged.gcs.io.grpc.LoadBalancerRegistry
2562:             1             24  com.google.cloud.hadoop.repackaged.gcs.io.grpc.ManagedChannelRegistry
2563:             1             24  com.google.cloud.hadoop.repackaged.gcs.io.grpc.PersistentHashArrayMappedTrie$Leaf
2564:             1             24  com.google.cloud.hadoop.repackaged.gcs.io.grpc.alts.HandshakerServiceChannel$EventLoopHoldingChannel
2565:             1             24  com.google.cloud.hadoop.repackaged.gcs.io.grpc.alts.internal.AsyncSemaphore
2566:             1             24  com.google.cloud.hadoop.repackaged.gcs.io.grpc.googleapis.GoogleCloudToProdNameResolver$HttpConnectionFactory
2567:             1             24  com.google.cloud.hadoop.repackaged.gcs.io.grpc.internal.ClientCallImpl$DeadlineTimer
2568:             1             24  com.google.cloud.hadoop.repackaged.gcs.io.grpc.internal.DnsNameResolver$JdkAddressResolver
2569:             1             24  com.google.cloud.hadoop.repackaged.gcs.io.grpc.internal.InternalSubchannel$7
2570:             1             24  com.google.cloud.hadoop.repackaged.gcs.io.grpc.internal.ManagedChannelImpl$3
2571:             1             24  com.google.cloud.hadoop.repackaged.gcs.io.grpc.internal.PickFirstLoadBalancer$RequestConnectionPicker
2572:             1             24  com.google.cloud.hadoop.repackaged.gcs.io.grpc.internal.ProxyDetectorImpl
2573:             1             24  com.google.cloud.hadoop.repackaged.gcs.io.grpc.internal.RetriableStream$SavedCloseMasterListenerReason
2574:             1             24  com.google.cloud.hadoop.repackaged.gcs.io.grpc.internal.SharedResourceHolder
2575:             1             24  com.google.cloud.hadoop.repackaged.gcs.io.grpc.lookup.v1.RouteLookupServiceGrpc$RouteLookupServiceStub
2576:             1             24  com.google.cloud.hadoop.repackaged.gcs.io.grpc.netty.shaded.io.grpc.netty.GrpcHttp2HeadersUtils$GrpcHttp2ResponseHeaders
2577:             1             24  com.google.cloud.hadoop.repackaged.gcs.io.grpc.netty.shaded.io.grpc.netty.ProtocolNegotiationEvent
2578:             1             24  com.google.cloud.hadoop.repackaged.gcs.io.grpc.netty.shaded.io.netty.buffer.UnpooledByteBufAllocator$UnpooledByteBufAllocatorMetric
2579:             1             24  com.google.cloud.hadoop.repackaged.gcs.io.grpc.netty.shaded.io.netty.channel.ChannelOption$1
2580:             1             24  com.google.cloud.hadoop.repackaged.gcs.io.grpc.netty.shaded.io.netty.channel.WriteBufferWaterMark
2581:             1             24  com.google.cloud.hadoop.repackaged.gcs.io.grpc.netty.shaded.io.netty.channel.nio.SelectedSelectionKeySet
2582:             1             24  com.google.cloud.hadoop.repackaged.gcs.io.grpc.netty.shaded.io.netty.channel.nio.SelectedSelectionKeySetSelector
2583:             1             24  com.google.cloud.hadoop.repackaged.gcs.io.grpc.netty.shaded.io.netty.handler.codec.http2.DefaultHttp2FrameReader$HeadersBlockBuilder
2584:             1             24  com.google.cloud.hadoop.repackaged.gcs.io.grpc.netty.shaded.io.netty.handler.codec.http2.ReadOnlyHttp2Headers
2585:             1             24  com.google.cloud.hadoop.repackaged.gcs.io.grpc.netty.shaded.io.netty.handler.codec.http2.WeightedFairQueueByteDistributor$ParentChangedEvent
2586:             1             24  com.google.cloud.hadoop.repackaged.gcs.io.grpc.netty.shaded.io.netty.handler.ssl.OpenSslSessionId
2587:             1             24  com.google.cloud.hadoop.repackaged.gcs.io.grpc.netty.shaded.io.netty.handler.ssl.ReferenceCountedOpenSslEngine$1
2588:             1             24  com.google.cloud.hadoop.repackaged.gcs.io.grpc.netty.shaded.io.netty.resolver.DefaultAddressResolverGroup
2589:             1             24  com.google.cloud.hadoop.repackaged.gcs.io.grpc.netty.shaded.io.netty.util.ResourceLeakDetectorFactory$DefaultResourceLeakDetectorFactory
2590:             1             24  com.google.cloud.hadoop.repackaged.gcs.io.grpc.netty.shaded.io.netty.util.concurrent.FailedFuture
2591:             1             24  com.google.cloud.hadoop.repackaged.gcs.io.grpc.netty.shaded.io.netty.util.internal.ThreadExecutorMap$3
2592:             1             24  com.google.cloud.hadoop.repackaged.gcs.io.grpc.rls.AutoValue_RlsProtoData_GrpcKeyBuilder_Name
2593:             1             24  com.google.cloud.hadoop.repackaged.gcs.io.grpc.rls.AutoValue_RlsProtoData_NameMatcher
2594:             1             24  com.google.cloud.hadoop.repackaged.gcs.io.grpc.rls.AutoValue_RlsProtoData_RouteLookupResponse
2595:             1             24  com.google.cloud.hadoop.repackaged.gcs.io.grpc.rls.CachingRlsLbClient$BackoffRefreshListener
2596:             1             24  com.google.cloud.hadoop.repackaged.gcs.io.grpc.rls.CachingRlsLbClient$RlsLbHelper
2597:             1             24  com.google.cloud.hadoop.repackaged.gcs.io.grpc.rls.CachingRlsLbClient$RlsPicker
2598:             1             24  com.google.cloud.hadoop.repackaged.gcs.io.grpc.rls.ChildLbResolvedAddressFactory
2599:             1             24  com.google.cloud.hadoop.repackaged.gcs.io.grpc.rls.ChildLoadBalancerHelper$ChildLoadBalancerHelperProvider
2600:             1             24  com.google.cloud.hadoop.repackaged.gcs.io.grpc.rls.LbPolicyConfiguration
2601:             1             24  com.google.cloud.hadoop.repackaged.gcs.io.grpc.rls.LbPolicyConfiguration$ChildLoadBalancingPolicy
2602:             1             24  com.google.cloud.hadoop.repackaged.gcs.io.grpc.rls.LinkedHashLruCache$SizeHandlingEvictionListener
2603:             1             24  com.google.cloud.hadoop.repackaged.gcs.io.grpc.rls.LinkedHashLruCache$SizedValue
2604:             1             24  com.google.cloud.hadoop.repackaged.gcs.io.grpc.rls.RlsProtoConverters$RouteLookupRequestConverter
2605:             1             24  com.google.cloud.hadoop.repackaged.gcs.io.grpc.rls.RlsProtoConverters$RouteLookupResponseConverter
2606:             1             24  com.google.cloud.hadoop.repackaged.gcs.io.grpc.rls.RlsRequestFactory
2607:             1             24  com.google.cloud.hadoop.repackaged.gcs.io.grpc.rls.SubchannelStateManagerImpl
2608:             1             24  com.google.cloud.hadoop.repackaged.gcs.io.grpc.stub.MetadataUtils$HeaderAttachingClientInterceptor$HeaderAttachingClientCall
2609:             1             24  com.google.cloud.hadoop.repackaged.gcs.io.grpc.xds.AutoValue_Bootstrapper_AuthorityInfo
2610:             1             24  com.google.cloud.hadoop.repackaged.gcs.io.grpc.xds.BootstrapperImpl
2611:             1             24  com.google.cloud.hadoop.repackaged.gcs.io.grpc.xds.BootstrapperImpl$LocalFileReader
2612:             1             24  com.google.cloud.hadoop.repackaged.gcs.io.grpc.xds.ClusterImplLoadBalancer$CountingStreamTracerFactory
2613:             1             24  com.google.cloud.hadoop.repackaged.gcs.io.grpc.xds.ClusterImplLoadBalancer$CountingStreamTracerFactory$2
2614:             1             24  com.google.cloud.hadoop.repackaged.gcs.io.grpc.xds.FaultFilter
2615:             1             24  com.google.cloud.hadoop.repackaged.gcs.io.grpc.xds.LoadStatsManager2
2616:             1             24  com.google.cloud.hadoop.repackaged.gcs.io.grpc.xds.RouterFilter
2617:             1             24  com.google.cloud.hadoop.repackaged.gcs.io.grpc.xds.SharedCallCounterMap
2618:             1             24  com.google.cloud.hadoop.repackaged.gcs.io.grpc.xds.XdsCredentialsRegistry
2619:             1             24  com.google.cloud.hadoop.repackaged.gcs.io.grpc.xds.XdsNameResolver$ConfigSelector$1ClusterSelectionInterceptor$1
2620:             1             24  com.google.cloud.hadoop.repackaged.gcs.io.grpc.xds.XdsNameResolver$ConfigSelector$1ClusterSelectionInterceptor$1$1
2621:             1             24  com.google.cloud.hadoop.repackaged.gcs.io.grpc.xds.XdsNameResolverProvider
2622:             1             24  com.google.cloud.hadoop.repackaged.gcs.io.grpc.xds.internal.security.ClientSslContextProviderFactory
2623:             1             24  com.google.cloud.hadoop.repackaged.gcs.io.grpc.xds.internal.security.ServerSslContextProviderFactory
2624:             1             24  com.google.cloud.hadoop.repackaged.gcs.io.grpc.xds.internal.security.TlsContextManagerImpl
2625:             1             24  com.google.cloud.hadoop.repackaged.gcs.io.grpc.xds.internal.security.certprovider.CertificateProviderStore
2626:             1             24  com.google.cloud.hadoop.repackaged.gcs.io.grpc.xds.internal.security.certprovider.FileWatcherCertificateProviderProvider
2627:             1             24  com.google.cloud.hadoop.repackaged.gcs.io.grpc.xds.orca.OrcaPerRequestUtil$OrcaReportingTracerFactory$1
2628:             1             24  com.google.cloud.hadoop.repackaged.gcs.io.opencensus.impl.internal.DisruptorEventQueue
2629:             1             24  com.google.cloud.hadoop.repackaged.gcs.io.opencensus.impl.internal.DisruptorEventQueue$DisruptorEventFactory
2630:             1             24  com.google.cloud.hadoop.repackaged.gcs.io.opencensus.impl.internal.DisruptorEventQueue$DisruptorEventHandler
2631:             1             24  com.google.cloud.hadoop.repackaged.gcs.io.opencensus.impl.metrics.MetricsComponentImpl
2632:             1             24  com.google.cloud.hadoop.repackaged.gcs.io.opencensus.impl.stats.StatsComponentImpl
2633:             1             24  com.google.cloud.hadoop.repackaged.gcs.io.opencensus.impl.tags.TagsComponentImpl
2634:             1             24  com.google.cloud.hadoop.repackaged.gcs.io.opencensus.implcore.internal.DaemonThreadFactory
2635:             1             24  com.google.cloud.hadoop.repackaged.gcs.io.opencensus.implcore.metrics.DerivedLongGaugeImpl$PointWithFunction
2636:             1             24  com.google.cloud.hadoop.repackaged.gcs.io.opencensus.implcore.metrics.MetricRegistryImpl
2637:             1             24  com.google.cloud.hadoop.repackaged.gcs.io.opencensus.implcore.metrics.MetricRegistryImpl$MetricProducerForRegistry
2638:             1             24  com.google.cloud.hadoop.repackaged.gcs.io.opencensus.implcore.tags.propagation.TagPropagationComponentImpl
2639:             1             24  com.google.cloud.hadoop.repackaged.gcs.io.opencensus.implcore.trace.export.ExportComponentImpl
2640:             1             24  com.google.cloud.hadoop.repackaged.gcs.io.opencensus.implcore.trace.export.InProcessSampledSpanStoreImpl
2641:             1             24  com.google.cloud.hadoop.repackaged.gcs.io.opencensus.implcore.trace.export.SpanExporterImpl
2642:             1             24  com.google.cloud.hadoop.repackaged.gcs.io.opencensus.implcore.trace.propagation.PropagationComponentImpl
2643:             1             24  com.google.cloud.hadoop.repackaged.gcs.io.opencensus.metrics.export.AutoValue_TimeSeries
2644:             1             24  com.google.cloud.hadoop.repackaged.gcs.io.opencensus.trace.AutoValue_EndSpanOptions$Builder
2645:             1             24  com.google.cloud.hadoop.repackaged.gcs.io.opencensus.trace.BlankSpan
2646:             1             24  com.google.cloud.hadoop.repackaged.gcs.io.opencensus.trace.CurrentSpanUtils$ScopeInSpan
2647:             1             24  com.google.cloud.hadoop.repackaged.gcs.io.opencensus.trace.Span$Options
2648:             1             24  com.google.cloud.hadoop.repackaged.gcs.io.perfmark.Link
2649:             1             24  com.google.cloud.hadoop.repackaged.gcs.io.perfmark.Tag
2650:             1             24  com.sun.beans.util.Cache$Kind$1 (java.desktop@11.0.20.1)
2651:             1             24  com.sun.beans.util.Cache$Kind$2 (java.desktop@11.0.20.1)
2652:             1             24  com.sun.beans.util.Cache$Kind$3 (java.desktop@11.0.20.1)
2653:             1             24  com.sun.management.internal.HotSpotThreadImpl (jdk.management@11.0.20.1)
2654:             1             24  com.sun.management.internal.PlatformMBeanProviderImpl$1 (jdk.management@11.0.20.1)
2655:             1             24  com.sun.management.internal.PlatformMBeanProviderImpl$2 (jdk.management@11.0.20.1)
2656:             1             24  com.sun.management.internal.PlatformMBeanProviderImpl$3 (jdk.management@11.0.20.1)
2657:             1             24  com.sun.management.internal.PlatformMBeanProviderImpl$4 (jdk.management@11.0.20.1)
2658:             1             24  com.sun.management.internal.PlatformMBeanProviderImpl$5 (jdk.management@11.0.20.1)
2659:             1             24  java.lang.ProcessEnvironment$StringEnvironment (java.base@11.0.20.1)
2660:             1             24  java.lang.ProcessHandleImpl$$Lambda$38/0x0000000800163440 (java.base@11.0.20.1)
2661:             1             24  java.lang.invoke.MethodHandleImpl$ArrayAccessor$1 (java.base@11.0.20.1)
2662:             1             24  java.lang.invoke.MethodHandleImpl$BindCaller$1 (java.base@11.0.20.1)
2663:             1             24  java.lang.invoke.MethodType$ConcurrentWeakInternSet (java.base@11.0.20.1)
2664:             1             24  java.lang.invoke.StringConcatFactory$Stringifiers$StringifierAny (java.base@11.0.20.1)
2665:             1             24  java.lang.invoke.StringConcatFactory$Stringifiers$StringifierMost (java.base@11.0.20.1)
2666:             1             24  java.lang.management.DefaultPlatformMBeanProvider$1 (java.management@11.0.20.1)
2667:             1             24  java.lang.management.DefaultPlatformMBeanProvider$10 (java.management@11.0.20.1)
2668:             1             24  java.lang.management.DefaultPlatformMBeanProvider$11 (java.management@11.0.20.1)
2669:             1             24  java.lang.management.DefaultPlatformMBeanProvider$2 (java.management@11.0.20.1)
2670:             1             24  java.lang.management.DefaultPlatformMBeanProvider$3 (java.management@11.0.20.1)
2671:             1             24  java.lang.management.DefaultPlatformMBeanProvider$4 (java.management@11.0.20.1)
2672:             1             24  java.lang.management.DefaultPlatformMBeanProvider$5 (java.management@11.0.20.1)
2673:             1             24  java.lang.management.DefaultPlatformMBeanProvider$6 (java.management@11.0.20.1)
2674:             1             24  java.lang.management.DefaultPlatformMBeanProvider$7 (java.management@11.0.20.1)
2675:             1             24  java.lang.management.DefaultPlatformMBeanProvider$8 (java.management@11.0.20.1)
2676:             1             24  java.lang.management.DefaultPlatformMBeanProvider$9 (java.management@11.0.20.1)
2677:             1             24  java.math.MutableBigInteger (java.base@11.0.20.1)
2678:             1             24  java.net.Inet6AddressImpl (java.base@11.0.20.1)
2679:             1             24  java.net.Proxy (java.base@11.0.20.1)
2680:             1             24  java.security.AllPermissionCollection (java.base@11.0.20.1)
2681:             1             24  java.security.Timestamp (java.base@11.0.20.1)
2682:             1             24  java.time.Clock$SystemClock (java.base@11.0.20.1)
2683:             1             24  java.time.format.DecimalStyle (java.base@11.0.20.1)
2684:             1             24  java.time.temporal.IsoFields$Field$1 (java.base@11.0.20.1)
2685:             1             24  java.time.temporal.IsoFields$Field$2 (java.base@11.0.20.1)
2686:             1             24  java.time.temporal.IsoFields$Field$3 (java.base@11.0.20.1)
2687:             1             24  java.time.temporal.IsoFields$Field$4 (java.base@11.0.20.1)
2688:             1             24  java.time.zone.TzdbZoneRulesProvider (java.base@11.0.20.1)
2689:             1             24  java.util.Collections$3 (java.base@11.0.20.1)
2690:             1             24  java.util.Collections$EmptyMap (java.base@11.0.20.1)
2691:             1             24  java.util.Collections$UnmodifiableMap$UnmodifiableEntrySet$1 (java.base@11.0.20.1)
2692:             1             24  java.util.Comparators$NaturalOrderComparator (java.base@11.0.20.1)
2693:             1             24  java.util.Locale$Cache (java.base@11.0.20.1)
2694:             1             24  java.util.ResourceBundle$Control$CandidateListCache (java.base@11.0.20.1)
2695:             1             24  java.util.concurrent.CopyOnWriteArrayList$COWIterator (java.base@11.0.20.1)
2696:             1             24  java.util.logging.LogManager$LoggerContext (java.logging@11.0.20.1)
2697:             1             24  java.util.regex.CharPredicates$$Lambda$176/0x00000008002db440 (java.base@11.0.20.1)
2698:             1             24  java.util.regex.Pattern$BmpCharPredicate$$Lambda$178/0x00000008002dac40 (java.base@11.0.20.1)
2699:             1             24  java.util.regex.Pattern$Neg (java.base@11.0.20.1)
2700:             1             24  java.util.zip.ZipCoder$UTF8 (java.base@11.0.20.1)
2701:             1             24  javax.crypto.CryptoAllPermissionCollection (java.base@11.0.20.1)
2702:             1             24  javax.net.ssl.SSLContext (java.base@11.0.20.1)
2703:             1             24  jdk.internal.jimage.ImageReader (java.base@11.0.20.1)
2704:             1             24  jdk.internal.logger.BootstrapLogger$RedirectedLoggers (java.base@11.0.20.1)
2705:             1             24  jdk.internal.module.ModuleHashes (java.base@11.0.20.1)
2706:             1             24  jdk.internal.module.SystemModuleFinders$SystemModuleFinder (java.base@11.0.20.1)
2707:             1             24  jdk.management.jfr.internal.FlightRecorderMXBeanProvider$SingleMBeanComponent (jdk.management.jfr@11.0.20.1)
2708:             1             24  org.apache.commons.cli.CommandLine
2709:             1             24  org.apache.commons.logging.impl.Log4JLogger
2710:             1             24  org.apache.commons.logging.impl.WeakHashtable$Referenced
2711:             1             24  org.apache.hadoop.conf.Configuration$DeprecationContext
2712:             1             24  org.apache.hadoop.conf.Configuration$ParsedTimeDuration$1
2713:             1             24  org.apache.hadoop.conf.Configuration$ParsedTimeDuration$2
2714:             1             24  org.apache.hadoop.conf.Configuration$ParsedTimeDuration$3
2715:             1             24  org.apache.hadoop.conf.Configuration$ParsedTimeDuration$4
2716:             1             24  org.apache.hadoop.conf.Configuration$ParsedTimeDuration$5
2717:             1             24  org.apache.hadoop.conf.Configuration$ParsedTimeDuration$6
2718:             1             24  org.apache.hadoop.conf.Configuration$ParsedTimeDuration$7
2719:             1             24  org.apache.hadoop.fs.FileSystem$Statistics$$Lambda$85/0x00000008001f2040
2720:             1             24  org.apache.hadoop.fs.GlobalStorageStatistics
2721:             1             24  org.apache.hadoop.fs.ReadOption
2722:             1             24  org.apache.hadoop.ipc.CallerContext
2723:             1             24  org.apache.hadoop.metrics2.MetricsTag
2724:             1             24  org.apache.hadoop.metrics2.impl.MetricsCollectorImpl
2725:             1             24  org.apache.hadoop.metrics2.impl.MetricsSystemImpl$3
2726:             1             24  org.apache.hadoop.metrics2.lib.DefaultMetricsFactory
2727:             1             24  org.apache.hadoop.metrics2.lib.Interns$Info
2728:             1             24  org.apache.hadoop.metrics2.lib.Interns$Info$1
2729:             1             24  org.apache.hadoop.metrics2.lib.Interns$Tags
2730:             1             24  org.apache.hadoop.metrics2.lib.Interns$Tags$1
2731:             1             24  org.apache.hadoop.metrics2.lib.MutableGaugeInt
2732:             1             24  org.apache.hadoop.metrics2.lib.MutableGaugeLong
2733:             1             24  org.apache.hadoop.metrics2.lib.UniqueNames$Count
2734:             1             24  org.apache.hadoop.security.Groups$GroupCacheLoader
2735:             1             24  org.apache.hadoop.security.UserGroupInformation
2736:             1             24  org.apache.hadoop.security.UserGroupInformation$HadoopConfiguration
2737:             1             24  org.apache.hadoop.thirdparty.com.google.common.cache.CacheBuilder$NullListener
2738:             1             24  org.apache.hadoop.thirdparty.com.google.common.cache.CacheBuilder$OneWeigher
2739:             1             24  org.apache.hadoop.thirdparty.com.google.common.cache.LocalCache$EntryFactory$1
2740:             1             24  org.apache.hadoop.thirdparty.com.google.common.cache.LocalCache$EntryFactory$2
2741:             1             24  org.apache.hadoop.thirdparty.com.google.common.cache.LocalCache$EntryFactory$3
2742:             1             24  org.apache.hadoop.thirdparty.com.google.common.cache.LocalCache$EntryFactory$4
2743:             1             24  org.apache.hadoop.thirdparty.com.google.common.cache.LocalCache$EntryFactory$5
2744:             1             24  org.apache.hadoop.thirdparty.com.google.common.cache.LocalCache$EntryFactory$6
2745:             1             24  org.apache.hadoop.thirdparty.com.google.common.cache.LocalCache$EntryFactory$7
2746:             1             24  org.apache.hadoop.thirdparty.com.google.common.cache.LocalCache$EntryFactory$8
2747:             1             24  org.apache.hadoop.thirdparty.com.google.common.cache.LocalCache$KeySet
2748:             1             24  org.apache.hadoop.thirdparty.com.google.common.cache.LocalCache$Strength$1
2749:             1             24  org.apache.hadoop.thirdparty.com.google.common.cache.LocalCache$Strength$2
2750:             1             24  org.apache.hadoop.thirdparty.com.google.common.cache.LocalCache$Strength$3
2751:             1             24  org.apache.hadoop.thirdparty.com.google.common.collect.ImmutableEnumSet
2752:             1             24  org.apache.hadoop.thirdparty.com.google.common.collect.MapMakerInternalMap$Strength$1
2753:             1             24  org.apache.hadoop.thirdparty.com.google.common.collect.MapMakerInternalMap$Strength$2
2754:             1             24  org.apache.hadoop.tracing.Tracer
2755:             1             24  org.apache.hadoop.util.GenericOptionsParser
2756:             1             24  org.apache.hadoop.util.IdentityHashStore
2757:             1             24  org.apache.hadoop.util.RunJar$1
2758:             1             24  org.apache.hadoop.util.ShutdownHookManager
2759:             1             24  org.apache.log4j.helpers.FormattingInfo
2760:             1             24  org.apache.log4j.helpers.ISO8601DateFormat
2761:             1             24  org.bouncycastle.jcajce.provider.asymmetric.edec.KeyFactorySpi$Ed25519
2762:             1             24  org.bouncycastle.jcajce.provider.asymmetric.edec.KeyFactorySpi$Ed448
2763:             1             24  org.bouncycastle.jcajce.provider.asymmetric.edec.KeyFactorySpi$X25519
2764:             1             24  org.bouncycastle.jcajce.provider.asymmetric.edec.KeyFactorySpi$X448
2765:             1             24  org.bouncycastle.util.encoders.HexEncoder
2766:             1             24  org.conscrypt.Conscrypt$Version
2767:             1             24  org.conscrypt.ConscryptEngineSocket$2
2768:             1             24  org.conscrypt.ExternalSession
2769:             1             24  org.conscrypt.HostProperties$Architecture$1
2770:             1             24  org.conscrypt.NativeSsl$BioWrapper
2771:             1             24  org.eclipse.jetty.util.Uptime$DefaultImpl
2772:             1             24  org.slf4j.helpers.FormattingTuple
2773:             1             24  org.slf4j.helpers.SubstituteLoggerFactory
2774:             1             24  org.xbill.DNS.ResolverConfig
2775:             1             24  org.xbill.DNS.config.AndroidResolverConfigProvider
2776:             1             24  org.xbill.DNS.config.JndiContextResolverConfigProvider$InnerJndiContextResolverConfigProvider
2777:             1             24  org.xbill.DNS.config.SunJvmResolverConfigProvider
2778:             1             24  sun.management.RuntimeImpl (java.management@11.0.20.1)
2779:             1             24  sun.management.VMManagementImpl (java.management@11.0.20.1)
2780:             1             24  sun.net.ProgressMonitor (java.base@11.0.20.1)
2781:             1             24  sun.net.dns.ResolverConfigurationImpl (java.base@11.0.20.1)
2782:             1             24  sun.net.sdp.SdpProvider (java.base@11.0.20.1)
2783:             1             24  sun.net.www.http.KeepAliveEntry (java.base@11.0.20.1)
2784:             1             24  sun.net.www.protocol.http.Handler (java.base@11.0.20.1)
2785:             1             24  sun.nio.ch.Util$BufferCache (java.base@11.0.20.1)
2786:             1             24  sun.nio.cs.ISO_8859_1 (java.base@11.0.20.1)
2787:             1             24  sun.nio.cs.US_ASCII (java.base@11.0.20.1)
2788:             1             24  sun.nio.cs.UTF_16 (java.base@11.0.20.1)
2789:             1             24  sun.nio.cs.UTF_16BE (java.base@11.0.20.1)
2790:             1             24  sun.nio.cs.UTF_16LE (java.base@11.0.20.1)
2791:             1             24  sun.nio.cs.UTF_8 (java.base@11.0.20.1)
2792:             1             24  sun.reflect.generics.reflectiveObjects.WildcardTypeImpl (java.base@11.0.20.1)
2793:             1             24  sun.reflect.generics.scope.MethodScope (java.base@11.0.20.1)
2794:             1             24  sun.reflect.generics.tree.Wildcard (java.base@11.0.20.1)
2795:             1             24  sun.security.ssl.SunX509KeyManagerImpl (java.base@11.0.20.1)
2796:             1             24  sun.security.ssl.TrustStoreManager$TrustAnchorManager (java.base@11.0.20.1)
2797:             1             24  sun.text.normalizer.Norm2AllModes (java.base@11.0.20.1)
2798:             1             24  sun.text.normalizer.Norm2AllModes$ComposeNormalizer2 (java.base@11.0.20.1)
2799:             1             24  sun.text.normalizer.Norm2AllModes$Norm2AllModesSingleton (java.base@11.0.20.1)
2800:             1             24  sun.util.cldr.CLDRCalendarDataProviderImpl (java.base@11.0.20.1)
2801:             1             24  sun.util.locale.BaseLocale$Cache (java.base@11.0.20.1)
2802:             1             24  sun.util.locale.provider.CalendarProviderImpl (java.base@11.0.20.1)
2803:             1             24  sun.util.locale.provider.DateFormatSymbolsProviderImpl (java.base@11.0.20.1)
2804:             1             24  sun.util.locale.provider.DecimalFormatSymbolsProviderImpl (java.base@11.0.20.1)
2805:             1             24  sun.util.locale.provider.LocaleServiceProviderPool (java.base@11.0.20.1)
2806:             1             24  sun.util.locale.provider.NumberFormatProviderImpl (java.base@11.0.20.1)
2807:             1             16  [Lcom.google.cloud.hadoop.repackaged.gcs.com.google.cloud.storage.Storage$BucketSourceOption;
2808:             1             16  [Lcom.google.cloud.hadoop.repackaged.gcs.io.grpc.StreamTracer;
2809:             1             16  [Lcom.google.cloud.hadoop.repackaged.gcs.io.grpc.netty.shaded.io.netty.handler.ssl.OpenSslSession;
2810:             1             16  [Lcom.google.cloud.hadoop.repackaged.gcs.io.grpc.netty.shaded.io.netty.util.DefaultAttributeMap$DefaultAttribute;
2811:             1             16  [Ljava.beans.EventSetDescriptor; (java.desktop@11.0.20.1)
2812:             1             16  [Ljava.nio.file.attribute.FileAttribute; (java.base@11.0.20.1)
2813:             1             16  [Ljava.security.Provider; (java.base@11.0.20.1)
2814:             1             16  [Ljava.text.FieldPosition; (java.base@11.0.20.1)
2815:             1             16  [Ljava.time.LocalDateTime; (java.base@11.0.20.1)
2816:             1             16  [Ljava.time.zone.ZoneOffsetTransitionRule; (java.base@11.0.20.1)
2817:             1             16  [Ljava.util.logging.Handler; (java.logging@11.0.20.1)
2818:             1             16  [Lorg.apache.hadoop.security.SecurityInfo;
2819:             1             16  [Lsun.reflect.generics.tree.TypeSignature; (java.base@11.0.20.1)
2820:             1             16  com.google.cloud.hadoop.fs.gcs.FsBenchmark
2821:             1             16  com.google.cloud.hadoop.fs.gcs.FsBenchmark$$Lambda$341/0x00000008004c7840
2822:             1             16  com.google.cloud.hadoop.fs.gcs.FsBenchmark$$Lambda$43/0x00000008001c8440
2823:             1             16  com.google.cloud.hadoop.fs.gcs.FsBenchmark$$Lambda$44/0x00000008001c8840
2824:             1             16  com.google.cloud.hadoop.fs.gcs.FsBenchmark$$Lambda$45/0x00000008001c8c40
2825:             1             16  com.google.cloud.hadoop.fs.gcs.FsBenchmark$$Lambda$46/0x00000008001c9040
2826:             1             16  com.google.cloud.hadoop.fs.gcs.FsBenchmark$$Lambda$469/0x0000000800782440
2827:             1             16  com.google.cloud.hadoop.fs.gcs.FsBenchmark$$Lambda$470/0x0000000800782840
2828:             1             16  com.google.cloud.hadoop.fs.gcs.FsBenchmark$$Lambda$471/0x0000000800782c40
2829:             1             16  com.google.cloud.hadoop.fs.gcs.FsBenchmark$$Lambda$472/0x0000000800783040
2830:             1             16  com.google.cloud.hadoop.fs.gcs.GhfsStatistic$$Lambda$83/0x00000008001f2840
2831:             1             16  com.google.cloud.hadoop.fs.gcs.GoogleHadoopFSInputStream$$Lambda$467/0x0000000800781840
2832:             1             16  com.google.cloud.hadoop.fs.gcs.GoogleHadoopFileSystemBase$$Lambda$80/0x00000008001f3c40
2833:             1             16  com.google.cloud.hadoop.fs.gcs.GoogleHadoopFileSystemBase$$Lambda$82/0x00000008001f3440
2834:             1             16  com.google.cloud.hadoop.repackaged.gcs.com.fasterxml.jackson.core.io.JsonStringEncoder
2835:             1             16  com.google.cloud.hadoop.repackaged.gcs.com.fasterxml.jackson.core.util.JacksonFeatureSet
2836:             1             16  com.google.cloud.hadoop.repackaged.gcs.com.google.api.HttpRule$1
2837:             1             16  com.google.cloud.hadoop.repackaged.gcs.com.google.api.ResourceDescriptor$1
2838:             1             16  com.google.cloud.hadoop.repackaged.gcs.com.google.api.ResourceDescriptor$2
2839:             1             16  com.google.cloud.hadoop.repackaged.gcs.com.google.api.ResourceReference$1
2840:             1             16  com.google.cloud.hadoop.repackaged.gcs.com.google.api.RoutingParameter$1
2841:             1             16  com.google.cloud.hadoop.repackaged.gcs.com.google.api.RoutingRule$1
2842:             1             16  com.google.cloud.hadoop.repackaged.gcs.com.google.api.client.auth.oauth2.BearerToken$AuthorizationHeaderAccessMethod
2843:             1             16  com.google.cloud.hadoop.repackaged.gcs.com.google.api.client.googleapis.MethodOverride
2844:             1             16  com.google.cloud.hadoop.repackaged.gcs.com.google.api.client.googleapis.auth.oauth2.SystemEnvironmentProvider
2845:             1             16  com.google.cloud.hadoop.repackaged.gcs.com.google.api.client.http.GZipEncoding
2846:             1             16  com.google.cloud.hadoop.repackaged.gcs.com.google.api.client.http.HttpBackOffUnsuccessfulResponseHandler$BackOffRequired$1
2847:             1             16  com.google.cloud.hadoop.repackaged.gcs.com.google.api.client.http.HttpBackOffUnsuccessfulResponseHandler$BackOffRequired$2
2848:             1             16  com.google.cloud.hadoop.repackaged.gcs.com.google.api.client.http.OpenCensusUtils$1
2849:             1             16  com.google.cloud.hadoop.repackaged.gcs.com.google.api.client.http.javanet.NetHttpRequest$DefaultOutputWriter
2850:             1             16  com.google.cloud.hadoop.repackaged.gcs.com.google.api.client.json.gson.GsonFactory
2851:             1             16  com.google.cloud.hadoop.repackaged.gcs.com.google.api.client.json.jackson2.JacksonFactory
2852:             1             16  com.google.cloud.hadoop.repackaged.gcs.com.google.api.client.util.Clock$1
2853:             1             16  com.google.cloud.hadoop.repackaged.gcs.com.google.api.client.util.NanoClock$1
2854:             1             16  com.google.cloud.hadoop.repackaged.gcs.com.google.api.client.util.Sleeper$1
2855:             1             16  com.google.cloud.hadoop.repackaged.gcs.com.google.api.client.util.escape.Platform$1
2856:             1             16  com.google.cloud.hadoop.repackaged.gcs.com.google.api.core.ApiFutureToListenableFuture
2857:             1             16  com.google.cloud.hadoop.repackaged.gcs.com.google.api.core.ApiFutures$1
2858:             1             16  com.google.cloud.hadoop.repackaged.gcs.com.google.api.core.CurrentMillisClock
2859:             1             16  com.google.cloud.hadoop.repackaged.gcs.com.google.api.core.NanoClock
2860:             1             16  com.google.cloud.hadoop.repackaged.gcs.com.google.api.gax.core.AutoValue_FixedCredentialsProvider
2861:             1             16  com.google.cloud.hadoop.repackaged.gcs.com.google.api.gax.core.ExecutorAsBackgroundResource
2862:             1             16  com.google.cloud.hadoop.repackaged.gcs.com.google.api.gax.core.InstantiatingExecutorProvider$1
2863:             1             16  com.google.cloud.hadoop.repackaged.gcs.com.google.api.gax.grpc.AutoValue_GrpcTransportChannel
2864:             1             16  com.google.cloud.hadoop.repackaged.gcs.com.google.api.gax.grpc.GrpcChannelUUIDInterceptor
2865:             1             16  com.google.cloud.hadoop.repackaged.gcs.com.google.api.gax.grpc.GrpcDirectClientStreamingCallable
2866:             1             16  com.google.cloud.hadoop.repackaged.gcs.com.google.api.gax.grpc.GrpcDirectStreamController$1
2867:             1             16  com.google.cloud.hadoop.repackaged.gcs.com.google.api.gax.grpc.GrpcDirectStreamController$ResponseObserverAdapter
2868:             1             16  com.google.cloud.hadoop.repackaged.gcs.com.google.api.gax.grpc.GrpcMetadataHandlerInterceptor
2869:             1             16  com.google.cloud.hadoop.repackaged.gcs.com.google.api.gax.grpc.InstantiatingGrpcChannelProvider$$Lambda$252/0x000000080038f840
2870:             1             16  com.google.cloud.hadoop.repackaged.gcs.com.google.api.gax.grpc.InstantiatingGrpcChannelProvider$Builder$$Lambda$195/0x0000000800323c40
2871:             1             16  com.google.cloud.hadoop.repackaged.gcs.com.google.api.gax.retrying.BasicRetryingFuture$CompletionListener
2872:             1             16  com.google.cloud.hadoop.repackaged.gcs.com.google.api.gax.rpc.ApiClientHeaderProvider
2873:             1             16  com.google.cloud.hadoop.repackaged.gcs.com.google.api.gax.rpc.ServerStreamingAttemptCallable$1
2874:             1             16  com.google.cloud.hadoop.repackaged.gcs.com.google.api.gax.rpc.StreamingCallSettings
2875:             1             16  com.google.cloud.hadoop.repackaged.gcs.com.google.api.gax.rpc.Watchdog$WatchdogStream$1
2876:             1             16  com.google.cloud.hadoop.repackaged.gcs.com.google.api.gax.rpc.mtls.MtlsProvider$$Lambda$194/0x0000000800323840
2877:             1             16  com.google.cloud.hadoop.repackaged.gcs.com.google.api.gax.rpc.mtls.MtlsProvider$DefaultProcessProvider
2878:             1             16  com.google.cloud.hadoop.repackaged.gcs.com.google.api.gax.tracing.BaseApiTracer
2879:             1             16  com.google.cloud.hadoop.repackaged.gcs.com.google.api.gax.tracing.BaseApiTracer$1
2880:             1             16  com.google.cloud.hadoop.repackaged.gcs.com.google.api.gax.tracing.BaseApiTracerFactory
2881:             1             16  com.google.cloud.hadoop.repackaged.gcs.com.google.api.services.storage.Storage$Objects
2882:             1             16  com.google.cloud.hadoop.repackaged.gcs.com.google.auth.oauth2.OAuth2Utils$DefaultHttpTransportFactory
2883:             1             16  com.google.cloud.hadoop.repackaged.gcs.com.google.cloud.BaseService$1
2884:             1             16  com.google.cloud.hadoop.repackaged.gcs.com.google.cloud.grpc.GrpcTransportOptions$1
2885:             1             16  com.google.cloud.hadoop.repackaged.gcs.com.google.cloud.grpc.GrpcTransportOptions$DefaultExecutorFactory
2886:             1             16  com.google.cloud.hadoop.repackaged.gcs.com.google.cloud.hadoop.gcsio.BatchHelper$Factory
2887:             1             16  com.google.cloud.hadoop.repackaged.gcs.com.google.cloud.hadoop.gcsio.GoogleCloudStorageClientImpl$$Lambda$191/0x0000000800324c40
2888:             1             16  com.google.cloud.hadoop.repackaged.gcs.com.google.cloud.hadoop.gcsio.GoogleCloudStorageFileSystem$$Lambda$183/0x0000000800327040
2889:             1             16  com.google.cloud.hadoop.repackaged.gcs.com.google.cloud.hadoop.gcsio.GoogleCloudStorageFileSystem$$Lambda$184/0x0000000800326840
2890:             1             16  com.google.cloud.hadoop.repackaged.gcs.com.google.cloud.hadoop.gcsio.GoogleCloudStorageFileSystem$$Lambda$186/0x0000000800326440
2891:             1             16  com.google.cloud.hadoop.repackaged.gcs.com.google.cloud.hadoop.gcsio.GoogleCloudStorageImpl$$Lambda$188/0x0000000800325040
2892:             1             16  com.google.cloud.hadoop.repackaged.gcs.com.google.cloud.hadoop.gcsio.GoogleCloudStorageImpl$BackOffFactory$$Lambda$187/0x0000000800325840
2893:             1             16  com.google.cloud.hadoop.repackaged.gcs.com.google.cloud.hadoop.gcsio.NoOpMetricsRecorder
2894:             1             16  com.google.cloud.hadoop.repackaged.gcs.com.google.cloud.hadoop.gcsio.StorageRequestFactory
2895:             1             16  com.google.cloud.hadoop.repackaged.gcs.com.google.cloud.hadoop.util.ApiErrorExtractor
2896:             1             16  com.google.cloud.hadoop.repackaged.gcs.com.google.cloud.hadoop.util.ClientRequestHelper
2897:             1             16  com.google.cloud.hadoop.repackaged.gcs.com.google.cloud.hadoop.util.CredentialFactory$CredentialHttpRetryInitializer
2898:             1             16  com.google.cloud.hadoop.repackaged.gcs.com.google.cloud.hadoop.util.GrpcErrorTypeExtractor
2899:             1             16  com.google.cloud.hadoop.repackaged.gcs.com.google.cloud.hadoop.util.HadoopConfigurationProperty$$Lambda$101/0x00000008002cac40
2900:             1             16  com.google.cloud.hadoop.repackaged.gcs.com.google.cloud.hadoop.util.HadoopConfigurationProperty$$Lambda$122/0x00000008002d0040
2901:             1             16  com.google.cloud.hadoop.repackaged.gcs.com.google.cloud.hadoop.util.HadoopConfigurationProperty$$Lambda$87/0x00000008001f1c40
2902:             1             16  com.google.cloud.hadoop.repackaged.gcs.com.google.cloud.hadoop.util.RetryHttpInitializer$CredentialOrBackoffResponseHandler$$Lambda$347/0x00000008004c5040
2903:             1             16  com.google.cloud.hadoop.repackaged.gcs.com.google.cloud.hadoop.util.interceptors.InvocationIdInterceptor
2904:             1             16  com.google.cloud.hadoop.repackaged.gcs.com.google.cloud.storage.BaseStorageReadChannel$$Lambda$468/0x0000000800782040
2905:             1             16  com.google.cloud.hadoop.repackaged.gcs.com.google.cloud.storage.BufferHandle$$Lambda$423/0x0000000800526040
2906:             1             16  com.google.cloud.hadoop.repackaged.gcs.com.google.cloud.storage.ByteRangeSpec$NullByteRangeSpec
2907:             1             16  com.google.cloud.hadoop.repackaged.gcs.com.google.cloud.storage.ChannelSession$ChannelSessionInitLockObject
2908:             1             16  com.google.cloud.hadoop.repackaged.gcs.com.google.cloud.storage.DefaultBlobWriteSessionConfig
2909:             1             16  com.google.cloud.hadoop.repackaged.gcs.com.google.cloud.storage.DefaultBlobWriteSessionConfig$Factory
2910:             1             16  com.google.cloud.hadoop.repackaged.gcs.com.google.cloud.storage.DefaultStorageRetryStrategy
2911:             1             16  com.google.cloud.hadoop.repackaged.gcs.com.google.cloud.storage.DefaultStorageRetryStrategy$EmptyJsonParsingExceptionInterceptor
2912:             1             16  com.google.cloud.hadoop.repackaged.gcs.com.google.cloud.storage.GapicDownloadSessionBuilder
2913:             1             16  com.google.cloud.hadoop.repackaged.gcs.com.google.cloud.storage.GapicDownloadSessionBuilder$ReadableByteChannelSessionBuilder$$Lambda$434/0x0000000800530840
2914:             1             16  com.google.cloud.hadoop.repackaged.gcs.com.google.cloud.storage.GapicDownloadSessionBuilder$ReadableByteChannelSessionBuilder$BufferedReadableByteChannelSessionBuilder$$Lambda$427/0x0000000800523c40
2915:             1             16  com.google.cloud.hadoop.repackaged.gcs.com.google.cloud.storage.GapicDownloadSessionBuilder$ReadableByteChannelSessionBuilder$BufferedReadableByteChannelSessionBuilder$$Lambda$432/0x0000000800522440
2916:             1             16  com.google.cloud.hadoop.repackaged.gcs.com.google.cloud.storage.GapicUnbufferedReadableByteChannel$$Lambda$437/0x0000000800537c40
2917:             1             16  com.google.cloud.hadoop.repackaged.gcs.com.google.cloud.storage.GrpcBlobReadChannel$$Lambda$421/0x0000000800527440
2918:             1             16  com.google.cloud.hadoop.repackaged.gcs.com.google.cloud.storage.GrpcConversions$$Lambda$293/0x00000008004adc40
2919:             1             16  com.google.cloud.hadoop.repackaged.gcs.com.google.cloud.storage.GrpcConversions$$Lambda$294/0x00000008004ae040
2920:             1             16  com.google.cloud.hadoop.repackaged.gcs.com.google.cloud.storage.GrpcConversions$$Lambda$295/0x00000008004ae440
2921:             1             16  com.google.cloud.hadoop.repackaged.gcs.com.google.cloud.storage.GrpcConversions$$Lambda$296/0x00000008004ae840
2922:             1             16  com.google.cloud.hadoop.repackaged.gcs.com.google.cloud.storage.GrpcConversions$$Lambda$297/0x00000008004aec40
2923:             1             16  com.google.cloud.hadoop.repackaged.gcs.com.google.cloud.storage.GrpcConversions$$Lambda$298/0x00000008004af840
2924:             1             16  com.google.cloud.hadoop.repackaged.gcs.com.google.cloud.storage.GrpcConversions$$Lambda$299/0x00000008004afc40
2925:             1             16  com.google.cloud.hadoop.repackaged.gcs.com.google.cloud.storage.GrpcConversions$$Lambda$300/0x00000008004af040
2926:             1             16  com.google.cloud.hadoop.repackaged.gcs.com.google.cloud.storage.GrpcConversions$$Lambda$301/0x00000008004af440
2927:             1             16  com.google.cloud.hadoop.repackaged.gcs.com.google.cloud.storage.GrpcConversions$$Lambda$302/0x00000008004b8040
2928:             1             16  com.google.cloud.hadoop.repackaged.gcs.com.google.cloud.storage.GrpcConversions$$Lambda$303/0x00000008004b8440
2929:             1             16  com.google.cloud.hadoop.repackaged.gcs.com.google.cloud.storage.GrpcConversions$$Lambda$304/0x00000008004b8840
2930:             1             16  com.google.cloud.hadoop.repackaged.gcs.com.google.cloud.storage.GrpcConversions$$Lambda$305/0x00000008004b8c40
2931:             1             16  com.google.cloud.hadoop.repackaged.gcs.com.google.cloud.storage.GrpcConversions$$Lambda$306/0x00000008004b9040
2932:             1             16  com.google.cloud.hadoop.repackaged.gcs.com.google.cloud.storage.GrpcConversions$$Lambda$307/0x00000008004b9440
2933:             1             16  com.google.cloud.hadoop.repackaged.gcs.com.google.cloud.storage.GrpcConversions$$Lambda$308/0x00000008004b9840
2934:             1             16  com.google.cloud.hadoop.repackaged.gcs.com.google.cloud.storage.GrpcConversions$$Lambda$309/0x00000008004b9c40
2935:             1             16  com.google.cloud.hadoop.repackaged.gcs.com.google.cloud.storage.GrpcConversions$$Lambda$310/0x00000008004ba040
2936:             1             16  com.google.cloud.hadoop.repackaged.gcs.com.google.cloud.storage.GrpcConversions$$Lambda$311/0x00000008004ba440
2937:             1             16  com.google.cloud.hadoop.repackaged.gcs.com.google.cloud.storage.GrpcConversions$$Lambda$312/0x00000008004ba840
2938:             1             16  com.google.cloud.hadoop.repackaged.gcs.com.google.cloud.storage.GrpcConversions$$Lambda$313/0x00000008004bac40
2939:             1             16  com.google.cloud.hadoop.repackaged.gcs.com.google.cloud.storage.GrpcConversions$$Lambda$314/0x00000008004bb040
2940:             1             16  com.google.cloud.hadoop.repackaged.gcs.com.google.cloud.storage.GrpcConversions$$Lambda$315/0x00000008004bb440
2941:             1             16  com.google.cloud.hadoop.repackaged.gcs.com.google.cloud.storage.GrpcConversions$$Lambda$316/0x00000008004bb840
2942:             1             16  com.google.cloud.hadoop.repackaged.gcs.com.google.cloud.storage.GrpcConversions$$Lambda$317/0x00000008004bbc40
2943:             1             16  com.google.cloud.hadoop.repackaged.gcs.com.google.cloud.storage.GrpcConversions$$Lambda$318/0x00000008004bc040
2944:             1             16  com.google.cloud.hadoop.repackaged.gcs.com.google.cloud.storage.GrpcConversions$$Lambda$319/0x00000008004bc440
2945:             1             16  com.google.cloud.hadoop.repackaged.gcs.com.google.cloud.storage.GrpcConversions$$Lambda$320/0x00000008004bc840
2946:             1             16  com.google.cloud.hadoop.repackaged.gcs.com.google.cloud.storage.GrpcConversions$$Lambda$321/0x00000008004bcc40
2947:             1             16  com.google.cloud.hadoop.repackaged.gcs.com.google.cloud.storage.GrpcConversions$$Lambda$322/0x00000008004bd040
2948:             1             16  com.google.cloud.hadoop.repackaged.gcs.com.google.cloud.storage.GrpcConversions$$Lambda$323/0x00000008004bd440
2949:             1             16  com.google.cloud.hadoop.repackaged.gcs.com.google.cloud.storage.GrpcConversions$$Lambda$324/0x00000008004bd840
2950:             1             16  com.google.cloud.hadoop.repackaged.gcs.com.google.cloud.storage.GrpcConversions$$Lambda$325/0x00000008004bdc40
2951:             1             16  com.google.cloud.hadoop.repackaged.gcs.com.google.cloud.storage.GrpcConversions$$Lambda$326/0x00000008004be040
2952:             1             16  com.google.cloud.hadoop.repackaged.gcs.com.google.cloud.storage.GrpcConversions$$Lambda$327/0x00000008004be440
2953:             1             16  com.google.cloud.hadoop.repackaged.gcs.com.google.cloud.storage.GrpcConversions$$Lambda$328/0x00000008004be840
2954:             1             16  com.google.cloud.hadoop.repackaged.gcs.com.google.cloud.storage.GrpcConversions$$Lambda$329/0x00000008004bec40
2955:             1             16  com.google.cloud.hadoop.repackaged.gcs.com.google.cloud.storage.GrpcConversions$$Lambda$330/0x00000008004bf040
2956:             1             16  com.google.cloud.hadoop.repackaged.gcs.com.google.cloud.storage.GrpcConversions$$Lambda$331/0x00000008004bf440
2957:             1             16  com.google.cloud.hadoop.repackaged.gcs.com.google.cloud.storage.GrpcConversions$$Lambda$332/0x00000008004bf840
2958:             1             16  com.google.cloud.hadoop.repackaged.gcs.com.google.cloud.storage.GrpcConversions$$Lambda$333/0x00000008004bfc40
2959:             1             16  com.google.cloud.hadoop.repackaged.gcs.com.google.cloud.storage.GrpcConversions$$Lambda$334/0x00000008004c0040
2960:             1             16  com.google.cloud.hadoop.repackaged.gcs.com.google.cloud.storage.GrpcRetryAlgorithmManager
2961:             1             16  com.google.cloud.hadoop.repackaged.gcs.com.google.cloud.storage.GrpcStorageImpl$$Lambda$338/0x00000008004c1040
2962:             1             16  com.google.cloud.hadoop.repackaged.gcs.com.google.cloud.storage.GrpcStorageImpl$SyntaxDecoders$$Lambda$335/0x00000008004c0440
2963:             1             16  com.google.cloud.hadoop.repackaged.gcs.com.google.cloud.storage.GrpcStorageImpl$SyntaxDecoders$$Lambda$336/0x00000008004c0840
2964:             1             16  com.google.cloud.hadoop.repackaged.gcs.com.google.cloud.storage.GrpcStorageImpl$SyntaxDecoders$$Lambda$337/0x00000008004c0c40
2965:             1             16  com.google.cloud.hadoop.repackaged.gcs.com.google.cloud.storage.GrpcStorageOptions$GrpcStorageDefaults
2966:             1             16  com.google.cloud.hadoop.repackaged.gcs.com.google.cloud.storage.GrpcStorageOptions$GrpcStorageFactory
2967:             1             16  com.google.cloud.hadoop.repackaged.gcs.com.google.cloud.storage.GrpcStorageOptions$GrpcStorageRpcFactory
2968:             1             16  com.google.cloud.hadoop.repackaged.gcs.com.google.cloud.storage.GrpcStorageOptions$NoopGrpcInterceptorProvider
2969:             1             16  com.google.cloud.hadoop.repackaged.gcs.com.google.cloud.storage.GrpcToHttpStatusCodeTranslation$$Lambda$405/0x000000080051e040
2970:             1             16  com.google.cloud.hadoop.repackaged.gcs.com.google.cloud.storage.GrpcToHttpStatusCodeTranslation$$Lambda$410/0x000000080051f840
2971:             1             16  com.google.cloud.hadoop.repackaged.gcs.com.google.cloud.storage.GrpcToHttpStatusCodeTranslation$$Lambda$411/0x000000080051fc40
2972:             1             16  com.google.cloud.hadoop.repackaged.gcs.com.google.cloud.storage.GrpcToHttpStatusCodeTranslation$$Lambda$412/0x0000000800520040
2973:             1             16  com.google.cloud.hadoop.repackaged.gcs.com.google.cloud.storage.GrpcToHttpStatusCodeTranslation$$Lambda$415/0x0000000800520c40
2974:             1             16  com.google.cloud.hadoop.repackaged.gcs.com.google.cloud.storage.Hasher$NoOpHasher
2975:             1             16  com.google.cloud.hadoop.repackaged.gcs.com.google.cloud.storage.ResumableMedia$GapicMediaSession
2976:             1             16  com.google.cloud.hadoop.repackaged.gcs.com.google.cloud.storage.StorageByteChannels$Readable
2977:             1             16  com.google.cloud.hadoop.repackaged.gcs.com.google.cloud.storage.StorageByteChannels$SynchronizedBufferedReadableByteChannel
2978:             1             16  com.google.cloud.hadoop.repackaged.gcs.com.google.cloud.storage.UnifiedOpts$Fields$$Lambda$197/0x0000000800323440
2979:             1             16  com.google.cloud.hadoop.repackaged.gcs.com.google.cloud.storage.UnifiedOpts$Fields$$Lambda$198/0x0000000800322840
2980:             1             16  com.google.cloud.hadoop.repackaged.gcs.com.google.cloud.storage.UnifiedOpts$Fields$$Lambda$199/0x0000000800322c40
2981:             1             16  com.google.cloud.hadoop.repackaged.gcs.com.google.cloud.storage.UnifiedOpts$Fields$$Lambda$200/0x0000000800322040
2982:             1             16  com.google.cloud.hadoop.repackaged.gcs.com.google.cloud.storage.UnifiedOpts$Fields$$Lambda$201/0x0000000800322440
2983:             1             16  com.google.cloud.hadoop.repackaged.gcs.com.google.cloud.storage.UnifiedOpts$Fields$$Lambda$202/0x0000000800321840
2984:             1             16  com.google.cloud.hadoop.repackaged.gcs.com.google.cloud.storage.UnifiedOpts$Fields$$Lambda$203/0x0000000800321c40
2985:             1             16  com.google.cloud.hadoop.repackaged.gcs.com.google.cloud.storage.UnifiedOpts$Fields$$Lambda$204/0x0000000800321040
2986:             1             16  com.google.cloud.hadoop.repackaged.gcs.com.google.cloud.storage.UnifiedOpts$Fields$$Lambda$205/0x0000000800321440
2987:             1             16  com.google.cloud.hadoop.repackaged.gcs.com.google.cloud.storage.UnifiedOpts$Fields$$Lambda$206/0x0000000800320840
2988:             1             16  com.google.cloud.hadoop.repackaged.gcs.com.google.cloud.storage.UnifiedOpts$Fields$$Lambda$207/0x0000000800320c40
2989:             1             16  com.google.cloud.hadoop.repackaged.gcs.com.google.cloud.storage.UnifiedOpts$Fields$$Lambda$208/0x0000000800380040
2990:             1             16  com.google.cloud.hadoop.repackaged.gcs.com.google.cloud.storage.UnifiedOpts$Fields$$Lambda$209/0x0000000800380440
2991:             1             16  com.google.cloud.hadoop.repackaged.gcs.com.google.cloud.storage.UnifiedOpts$Fields$$Lambda$210/0x0000000800380840
2992:             1             16  com.google.cloud.hadoop.repackaged.gcs.com.google.cloud.storage.UnifiedOpts$Fields$$Lambda$211/0x0000000800380c40
2993:             1             16  com.google.cloud.hadoop.repackaged.gcs.com.google.cloud.storage.UnifiedOpts$Fields$$Lambda$212/0x0000000800381040
2994:             1             16  com.google.cloud.hadoop.repackaged.gcs.com.google.cloud.storage.UnifiedOpts$Fields$$Lambda$213/0x0000000800381440
2995:             1             16  com.google.cloud.hadoop.repackaged.gcs.com.google.cloud.storage.UnifiedOpts$Fields$$Lambda$214/0x0000000800381840
2996:             1             16  com.google.cloud.hadoop.repackaged.gcs.com.google.cloud.storage.UnifiedOpts$Fields$$Lambda$215/0x0000000800381c40
2997:             1             16  com.google.cloud.hadoop.repackaged.gcs.com.google.cloud.storage.UnifiedOpts$Fields$$Lambda$216/0x0000000800382040
2998:             1             16  com.google.cloud.hadoop.repackaged.gcs.com.google.cloud.storage.UnifiedOpts$Fields$$Lambda$217/0x0000000800382440
2999:             1             16  com.google.cloud.hadoop.repackaged.gcs.com.google.cloud.storage.UnifiedOpts$Fields$$Lambda$218/0x0000000800382840
3000:             1             16  com.google.cloud.hadoop.repackaged.gcs.com.google.cloud.storage.UnifiedOpts$Fields$$Lambda$219/0x0000000800382c40
3001:             1             16  com.google.cloud.hadoop.repackaged.gcs.com.google.cloud.storage.UnifiedOpts$Fields$$Lambda$220/0x0000000800383040
3002:             1             16  com.google.cloud.hadoop.repackaged.gcs.com.google.cloud.storage.UnifiedOpts$Fields$$Lambda$221/0x0000000800383440
3003:             1             16  com.google.cloud.hadoop.repackaged.gcs.com.google.cloud.storage.UnifiedOpts$Fields$$Lambda$222/0x0000000800383840
3004:             1             16  com.google.cloud.hadoop.repackaged.gcs.com.google.cloud.storage.UnifiedOpts$Fields$$Lambda$223/0x0000000800383c40
3005:             1             16  com.google.cloud.hadoop.repackaged.gcs.com.google.cloud.storage.UnifiedOpts$Fields$$Lambda$224/0x0000000800384040
3006:             1             16  com.google.cloud.hadoop.repackaged.gcs.com.google.cloud.storage.UnifiedOpts$Fields$$Lambda$225/0x0000000800384440
3007:             1             16  com.google.cloud.hadoop.repackaged.gcs.com.google.cloud.storage.UnifiedOpts$Fields$$Lambda$226/0x0000000800384840
3008:             1             16  com.google.cloud.hadoop.repackaged.gcs.com.google.cloud.storage.UnifiedOpts$Fields$$Lambda$227/0x0000000800384c40
3009:             1             16  com.google.cloud.hadoop.repackaged.gcs.com.google.cloud.storage.UnifiedOpts$Fields$$Lambda$228/0x0000000800385040
3010:             1             16  com.google.cloud.hadoop.repackaged.gcs.com.google.cloud.storage.UnifiedOpts$Fields$$Lambda$229/0x0000000800385440
3011:             1             16  com.google.cloud.hadoop.repackaged.gcs.com.google.cloud.storage.UnifiedOpts$Fields$$Lambda$230/0x0000000800385840
3012:             1             16  com.google.cloud.hadoop.repackaged.gcs.com.google.cloud.storage.UnifiedOpts$Fields$$Lambda$231/0x0000000800385c40
3013:             1             16  com.google.cloud.hadoop.repackaged.gcs.com.google.cloud.storage.UnifiedOpts$Fields$$Lambda$232/0x0000000800386040
3014:             1             16  com.google.cloud.hadoop.repackaged.gcs.com.google.cloud.storage.UnifiedOpts$Fields$$Lambda$233/0x0000000800386440
3015:             1             16  com.google.cloud.hadoop.repackaged.gcs.com.google.cloud.storage.UnifiedOpts$Fields$$Lambda$234/0x0000000800386840
3016:             1             16  com.google.cloud.hadoop.repackaged.gcs.com.google.cloud.storage.UnifiedOpts$Fields$$Lambda$235/0x0000000800386c40
3017:             1             16  com.google.cloud.hadoop.repackaged.gcs.com.google.cloud.storage.UnifiedOpts$Fields$$Lambda$236/0x0000000800387040
3018:             1             16  com.google.cloud.hadoop.repackaged.gcs.com.google.cloud.storage.UnifiedOpts$Fields$$Lambda$237/0x0000000800387440
3019:             1             16  com.google.cloud.hadoop.repackaged.gcs.com.google.cloud.storage.UnifiedOpts$Fields$$Lambda$238/0x0000000800387840
3020:             1             16  com.google.cloud.hadoop.repackaged.gcs.com.google.cloud.storage.UnifiedOpts$Fields$$Lambda$239/0x0000000800387c40
3021:             1             16  com.google.cloud.hadoop.repackaged.gcs.com.google.cloud.storage.UnifiedOpts$Fields$$Lambda$240/0x0000000800388040
3022:             1             16  com.google.cloud.hadoop.repackaged.gcs.com.google.cloud.storage.UnifiedOpts$Fields$$Lambda$241/0x0000000800388440
3023:             1             16  com.google.cloud.hadoop.repackaged.gcs.com.google.cloud.storage.UnifiedOpts$Fields$$Lambda$242/0x0000000800388840
3024:             1             16  com.google.cloud.hadoop.repackaged.gcs.com.google.cloud.storage.UnifiedOpts$Fields$$Lambda$243/0x0000000800388c40
3025:             1             16  com.google.cloud.hadoop.repackaged.gcs.com.google.cloud.storage.UnifiedOpts$Fields$$Lambda$244/0x0000000800389040
3026:             1             16  com.google.cloud.hadoop.repackaged.gcs.com.google.cloud.storage.UnifiedOpts$Fields$$Lambda$245/0x0000000800389440
3027:             1             16  com.google.cloud.hadoop.repackaged.gcs.com.google.cloud.storage.UnifiedOpts$Fields$$Lambda$246/0x0000000800389840
3028:             1             16  com.google.cloud.hadoop.repackaged.gcs.com.google.cloud.storage.UnifiedOpts$Fields$$Lambda$247/0x0000000800389c40
3029:             1             16  com.google.cloud.hadoop.repackaged.gcs.com.google.cloud.storage.UnifiedOpts$Fields$$Lambda$248/0x000000080038a040
3030:             1             16  com.google.cloud.hadoop.repackaged.gcs.com.google.cloud.storage.UnifiedOpts$Fields$$Lambda$249/0x000000080038a440
3031:             1             16  com.google.cloud.hadoop.repackaged.gcs.com.google.cloud.storage.UnifiedOpts$Fields$$Lambda$250/0x000000080038a840
3032:             1             16  com.google.cloud.hadoop.repackaged.gcs.com.google.cloud.storage.UnifiedOpts$Fields$$Lambda$251/0x000000080038ac40
3033:             1             16  com.google.cloud.hadoop.repackaged.gcs.com.google.cloud.storage.UnifiedOpts$Mapper$$Lambda$397/0x000000080051c040
3034:             1             16  com.google.cloud.hadoop.repackaged.gcs.com.google.cloud.storage.UnifiedOpts$Opts$$Lambda$193/0x0000000800324440
3035:             1             16  com.google.cloud.hadoop.repackaged.gcs.com.google.cloud.storage.UnifiedOpts$Opts$$Lambda$352/0x00000008004c3440
3036:             1             16  com.google.cloud.hadoop.repackaged.gcs.com.google.cloud.storage.UnifiedOpts$Opts$$Lambda$368/0x000000080050b040
3037:             1             16  com.google.cloud.hadoop.repackaged.gcs.com.google.cloud.storage.UnifiedOpts$Opts$$Lambda$370/0x000000080050b840
3038:             1             16  com.google.cloud.hadoop.repackaged.gcs.com.google.cloud.storage.UnifiedOpts$Opts$$Lambda$391/0x000000080051a840
3039:             1             16  com.google.cloud.hadoop.repackaged.gcs.com.google.cloud.storage.UnifiedOpts$Opts$$Lambda$395/0x000000080051b840
3040:             1             16  com.google.cloud.hadoop.repackaged.gcs.com.google.cloud.storage.UnifiedOpts$Opts$$Lambda$399/0x000000080051cc40
3041:             1             16  com.google.cloud.hadoop.repackaged.gcs.com.google.cloud.storage.UnifiedOpts$Opts$$Lambda$417/0x0000000800521440
3042:             1             16  com.google.cloud.hadoop.repackaged.gcs.com.google.cloud.storage.Utils$$Lambda$371/0x000000080050f840
3043:             1             16  com.google.cloud.hadoop.repackaged.gcs.com.google.cloud.storage.Utils$$Lambda$372/0x000000080050f040
3044:             1             16  com.google.cloud.hadoop.repackaged.gcs.com.google.cloud.storage.Utils$$Lambda$373/0x000000080050f440
3045:             1             16  com.google.cloud.hadoop.repackaged.gcs.com.google.cloud.storage.Utils$$Lambda$374/0x000000080050e840
3046:             1             16  com.google.cloud.hadoop.repackaged.gcs.com.google.cloud.storage.Utils$$Lambda$375/0x000000080050ec40
3047:             1             16  com.google.cloud.hadoop.repackaged.gcs.com.google.cloud.storage.Utils$$Lambda$376/0x000000080050e040
3048:             1             16  com.google.cloud.hadoop.repackaged.gcs.com.google.cloud.storage.Utils$$Lambda$377/0x000000080050e440
3049:             1             16  com.google.cloud.hadoop.repackaged.gcs.com.google.cloud.storage.Utils$$Lambda$378/0x000000080050d840
3050:             1             16  com.google.cloud.hadoop.repackaged.gcs.com.google.cloud.storage.Utils$$Lambda$379/0x000000080050dc40
3051:             1             16  com.google.cloud.hadoop.repackaged.gcs.com.google.cloud.storage.Utils$$Lambda$380/0x000000080050d040
3052:             1             16  com.google.cloud.hadoop.repackaged.gcs.com.google.cloud.storage.Utils$$Lambda$381/0x000000080050c840
3053:             1             16  com.google.cloud.hadoop.repackaged.gcs.com.google.cloud.storage.Utils$$Lambda$382/0x000000080050cc40
3054:             1             16  com.google.cloud.hadoop.repackaged.gcs.com.google.common.base.Absent
3055:             1             16  com.google.cloud.hadoop.repackaged.gcs.com.google.common.base.CharMatcher$Ascii
3056:             1             16  com.google.cloud.hadoop.repackaged.gcs.com.google.common.base.CharMatcher$None
3057:             1             16  com.google.cloud.hadoop.repackaged.gcs.com.google.common.base.CharMatcher$Whitespace
3058:             1             16  com.google.cloud.hadoop.repackaged.gcs.com.google.common.base.Equivalence$Equals
3059:             1             16  com.google.cloud.hadoop.repackaged.gcs.com.google.common.base.Equivalence$Identity
3060:             1             16  com.google.cloud.hadoop.repackaged.gcs.com.google.common.base.JdkPattern
3061:             1             16  com.google.cloud.hadoop.repackaged.gcs.com.google.common.base.Platform$JdkPatternCompiler
3062:             1             16  com.google.cloud.hadoop.repackaged.gcs.com.google.common.base.Splitter$3
3063:             1             16  com.google.cloud.hadoop.repackaged.gcs.com.google.common.base.Ticker$1
3064:             1             16  com.google.cloud.hadoop.repackaged.gcs.com.google.common.cache.CacheBuilder$1
3065:             1             16  com.google.cloud.hadoop.repackaged.gcs.com.google.common.cache.CacheBuilder$2
3066:             1             16  com.google.cloud.hadoop.repackaged.gcs.com.google.common.cache.CacheBuilder$3
3067:             1             16  com.google.cloud.hadoop.repackaged.gcs.com.google.common.cache.LocalCache$1
3068:             1             16  com.google.cloud.hadoop.repackaged.gcs.com.google.common.cache.LocalCache$2
3069:             1             16  com.google.cloud.hadoop.repackaged.gcs.com.google.common.cache.LocalCache$LocalLoadingCache
3070:             1             16  com.google.cloud.hadoop.repackaged.gcs.com.google.common.collect.CollectCollectors$$Lambda$353/0x00000008004c2840
3071:             1             16  com.google.cloud.hadoop.repackaged.gcs.com.google.common.collect.CollectCollectors$$Lambda$354/0x00000008004c2c40
3072:             1             16  com.google.cloud.hadoop.repackaged.gcs.com.google.common.collect.CollectCollectors$$Lambda$355/0x00000008004c2040
3073:             1             16  com.google.cloud.hadoop.repackaged.gcs.com.google.common.collect.CollectCollectors$$Lambda$356/0x00000008004c2440
3074:             1             16  com.google.cloud.hadoop.repackaged.gcs.com.google.common.collect.CollectCollectors$$Lambda$357/0x0000000800508040
3075:             1             16  com.google.cloud.hadoop.repackaged.gcs.com.google.common.collect.CollectCollectors$$Lambda$358/0x0000000800508840
3076:             1             16  com.google.cloud.hadoop.repackaged.gcs.com.google.common.collect.CollectCollectors$$Lambda$359/0x0000000800508c40
3077:             1             16  com.google.cloud.hadoop.repackaged.gcs.com.google.common.collect.CollectCollectors$$Lambda$360/0x0000000800509040
3078:             1             16  com.google.cloud.hadoop.repackaged.gcs.com.google.common.collect.CollectCollectors$$Lambda$361/0x0000000800509440
3079:             1             16  com.google.cloud.hadoop.repackaged.gcs.com.google.common.collect.CollectCollectors$$Lambda$362/0x0000000800509840
3080:             1             16  com.google.cloud.hadoop.repackaged.gcs.com.google.common.collect.CollectCollectors$$Lambda$363/0x0000000800509c40
3081:             1             16  com.google.cloud.hadoop.repackaged.gcs.com.google.common.collect.CollectCollectors$$Lambda$364/0x000000080050a040
3082:             1             16  com.google.cloud.hadoop.repackaged.gcs.com.google.common.collect.CollectCollectors$$Lambda$406/0x000000080051e440
3083:             1             16  com.google.cloud.hadoop.repackaged.gcs.com.google.common.collect.CollectCollectors$$Lambda$408/0x000000080051f040
3084:             1             16  com.google.cloud.hadoop.repackaged.gcs.com.google.common.collect.CollectCollectors$$Lambda$409/0x000000080051f440
3085:             1             16  com.google.cloud.hadoop.repackaged.gcs.com.google.common.collect.MapMakerInternalMap$1
3086:             1             16  com.google.cloud.hadoop.repackaged.gcs.com.google.common.collect.MapMakerInternalMap$KeySet
3087:             1             16  com.google.cloud.hadoop.repackaged.gcs.com.google.common.collect.MapMakerInternalMap$WeakKeyStrongValueEntry$Helper
3088:             1             16  com.google.cloud.hadoop.repackaged.gcs.com.google.common.flogger.GoogleLogger$NoOp
3089:             1             16  com.google.cloud.hadoop.repackaged.gcs.com.google.common.flogger.LogSite$1
3090:             1             16  com.google.cloud.hadoop.repackaged.gcs.com.google.common.flogger.backend.Metadata$Empty
3091:             1             16  com.google.cloud.hadoop.repackaged.gcs.com.google.common.flogger.backend.MetadataHandler$Builder$1
3092:             1             16  com.google.cloud.hadoop.repackaged.gcs.com.google.common.flogger.backend.MetadataHandler$Builder$2
3093:             1             16  com.google.cloud.hadoop.repackaged.gcs.com.google.common.flogger.backend.MetadataKeyValueHandlers$1
3094:             1             16  com.google.cloud.hadoop.repackaged.gcs.com.google.common.flogger.backend.MetadataKeyValueHandlers$2
3095:             1             16  com.google.cloud.hadoop.repackaged.gcs.com.google.common.flogger.backend.MetadataProcessor$1
3096:             1             16  com.google.cloud.hadoop.repackaged.gcs.com.google.common.flogger.backend.system.AbstractLogRecord$1
3097:             1             16  com.google.cloud.hadoop.repackaged.gcs.com.google.common.flogger.backend.system.SimpleBackendFactory
3098:             1             16  com.google.cloud.hadoop.repackaged.gcs.com.google.common.flogger.backend.system.StackBasedCallerFinder
3099:             1             16  com.google.cloud.hadoop.repackaged.gcs.com.google.common.flogger.backend.system.SystemClock
3100:             1             16  com.google.cloud.hadoop.repackaged.gcs.com.google.common.flogger.context.NoOpContextDataProvider
3101:             1             16  com.google.cloud.hadoop.repackaged.gcs.com.google.common.flogger.context.NoOpContextDataProvider$NoOpScopedLoggingContext
3102:             1             16  com.google.cloud.hadoop.repackaged.gcs.com.google.common.flogger.context.Tags
3103:             1             16  com.google.cloud.hadoop.repackaged.gcs.com.google.common.flogger.context.Tags$1
3104:             1             16  com.google.cloud.hadoop.repackaged.gcs.com.google.common.flogger.context.Tags$2
3105:             1             16  com.google.cloud.hadoop.repackaged.gcs.com.google.common.flogger.context.Tags$LightweightTagMap$1
3106:             1             16  com.google.cloud.hadoop.repackaged.gcs.com.google.common.flogger.parser.DefaultPrintfMessageParser
3107:             1             16  com.google.cloud.hadoop.repackaged.gcs.com.google.common.flogger.util.RecursionDepth$1
3108:             1             16  com.google.cloud.hadoop.repackaged.gcs.com.google.common.flogger.util.ThrowableStackGetter
3109:             1             16  com.google.cloud.hadoop.repackaged.gcs.com.google.common.io.ByteStreams$1
3110:             1             16  com.google.cloud.hadoop.repackaged.gcs.com.google.common.io.Closer$SuppressingSuppressor
3111:             1             16  com.google.cloud.hadoop.repackaged.gcs.com.google.common.io.Files$2
3112:             1             16  com.google.cloud.hadoop.repackaged.gcs.com.google.common.util.concurrent.AbstractFuture$Failure
3113:             1             16  com.google.cloud.hadoop.repackaged.gcs.com.google.common.util.concurrent.AbstractFuture$UnsafeAtomicHelper
3114:             1             16  com.google.cloud.hadoop.repackaged.gcs.com.google.gson.internal.bind.ArrayTypeAdapter$1
3115:             1             16  com.google.cloud.hadoop.repackaged.gcs.com.google.gson.internal.bind.DateTypeAdapter$1
3116:             1             16  com.google.cloud.hadoop.repackaged.gcs.com.google.gson.internal.bind.DefaultDateTypeAdapter$DateType$1
3117:             1             16  com.google.cloud.hadoop.repackaged.gcs.com.google.gson.internal.bind.NumberTypeAdapter
3118:             1             16  com.google.cloud.hadoop.repackaged.gcs.com.google.gson.internal.bind.NumberTypeAdapter$1
3119:             1             16  com.google.cloud.hadoop.repackaged.gcs.com.google.gson.internal.bind.ObjectTypeAdapter$1
3120:             1             16  com.google.cloud.hadoop.repackaged.gcs.com.google.gson.internal.bind.TypeAdapters$1
3121:             1             16  com.google.cloud.hadoop.repackaged.gcs.com.google.gson.internal.bind.TypeAdapters$10
3122:             1             16  com.google.cloud.hadoop.repackaged.gcs.com.google.gson.internal.bind.TypeAdapters$11
3123:             1             16  com.google.cloud.hadoop.repackaged.gcs.com.google.gson.internal.bind.TypeAdapters$12
3124:             1             16  com.google.cloud.hadoop.repackaged.gcs.com.google.gson.internal.bind.TypeAdapters$13
3125:             1             16  com.google.cloud.hadoop.repackaged.gcs.com.google.gson.internal.bind.TypeAdapters$14
3126:             1             16  com.google.cloud.hadoop.repackaged.gcs.com.google.gson.internal.bind.TypeAdapters$15
3127:             1             16  com.google.cloud.hadoop.repackaged.gcs.com.google.gson.internal.bind.TypeAdapters$16
3128:             1             16  com.google.cloud.hadoop.repackaged.gcs.com.google.gson.internal.bind.TypeAdapters$17
3129:             1             16  com.google.cloud.hadoop.repackaged.gcs.com.google.gson.internal.bind.TypeAdapters$18
3130:             1             16  com.google.cloud.hadoop.repackaged.gcs.com.google.gson.internal.bind.TypeAdapters$19
3131:             1             16  com.google.cloud.hadoop.repackaged.gcs.com.google.gson.internal.bind.TypeAdapters$2
3132:             1             16  com.google.cloud.hadoop.repackaged.gcs.com.google.gson.internal.bind.TypeAdapters$20
3133:             1             16  com.google.cloud.hadoop.repackaged.gcs.com.google.gson.internal.bind.TypeAdapters$21
3134:             1             16  com.google.cloud.hadoop.repackaged.gcs.com.google.gson.internal.bind.TypeAdapters$22
3135:             1             16  com.google.cloud.hadoop.repackaged.gcs.com.google.gson.internal.bind.TypeAdapters$23
3136:             1             16  com.google.cloud.hadoop.repackaged.gcs.com.google.gson.internal.bind.TypeAdapters$24
3137:             1             16  com.google.cloud.hadoop.repackaged.gcs.com.google.gson.internal.bind.TypeAdapters$25
3138:             1             16  com.google.cloud.hadoop.repackaged.gcs.com.google.gson.internal.bind.TypeAdapters$26
3139:             1             16  com.google.cloud.hadoop.repackaged.gcs.com.google.gson.internal.bind.TypeAdapters$27
3140:             1             16  com.google.cloud.hadoop.repackaged.gcs.com.google.gson.internal.bind.TypeAdapters$28
3141:             1             16  com.google.cloud.hadoop.repackaged.gcs.com.google.gson.internal.bind.TypeAdapters$3
3142:             1             16  com.google.cloud.hadoop.repackaged.gcs.com.google.gson.internal.bind.TypeAdapters$4
3143:             1             16  com.google.cloud.hadoop.repackaged.gcs.com.google.gson.internal.bind.TypeAdapters$5
3144:             1             16  com.google.cloud.hadoop.repackaged.gcs.com.google.gson.internal.bind.TypeAdapters$6
3145:             1             16  com.google.cloud.hadoop.repackaged.gcs.com.google.gson.internal.bind.TypeAdapters$7
3146:             1             16  com.google.cloud.hadoop.repackaged.gcs.com.google.gson.internal.bind.TypeAdapters$8
3147:             1             16  com.google.cloud.hadoop.repackaged.gcs.com.google.gson.internal.bind.TypeAdapters$9
3148:             1             16  com.google.cloud.hadoop.repackaged.gcs.com.google.gson.internal.sql.SqlDateTypeAdapter$1
3149:             1             16  com.google.cloud.hadoop.repackaged.gcs.com.google.gson.internal.sql.SqlTimeTypeAdapter$1
3150:             1             16  com.google.cloud.hadoop.repackaged.gcs.com.google.gson.internal.sql.SqlTimestampTypeAdapter$1
3151:             1             16  com.google.cloud.hadoop.repackaged.gcs.com.google.gson.internal.sql.SqlTypesSupport$1
3152:             1             16  com.google.cloud.hadoop.repackaged.gcs.com.google.gson.internal.sql.SqlTypesSupport$2
3153:             1             16  com.google.cloud.hadoop.repackaged.gcs.com.google.gson.stream.JsonReader$1
3154:             1             16  com.google.cloud.hadoop.repackaged.gcs.com.google.iam.v1.GetIamPolicyRequest$1
3155:             1             16  com.google.cloud.hadoop.repackaged.gcs.com.google.iam.v1.Policy$1
3156:             1             16  com.google.cloud.hadoop.repackaged.gcs.com.google.iam.v1.SetIamPolicyRequest$1
3157:             1             16  com.google.cloud.hadoop.repackaged.gcs.com.google.iam.v1.TestIamPermissionsRequest$1
3158:             1             16  com.google.cloud.hadoop.repackaged.gcs.com.google.iam.v1.TestIamPermissionsResponse$1
3159:             1             16  com.google.cloud.hadoop.repackaged.gcs.com.google.longrunning.CancelOperationRequest$1
3160:             1             16  com.google.cloud.hadoop.repackaged.gcs.com.google.longrunning.DeleteOperationRequest$1
3161:             1             16  com.google.cloud.hadoop.repackaged.gcs.com.google.longrunning.GetOperationRequest$1
3162:             1             16  com.google.cloud.hadoop.repackaged.gcs.com.google.longrunning.ListOperationsRequest$1
3163:             1             16  com.google.cloud.hadoop.repackaged.gcs.com.google.longrunning.ListOperationsResponse$1
3164:             1             16  com.google.cloud.hadoop.repackaged.gcs.com.google.longrunning.Operation$1
3165:             1             16  com.google.cloud.hadoop.repackaged.gcs.com.google.longrunning.WaitOperationRequest$1
3166:             1             16  com.google.cloud.hadoop.repackaged.gcs.com.google.longrunning.stub.GrpcOperationsStub$1
3167:             1             16  com.google.cloud.hadoop.repackaged.gcs.com.google.longrunning.stub.GrpcOperationsStub$2
3168:             1             16  com.google.cloud.hadoop.repackaged.gcs.com.google.longrunning.stub.GrpcOperationsStub$3
3169:             1             16  com.google.cloud.hadoop.repackaged.gcs.com.google.longrunning.stub.GrpcOperationsStub$4
3170:             1             16  com.google.cloud.hadoop.repackaged.gcs.com.google.longrunning.stub.GrpcOperationsStub$5
3171:             1             16  com.google.cloud.hadoop.repackaged.gcs.com.google.longrunning.stub.OperationsStubSettings$1
3172:             1             16  com.google.cloud.hadoop.repackaged.gcs.com.google.longrunning.stub.OperationsStubSettings$2
3173:             1             16  com.google.cloud.hadoop.repackaged.gcs.com.google.protobuf.Any$1
3174:             1             16  com.google.cloud.hadoop.repackaged.gcs.com.google.protobuf.BoolValue$1
3175:             1             16  com.google.cloud.hadoop.repackaged.gcs.com.google.protobuf.ByteString$2
3176:             1             16  com.google.cloud.hadoop.repackaged.gcs.com.google.protobuf.ByteString$ArraysByteArrayCopier
3177:             1             16  com.google.cloud.hadoop.repackaged.gcs.com.google.protobuf.BytesValue$1
3178:             1             16  com.google.cloud.hadoop.repackaged.gcs.com.google.protobuf.DescriptorProtos$DescriptorProto$1
3179:             1             16  com.google.cloud.hadoop.repackaged.gcs.com.google.protobuf.DescriptorProtos$DescriptorProto$ExtensionRange$1
3180:             1             16  com.google.cloud.hadoop.repackaged.gcs.com.google.protobuf.DescriptorProtos$DescriptorProto$ReservedRange$1
3181:             1             16  com.google.cloud.hadoop.repackaged.gcs.com.google.protobuf.DescriptorProtos$EnumDescriptorProto$1
3182:             1             16  com.google.cloud.hadoop.repackaged.gcs.com.google.protobuf.DescriptorProtos$EnumDescriptorProto$EnumReservedRange$1
3183:             1             16  com.google.cloud.hadoop.repackaged.gcs.com.google.protobuf.DescriptorProtos$EnumOptions$1
3184:             1             16  com.google.cloud.hadoop.repackaged.gcs.com.google.protobuf.DescriptorProtos$EnumValueDescriptorProto$1
3185:             1             16  com.google.cloud.hadoop.repackaged.gcs.com.google.protobuf.DescriptorProtos$EnumValueOptions$1
3186:             1             16  com.google.cloud.hadoop.repackaged.gcs.com.google.protobuf.DescriptorProtos$FieldDescriptorProto$1
3187:             1             16  com.google.cloud.hadoop.repackaged.gcs.com.google.protobuf.DescriptorProtos$FieldDescriptorProto$Label$1
3188:             1             16  com.google.cloud.hadoop.repackaged.gcs.com.google.protobuf.DescriptorProtos$FieldDescriptorProto$Type$1
3189:             1             16  com.google.cloud.hadoop.repackaged.gcs.com.google.protobuf.DescriptorProtos$FieldOptions$1
3190:             1             16  com.google.cloud.hadoop.repackaged.gcs.com.google.protobuf.DescriptorProtos$FieldOptions$2
3191:             1             16  com.google.cloud.hadoop.repackaged.gcs.com.google.protobuf.DescriptorProtos$FieldOptions$CType$1
3192:             1             16  com.google.cloud.hadoop.repackaged.gcs.com.google.protobuf.DescriptorProtos$FieldOptions$EditionDefault$1
3193:             1             16  com.google.cloud.hadoop.repackaged.gcs.com.google.protobuf.DescriptorProtos$FieldOptions$OptionRetention$1
3194:             1             16  com.google.cloud.hadoop.repackaged.gcs.com.google.protobuf.DescriptorProtos$FieldOptions$OptionTargetType$1
3195:             1             16  com.google.cloud.hadoop.repackaged.gcs.com.google.protobuf.DescriptorProtos$FileDescriptorProto$1
3196:             1             16  com.google.cloud.hadoop.repackaged.gcs.com.google.protobuf.DescriptorProtos$FileOptions$1
3197:             1             16  com.google.cloud.hadoop.repackaged.gcs.com.google.protobuf.DescriptorProtos$FileOptions$OptimizeMode$1
3198:             1             16  com.google.cloud.hadoop.repackaged.gcs.com.google.protobuf.DescriptorProtos$MessageOptions$1
3199:             1             16  com.google.cloud.hadoop.repackaged.gcs.com.google.protobuf.DescriptorProtos$MethodDescriptorProto$1
3200:             1             16  com.google.cloud.hadoop.repackaged.gcs.com.google.protobuf.DescriptorProtos$MethodOptions$1
3201:             1             16  com.google.cloud.hadoop.repackaged.gcs.com.google.protobuf.DescriptorProtos$OneofDescriptorProto$1
3202:             1             16  com.google.cloud.hadoop.repackaged.gcs.com.google.protobuf.DescriptorProtos$OneofOptions$1
3203:             1             16  com.google.cloud.hadoop.repackaged.gcs.com.google.protobuf.DescriptorProtos$ServiceDescriptorProto$1
3204:             1             16  com.google.cloud.hadoop.repackaged.gcs.com.google.protobuf.DescriptorProtos$ServiceOptions$1
3205:             1             16  com.google.cloud.hadoop.repackaged.gcs.com.google.protobuf.Descriptors$EnumValueDescriptor$1
3206:             1             16  com.google.cloud.hadoop.repackaged.gcs.com.google.protobuf.Descriptors$EnumValueDescriptor$2
3207:             1             16  com.google.cloud.hadoop.repackaged.gcs.com.google.protobuf.Descriptors$FieldDescriptor$1
3208:             1             16  com.google.cloud.hadoop.repackaged.gcs.com.google.protobuf.DoubleValue$1
3209:             1             16  com.google.cloud.hadoop.repackaged.gcs.com.google.protobuf.Duration$1
3210:             1             16  com.google.cloud.hadoop.repackaged.gcs.com.google.protobuf.Empty$1
3211:             1             16  com.google.cloud.hadoop.repackaged.gcs.com.google.protobuf.ExtensionRegistryLite
3212:             1             16  com.google.cloud.hadoop.repackaged.gcs.com.google.protobuf.FieldMask$1
3213:             1             16  com.google.cloud.hadoop.repackaged.gcs.com.google.protobuf.FloatValue$1
3214:             1             16  com.google.cloud.hadoop.repackaged.gcs.com.google.protobuf.Int32Value$1
3215:             1             16  com.google.cloud.hadoop.repackaged.gcs.com.google.protobuf.Int64Value$1
3216:             1             16  com.google.cloud.hadoop.repackaged.gcs.com.google.protobuf.ListValue$1
3217:             1             16  com.google.cloud.hadoop.repackaged.gcs.com.google.protobuf.SmallSortedMap$EmptySet$1
3218:             1             16  com.google.cloud.hadoop.repackaged.gcs.com.google.protobuf.SmallSortedMap$EmptySet$2
3219:             1             16  com.google.cloud.hadoop.repackaged.gcs.com.google.protobuf.SmallSortedMap$EntrySet
3220:             1             16  com.google.cloud.hadoop.repackaged.gcs.com.google.protobuf.StringValue$1
3221:             1             16  com.google.cloud.hadoop.repackaged.gcs.com.google.protobuf.Struct$1
3222:             1             16  com.google.cloud.hadoop.repackaged.gcs.com.google.protobuf.Timestamp$1
3223:             1             16  com.google.cloud.hadoop.repackaged.gcs.com.google.protobuf.UInt32Value$1
3224:             1             16  com.google.cloud.hadoop.repackaged.gcs.com.google.protobuf.UInt64Value$1
3225:             1             16  com.google.cloud.hadoop.repackaged.gcs.com.google.protobuf.UnknownFieldSet
3226:             1             16  com.google.cloud.hadoop.repackaged.gcs.com.google.protobuf.UnknownFieldSet$Parser
3227:             1             16  com.google.cloud.hadoop.repackaged.gcs.com.google.protobuf.UnsafeUtil$JvmMemoryAccessor
3228:             1             16  com.google.cloud.hadoop.repackaged.gcs.com.google.protobuf.Utf8$UnsafeProcessor
3229:             1             16  com.google.cloud.hadoop.repackaged.gcs.com.google.protobuf.Value$1
3230:             1             16  com.google.cloud.hadoop.repackaged.gcs.com.google.protobuf.util.JsonFormat$PrinterImpl$1
3231:             1             16  com.google.cloud.hadoop.repackaged.gcs.com.google.protobuf.util.JsonFormat$PrinterImpl$2
3232:             1             16  com.google.cloud.hadoop.repackaged.gcs.com.google.protobuf.util.JsonFormat$PrinterImpl$3
3233:             1             16  com.google.cloud.hadoop.repackaged.gcs.com.google.protobuf.util.JsonFormat$PrinterImpl$4
3234:             1             16  com.google.cloud.hadoop.repackaged.gcs.com.google.protobuf.util.JsonFormat$PrinterImpl$5
3235:             1             16  com.google.cloud.hadoop.repackaged.gcs.com.google.protobuf.util.JsonFormat$PrinterImpl$6
3236:             1             16  com.google.cloud.hadoop.repackaged.gcs.com.google.protobuf.util.JsonFormat$PrinterImpl$7
3237:             1             16  com.google.cloud.hadoop.repackaged.gcs.com.google.protobuf.util.JsonFormat$PrinterImpl$8
3238:             1             16  com.google.cloud.hadoop.repackaged.gcs.com.google.protobuf.util.JsonFormat$TypeRegistry
3239:             1             16  com.google.cloud.hadoop.repackaged.gcs.com.google.storage.v2.Bucket$1
3240:             1             16  com.google.cloud.hadoop.repackaged.gcs.com.google.storage.v2.CancelResumableWriteRequest$1
3241:             1             16  com.google.cloud.hadoop.repackaged.gcs.com.google.storage.v2.CancelResumableWriteResponse$1
3242:             1             16  com.google.cloud.hadoop.repackaged.gcs.com.google.storage.v2.ChecksummedData$1
3243:             1             16  com.google.cloud.hadoop.repackaged.gcs.com.google.storage.v2.ComposeObjectRequest$1
3244:             1             16  com.google.cloud.hadoop.repackaged.gcs.com.google.storage.v2.ContentRange$1
3245:             1             16  com.google.cloud.hadoop.repackaged.gcs.com.google.storage.v2.CreateBucketRequest$1
3246:             1             16  com.google.cloud.hadoop.repackaged.gcs.com.google.storage.v2.CreateHmacKeyRequest$1
3247:             1             16  com.google.cloud.hadoop.repackaged.gcs.com.google.storage.v2.CreateHmacKeyResponse$1
3248:             1             16  com.google.cloud.hadoop.repackaged.gcs.com.google.storage.v2.CreateNotificationConfigRequest$1
3249:             1             16  com.google.cloud.hadoop.repackaged.gcs.com.google.storage.v2.DeleteBucketRequest$1
3250:             1             16  com.google.cloud.hadoop.repackaged.gcs.com.google.storage.v2.DeleteHmacKeyRequest$1
3251:             1             16  com.google.cloud.hadoop.repackaged.gcs.com.google.storage.v2.DeleteNotificationConfigRequest$1
3252:             1             16  com.google.cloud.hadoop.repackaged.gcs.com.google.storage.v2.DeleteObjectRequest$1
3253:             1             16  com.google.cloud.hadoop.repackaged.gcs.com.google.storage.v2.GetBucketRequest$1
3254:             1             16  com.google.cloud.hadoop.repackaged.gcs.com.google.storage.v2.GetHmacKeyRequest$1
3255:             1             16  com.google.cloud.hadoop.repackaged.gcs.com.google.storage.v2.GetNotificationConfigRequest$1
3256:             1             16  com.google.cloud.hadoop.repackaged.gcs.com.google.storage.v2.GetObjectRequest$1
3257:             1             16  com.google.cloud.hadoop.repackaged.gcs.com.google.storage.v2.GetServiceAccountRequest$1
3258:             1             16  com.google.cloud.hadoop.repackaged.gcs.com.google.storage.v2.HmacKeyMetadata$1
3259:             1             16  com.google.cloud.hadoop.repackaged.gcs.com.google.storage.v2.ListBucketsRequest$1
3260:             1             16  com.google.cloud.hadoop.repackaged.gcs.com.google.storage.v2.ListBucketsResponse$1
3261:             1             16  com.google.cloud.hadoop.repackaged.gcs.com.google.storage.v2.ListHmacKeysRequest$1
3262:             1             16  com.google.cloud.hadoop.repackaged.gcs.com.google.storage.v2.ListHmacKeysResponse$1
3263:             1             16  com.google.cloud.hadoop.repackaged.gcs.com.google.storage.v2.ListNotificationConfigsRequest$1
3264:             1             16  com.google.cloud.hadoop.repackaged.gcs.com.google.storage.v2.ListNotificationConfigsResponse$1
3265:             1             16  com.google.cloud.hadoop.repackaged.gcs.com.google.storage.v2.ListObjectsRequest$1
3266:             1             16  com.google.cloud.hadoop.repackaged.gcs.com.google.storage.v2.ListObjectsResponse$1
3267:             1             16  com.google.cloud.hadoop.repackaged.gcs.com.google.storage.v2.LockBucketRetentionPolicyRequest$1
3268:             1             16  com.google.cloud.hadoop.repackaged.gcs.com.google.storage.v2.NotificationConfig$1
3269:             1             16  com.google.cloud.hadoop.repackaged.gcs.com.google.storage.v2.Object$1
3270:             1             16  com.google.cloud.hadoop.repackaged.gcs.com.google.storage.v2.ObjectChecksums$1
3271:             1             16  com.google.cloud.hadoop.repackaged.gcs.com.google.storage.v2.QueryWriteStatusRequest$1
3272:             1             16  com.google.cloud.hadoop.repackaged.gcs.com.google.storage.v2.QueryWriteStatusResponse$1
3273:             1             16  com.google.cloud.hadoop.repackaged.gcs.com.google.storage.v2.ReadObjectRequest$1
3274:             1             16  com.google.cloud.hadoop.repackaged.gcs.com.google.storage.v2.ReadObjectResponse$1
3275:             1             16  com.google.cloud.hadoop.repackaged.gcs.com.google.storage.v2.RewriteObjectRequest$1
3276:             1             16  com.google.cloud.hadoop.repackaged.gcs.com.google.storage.v2.RewriteResponse$1
3277:             1             16  com.google.cloud.hadoop.repackaged.gcs.com.google.storage.v2.ServiceAccount$1
3278:             1             16  com.google.cloud.hadoop.repackaged.gcs.com.google.storage.v2.StartResumableWriteRequest$1
3279:             1             16  com.google.cloud.hadoop.repackaged.gcs.com.google.storage.v2.StartResumableWriteResponse$1
3280:             1             16  com.google.cloud.hadoop.repackaged.gcs.com.google.storage.v2.StorageSettings
3281:             1             16  com.google.cloud.hadoop.repackaged.gcs.com.google.storage.v2.UpdateBucketRequest$1
3282:             1             16  com.google.cloud.hadoop.repackaged.gcs.com.google.storage.v2.UpdateHmacKeyRequest$1
3283:             1             16  com.google.cloud.hadoop.repackaged.gcs.com.google.storage.v2.UpdateObjectRequest$1
3284:             1             16  com.google.cloud.hadoop.repackaged.gcs.com.google.storage.v2.WriteObjectRequest$1
3285:             1             16  com.google.cloud.hadoop.repackaged.gcs.com.google.storage.v2.WriteObjectResponse$1
3286:             1             16  com.google.cloud.hadoop.repackaged.gcs.com.google.storage.v2.stub.GrpcStorageCallableFactory
3287:             1             16  com.google.cloud.hadoop.repackaged.gcs.com.google.storage.v2.stub.GrpcStorageStub$$Lambda$264/0x000000080038c040
3288:             1             16  com.google.cloud.hadoop.repackaged.gcs.com.google.storage.v2.stub.GrpcStorageStub$$Lambda$265/0x000000080038c440
3289:             1             16  com.google.cloud.hadoop.repackaged.gcs.com.google.storage.v2.stub.GrpcStorageStub$$Lambda$266/0x000000080038b840
3290:             1             16  com.google.cloud.hadoop.repackaged.gcs.com.google.storage.v2.stub.GrpcStorageStub$$Lambda$267/0x000000080038bc40
3291:             1             16  com.google.cloud.hadoop.repackaged.gcs.com.google.storage.v2.stub.GrpcStorageStub$$Lambda$268/0x000000080038b040
3292:             1             16  com.google.cloud.hadoop.repackaged.gcs.com.google.storage.v2.stub.GrpcStorageStub$$Lambda$269/0x000000080038b440
3293:             1             16  com.google.cloud.hadoop.repackaged.gcs.com.google.storage.v2.stub.GrpcStorageStub$$Lambda$270/0x00000008004a8040
3294:             1             16  com.google.cloud.hadoop.repackaged.gcs.com.google.storage.v2.stub.GrpcStorageStub$$Lambda$271/0x00000008004a8440
3295:             1             16  com.google.cloud.hadoop.repackaged.gcs.com.google.storage.v2.stub.GrpcStorageStub$$Lambda$272/0x00000008004a8840
3296:             1             16  com.google.cloud.hadoop.repackaged.gcs.com.google.storage.v2.stub.GrpcStorageStub$$Lambda$273/0x00000008004a8c40
3297:             1             16  com.google.cloud.hadoop.repackaged.gcs.com.google.storage.v2.stub.GrpcStorageStub$$Lambda$274/0x00000008004a9040
3298:             1             16  com.google.cloud.hadoop.repackaged.gcs.com.google.storage.v2.stub.GrpcStorageStub$$Lambda$275/0x00000008004a9440
3299:             1             16  com.google.cloud.hadoop.repackaged.gcs.com.google.storage.v2.stub.GrpcStorageStub$$Lambda$276/0x00000008004a9840
3300:             1             16  com.google.cloud.hadoop.repackaged.gcs.com.google.storage.v2.stub.GrpcStorageStub$$Lambda$277/0x00000008004a9c40
3301:             1             16  com.google.cloud.hadoop.repackaged.gcs.com.google.storage.v2.stub.GrpcStorageStub$$Lambda$278/0x00000008004aa040
3302:             1             16  com.google.cloud.hadoop.repackaged.gcs.com.google.storage.v2.stub.GrpcStorageStub$$Lambda$279/0x00000008004aa440
3303:             1             16  com.google.cloud.hadoop.repackaged.gcs.com.google.storage.v2.stub.GrpcStorageStub$$Lambda$280/0x00000008004aa840
3304:             1             16  com.google.cloud.hadoop.repackaged.gcs.com.google.storage.v2.stub.GrpcStorageStub$$Lambda$281/0x00000008004aac40
3305:             1             16  com.google.cloud.hadoop.repackaged.gcs.com.google.storage.v2.stub.GrpcStorageStub$$Lambda$282/0x00000008004ab040
3306:             1             16  com.google.cloud.hadoop.repackaged.gcs.com.google.storage.v2.stub.GrpcStorageStub$$Lambda$283/0x00000008004ab440
3307:             1             16  com.google.cloud.hadoop.repackaged.gcs.com.google.storage.v2.stub.GrpcStorageStub$$Lambda$284/0x00000008004ab840
3308:             1             16  com.google.cloud.hadoop.repackaged.gcs.com.google.storage.v2.stub.GrpcStorageStub$$Lambda$285/0x00000008004abc40
3309:             1             16  com.google.cloud.hadoop.repackaged.gcs.com.google.storage.v2.stub.GrpcStorageStub$$Lambda$286/0x00000008004ac040
3310:             1             16  com.google.cloud.hadoop.repackaged.gcs.com.google.storage.v2.stub.GrpcStorageStub$$Lambda$287/0x00000008004ac440
3311:             1             16  com.google.cloud.hadoop.repackaged.gcs.com.google.storage.v2.stub.GrpcStorageStub$$Lambda$288/0x00000008004ac840
3312:             1             16  com.google.cloud.hadoop.repackaged.gcs.com.google.storage.v2.stub.GrpcStorageStub$$Lambda$289/0x00000008004acc40
3313:             1             16  com.google.cloud.hadoop.repackaged.gcs.com.google.storage.v2.stub.GrpcStorageStub$$Lambda$290/0x00000008004ad040
3314:             1             16  com.google.cloud.hadoop.repackaged.gcs.com.google.storage.v2.stub.GrpcStorageStub$$Lambda$291/0x00000008004ad440
3315:             1             16  com.google.cloud.hadoop.repackaged.gcs.com.google.storage.v2.stub.GrpcStorageStub$$Lambda$292/0x00000008004ad840
3316:             1             16  com.google.cloud.hadoop.repackaged.gcs.com.google.storage.v2.stub.StorageStubSettings$1
3317:             1             16  com.google.cloud.hadoop.repackaged.gcs.com.google.storage.v2.stub.StorageStubSettings$2
3318:             1             16  com.google.cloud.hadoop.repackaged.gcs.com.google.storage.v2.stub.StorageStubSettings$3
3319:             1             16  com.google.cloud.hadoop.repackaged.gcs.com.google.storage.v2.stub.StorageStubSettings$4
3320:             1             16  com.google.cloud.hadoop.repackaged.gcs.com.google.storage.v2.stub.StorageStubSettings$5
3321:             1             16  com.google.cloud.hadoop.repackaged.gcs.com.google.storage.v2.stub.StorageStubSettings$6
3322:             1             16  com.google.cloud.hadoop.repackaged.gcs.com.google.storage.v2.stub.StorageStubSettings$7
3323:             1             16  com.google.cloud.hadoop.repackaged.gcs.com.google.storage.v2.stub.StorageStubSettings$8
3324:             1             16  com.google.cloud.hadoop.repackaged.gcs.com.lmax.disruptor.FatalExceptionHandler
3325:             1             16  com.google.cloud.hadoop.repackaged.gcs.com.lmax.disruptor.dsl.ExceptionHandlerWrapper
3326:             1             16  com.google.cloud.hadoop.repackaged.gcs.io.grpc.ClientInterceptors$2
3327:             1             16  com.google.cloud.hadoop.repackaged.gcs.io.grpc.Codec$Identity
3328:             1             16  com.google.cloud.hadoop.repackaged.gcs.io.grpc.CompressorRegistry
3329:             1             16  com.google.cloud.hadoop.repackaged.gcs.io.grpc.Deadline$SystemTicker
3330:             1             16  com.google.cloud.hadoop.repackaged.gcs.io.grpc.InternalMethodDescriptor
3331:             1             16  com.google.cloud.hadoop.repackaged.gcs.io.grpc.LoadBalancer$1
3332:             1             16  com.google.cloud.hadoop.repackaged.gcs.io.grpc.LoadBalancerProvider$UnknownConfig
3333:             1             16  com.google.cloud.hadoop.repackaged.gcs.io.grpc.Metadata$1
3334:             1             16  com.google.cloud.hadoop.repackaged.gcs.io.grpc.Metadata$2
3335:             1             16  com.google.cloud.hadoop.repackaged.gcs.io.grpc.NameResolverRegistry$NameResolverFactory
3336:             1             16  com.google.cloud.hadoop.repackaged.gcs.io.grpc.Status$StatusCodeMarshaller
3337:             1             16  com.google.cloud.hadoop.repackaged.gcs.io.grpc.Status$StatusMessageMarshaller
3338:             1             16  com.google.cloud.hadoop.repackaged.gcs.io.grpc.ThreadLocalContextStorage
3339:             1             16  com.google.cloud.hadoop.repackaged.gcs.io.grpc.alts.HandshakerServiceChannel$ChannelResource
3340:             1             16  com.google.cloud.hadoop.repackaged.gcs.io.grpc.alts.internal.AltsContext$1
3341:             1             16  com.google.cloud.hadoop.repackaged.gcs.io.grpc.alts.internal.HandshakeProtocol$1
3342:             1             16  com.google.cloud.hadoop.repackaged.gcs.io.grpc.alts.internal.HandshakerReq$1
3343:             1             16  com.google.cloud.hadoop.repackaged.gcs.io.grpc.alts.internal.HandshakerResp$1
3344:             1             16  com.google.cloud.hadoop.repackaged.gcs.io.grpc.alts.internal.HandshakerResult$1
3345:             1             16  com.google.cloud.hadoop.repackaged.gcs.io.grpc.alts.internal.HandshakerServiceGrpc$HandshakerServiceMethodDescriptorSupplier
3346:             1             16  com.google.cloud.hadoop.repackaged.gcs.io.grpc.alts.internal.HandshakerStatus$1
3347:             1             16  com.google.cloud.hadoop.repackaged.gcs.io.grpc.alts.internal.Identity$1
3348:             1             16  com.google.cloud.hadoop.repackaged.gcs.io.grpc.alts.internal.NextHandshakeMessageReq$1
3349:             1             16  com.google.cloud.hadoop.repackaged.gcs.io.grpc.alts.internal.RpcProtocolVersions$1
3350:             1             16  com.google.cloud.hadoop.repackaged.gcs.io.grpc.alts.internal.RpcProtocolVersions$Version$1
3351:             1             16  com.google.cloud.hadoop.repackaged.gcs.io.grpc.alts.internal.SecurityLevel$1
3352:             1             16  com.google.cloud.hadoop.repackaged.gcs.io.grpc.alts.internal.StartClientHandshakeReq$1
3353:             1             16  com.google.cloud.hadoop.repackaged.gcs.io.grpc.census.InternalCensusStatsAccessor$1
3354:             1             16  com.google.cloud.hadoop.repackaged.gcs.io.grpc.googleapis.GoogleCloudToProdExperimentalNameResolverProvider
3355:             1             16  com.google.cloud.hadoop.repackaged.gcs.io.grpc.grpclb.GrpclbLoadBalancerProvider
3356:             1             16  com.google.cloud.hadoop.repackaged.gcs.io.grpc.grpclb.SecretGrpclbNameResolverProvider$Provider
3357:             1             16  com.google.cloud.hadoop.repackaged.gcs.io.grpc.internal.CallTracer$1
3358:             1             16  com.google.cloud.hadoop.repackaged.gcs.io.grpc.internal.CompositeReadableBuffer$1
3359:             1             16  com.google.cloud.hadoop.repackaged.gcs.io.grpc.internal.CompositeReadableBuffer$2
3360:             1             16  com.google.cloud.hadoop.repackaged.gcs.io.grpc.internal.CompositeReadableBuffer$3
3361:             1             16  com.google.cloud.hadoop.repackaged.gcs.io.grpc.internal.CompositeReadableBuffer$4
3362:             1             16  com.google.cloud.hadoop.repackaged.gcs.io.grpc.internal.CompositeReadableBuffer$5
3363:             1             16  com.google.cloud.hadoop.repackaged.gcs.io.grpc.internal.DelayedClientCall$8
3364:             1             16  com.google.cloud.hadoop.repackaged.gcs.io.grpc.internal.DnsNameResolverProvider
3365:             1             16  com.google.cloud.hadoop.repackaged.gcs.io.grpc.internal.GrpcUtil$1
3366:             1             16  com.google.cloud.hadoop.repackaged.gcs.io.grpc.internal.GrpcUtil$2
3367:             1             16  com.google.cloud.hadoop.repackaged.gcs.io.grpc.internal.GrpcUtil$3
3368:             1             16  com.google.cloud.hadoop.repackaged.gcs.io.grpc.internal.GrpcUtil$4
3369:             1             16  com.google.cloud.hadoop.repackaged.gcs.io.grpc.internal.GrpcUtil$5
3370:             1             16  com.google.cloud.hadoop.repackaged.gcs.io.grpc.internal.GrpcUtil$TimeoutMarshaller
3371:             1             16  com.google.cloud.hadoop.repackaged.gcs.io.grpc.internal.Http2ClientStreamTransportState$1
3372:             1             16  com.google.cloud.hadoop.repackaged.gcs.io.grpc.internal.JndiResourceResolverFactory
3373:             1             16  com.google.cloud.hadoop.repackaged.gcs.io.grpc.internal.ManagedChannelImpl$1
3374:             1             16  com.google.cloud.hadoop.repackaged.gcs.io.grpc.internal.ManagedChannelImpl$4
3375:             1             16  com.google.cloud.hadoop.repackaged.gcs.io.grpc.internal.PickFirstLoadBalancerProvider
3376:             1             16  com.google.cloud.hadoop.repackaged.gcs.io.grpc.internal.ProxyDetectorImpl$1
3377:             1             16  com.google.cloud.hadoop.repackaged.gcs.io.grpc.internal.ProxyDetectorImpl$2
3378:             1             16  com.google.cloud.hadoop.repackaged.gcs.io.grpc.internal.SerializingExecutor$FieldUpdaterAtomicHelper
3379:             1             16  com.google.cloud.hadoop.repackaged.gcs.io.grpc.internal.SharedResourceHolder$1
3380:             1             16  com.google.cloud.hadoop.repackaged.gcs.io.grpc.internal.TimeProvider$1
3381:             1             16  com.google.cloud.hadoop.repackaged.gcs.io.grpc.internal.TransportTracer$Factory
3382:             1             16  com.google.cloud.hadoop.repackaged.gcs.io.grpc.lookup.v1.GrpcKeyBuilder$1
3383:             1             16  com.google.cloud.hadoop.repackaged.gcs.io.grpc.lookup.v1.GrpcKeyBuilder$ExtraKeys$1
3384:             1             16  com.google.cloud.hadoop.repackaged.gcs.io.grpc.lookup.v1.GrpcKeyBuilder$Name$1
3385:             1             16  com.google.cloud.hadoop.repackaged.gcs.io.grpc.lookup.v1.NameMatcher$1
3386:             1             16  com.google.cloud.hadoop.repackaged.gcs.io.grpc.lookup.v1.RouteLookupClusterSpecifier$1
3387:             1             16  com.google.cloud.hadoop.repackaged.gcs.io.grpc.lookup.v1.RouteLookupConfig$1
3388:             1             16  com.google.cloud.hadoop.repackaged.gcs.io.grpc.lookup.v1.RouteLookupRequest$1
3389:             1             16  com.google.cloud.hadoop.repackaged.gcs.io.grpc.lookup.v1.RouteLookupRequest$Reason$1
3390:             1             16  com.google.cloud.hadoop.repackaged.gcs.io.grpc.lookup.v1.RouteLookupResponse$1
3391:             1             16  com.google.cloud.hadoop.repackaged.gcs.io.grpc.lookup.v1.RouteLookupServiceGrpc$RouteLookupServiceMethodDescriptorSupplier
3392:             1             16  com.google.cloud.hadoop.repackaged.gcs.io.grpc.netty.shaded.io.grpc.netty.NettyAdaptiveCumulator
3393:             1             16  com.google.cloud.hadoop.repackaged.gcs.io.grpc.netty.shaded.io.grpc.netty.NettyChannelProvider
3394:             1             16  com.google.cloud.hadoop.repackaged.gcs.io.grpc.netty.shaded.io.grpc.netty.ProtocolNegotiators$PlaintextProtocolNegotiator
3395:             1             16  com.google.cloud.hadoop.repackaged.gcs.io.grpc.netty.shaded.io.grpc.netty.UdsNameResolverProvider
3396:             1             16  com.google.cloud.hadoop.repackaged.gcs.io.grpc.netty.shaded.io.grpc.netty.UdsNettyChannelProvider
3397:             1             16  com.google.cloud.hadoop.repackaged.gcs.io.grpc.netty.shaded.io.netty.buffer.AbstractReferenceCountedByteBuf$1
3398:             1             16  com.google.cloud.hadoop.repackaged.gcs.io.grpc.netty.shaded.io.netty.buffer.ByteBufUtil$1
3399:             1             16  com.google.cloud.hadoop.repackaged.gcs.io.grpc.netty.shaded.io.netty.buffer.ByteBufUtil$2
3400:             1             16  com.google.cloud.hadoop.repackaged.gcs.io.grpc.netty.shaded.io.netty.buffer.CompositeByteBuf$1
3401:             1             16  com.google.cloud.hadoop.repackaged.gcs.io.grpc.netty.shaded.io.netty.buffer.CompositeByteBuf$2
3402:             1             16  com.google.cloud.hadoop.repackaged.gcs.io.grpc.netty.shaded.io.netty.buffer.PoolThreadCache$MemoryRegionCache$1
3403:             1             16  com.google.cloud.hadoop.repackaged.gcs.io.grpc.netty.shaded.io.netty.buffer.PooledSlicedByteBuf$1
3404:             1             16  com.google.cloud.hadoop.repackaged.gcs.io.grpc.netty.shaded.io.netty.buffer.PooledUnsafeDirectByteBuf$1
3405:             1             16  com.google.cloud.hadoop.repackaged.gcs.io.grpc.netty.shaded.io.netty.channel.AbstractChannelHandlerContext$WriteTask$1
3406:             1             16  com.google.cloud.hadoop.repackaged.gcs.io.grpc.netty.shaded.io.netty.channel.ChannelFutureListener$1
3407:             1             16  com.google.cloud.hadoop.repackaged.gcs.io.grpc.netty.shaded.io.netty.channel.ChannelFutureListener$2
3408:             1             16  com.google.cloud.hadoop.repackaged.gcs.io.grpc.netty.shaded.io.netty.channel.ChannelFutureListener$3
3409:             1             16  com.google.cloud.hadoop.repackaged.gcs.io.grpc.netty.shaded.io.netty.channel.ChannelHandlerMask$1
3410:             1             16  com.google.cloud.hadoop.repackaged.gcs.io.grpc.netty.shaded.io.netty.channel.ChannelOutboundBuffer$1
3411:             1             16  com.google.cloud.hadoop.repackaged.gcs.io.grpc.netty.shaded.io.netty.channel.ChannelOutboundBuffer$Entry$1
3412:             1             16  com.google.cloud.hadoop.repackaged.gcs.io.grpc.netty.shaded.io.netty.channel.DefaultChannelPipeline$1
3413:             1             16  com.google.cloud.hadoop.repackaged.gcs.io.grpc.netty.shaded.io.netty.channel.DefaultMessageSizeEstimator
3414:             1             16  com.google.cloud.hadoop.repackaged.gcs.io.grpc.netty.shaded.io.netty.channel.DefaultMessageSizeEstimator$HandleImpl
3415:             1             16  com.google.cloud.hadoop.repackaged.gcs.io.grpc.netty.shaded.io.netty.channel.DefaultSelectStrategy
3416:             1             16  com.google.cloud.hadoop.repackaged.gcs.io.grpc.netty.shaded.io.netty.channel.DefaultSelectStrategyFactory
3417:             1             16  com.google.cloud.hadoop.repackaged.gcs.io.grpc.netty.shaded.io.netty.channel.PendingWriteQueue$PendingWrite$1
3418:             1             16  com.google.cloud.hadoop.repackaged.gcs.io.grpc.netty.shaded.io.netty.channel.nio.AbstractNioByteChannel$1
3419:             1             16  com.google.cloud.hadoop.repackaged.gcs.io.grpc.netty.shaded.io.netty.channel.nio.AbstractNioChannel$1
3420:             1             16  com.google.cloud.hadoop.repackaged.gcs.io.grpc.netty.shaded.io.netty.channel.nio.NioEventLoop$1
3421:             1             16  com.google.cloud.hadoop.repackaged.gcs.io.grpc.netty.shaded.io.netty.handler.codec.ByteToMessageDecoder$1
3422:             1             16  com.google.cloud.hadoop.repackaged.gcs.io.grpc.netty.shaded.io.netty.handler.codec.ByteToMessageDecoder$2
3423:             1             16  com.google.cloud.hadoop.repackaged.gcs.io.grpc.netty.shaded.io.netty.handler.codec.CodecOutputList$1
3424:             1             16  com.google.cloud.hadoop.repackaged.gcs.io.grpc.netty.shaded.io.netty.handler.codec.CodecOutputList$2
3425:             1             16  com.google.cloud.hadoop.repackaged.gcs.io.grpc.netty.shaded.io.netty.handler.codec.DefaultHeaders$NameValidator$1
3426:             1             16  com.google.cloud.hadoop.repackaged.gcs.io.grpc.netty.shaded.io.netty.handler.codec.DefaultHeaders$ValueValidator$1
3427:             1             16  com.google.cloud.hadoop.repackaged.gcs.io.grpc.netty.shaded.io.netty.handler.codec.UnsupportedValueConverter
3428:             1             16  com.google.cloud.hadoop.repackaged.gcs.io.grpc.netty.shaded.io.netty.handler.codec.http2.DefaultHttp2LocalFlowController$2
3429:             1             16  com.google.cloud.hadoop.repackaged.gcs.io.grpc.netty.shaded.io.netty.handler.codec.http2.Http2ConnectionPrefaceAndSettingsFrameWrittenEvent
3430:             1             16  com.google.cloud.hadoop.repackaged.gcs.io.grpc.netty.shaded.io.netty.handler.codec.http2.Http2HeadersEncoder$1
3431:             1             16  com.google.cloud.hadoop.repackaged.gcs.io.grpc.netty.shaded.io.netty.handler.codec.http2.Http2HeadersEncoder$2
3432:             1             16  com.google.cloud.hadoop.repackaged.gcs.io.grpc.netty.shaded.io.netty.handler.codec.http2.Http2PromisedRequestVerifier$1
3433:             1             16  com.google.cloud.hadoop.repackaged.gcs.io.grpc.netty.shaded.io.netty.handler.codec.http2.WeightedFairQueueByteDistributor$StateOnlyComparator
3434:             1             16  com.google.cloud.hadoop.repackaged.gcs.io.grpc.netty.shaded.io.netty.handler.codec.http2.WeightedFairQueueByteDistributor$StatePseudoTimeComparator
3435:             1             16  com.google.cloud.hadoop.repackaged.gcs.io.grpc.netty.shaded.io.netty.handler.ssl.ReferenceCountedOpenSslContext$2
3436:             1             16  com.google.cloud.hadoop.repackaged.gcs.io.grpc.netty.shaded.io.netty.handler.ssl.SslCloseCompletionEvent
3437:             1             16  com.google.cloud.hadoop.repackaged.gcs.io.grpc.netty.shaded.io.netty.handler.ssl.SslHandshakeCompletionEvent
3438:             1             16  com.google.cloud.hadoop.repackaged.gcs.io.grpc.netty.shaded.io.netty.handler.ssl.SupportedCipherSuiteFilter
3439:             1             16  com.google.cloud.hadoop.repackaged.gcs.io.grpc.netty.shaded.io.netty.internal.tcnative.Library
3440:             1             16  com.google.cloud.hadoop.repackaged.gcs.io.grpc.netty.shaded.io.netty.internal.tcnative.SSLTask$1
3441:             1             16  com.google.cloud.hadoop.repackaged.gcs.io.grpc.netty.shaded.io.netty.util.AbstractReferenceCounted$1
3442:             1             16  com.google.cloud.hadoop.repackaged.gcs.io.grpc.netty.shaded.io.netty.util.AsciiString$1
3443:             1             16  com.google.cloud.hadoop.repackaged.gcs.io.grpc.netty.shaded.io.netty.util.AsciiString$2
3444:             1             16  com.google.cloud.hadoop.repackaged.gcs.io.grpc.netty.shaded.io.netty.util.NettyRuntime$AvailableProcessorsHolder
3445:             1             16  com.google.cloud.hadoop.repackaged.gcs.io.grpc.netty.shaded.io.netty.util.Recycler$1
3446:             1             16  com.google.cloud.hadoop.repackaged.gcs.io.grpc.netty.shaded.io.netty.util.collection.IntCollections$EmptyMap
3447:             1             16  com.google.cloud.hadoop.repackaged.gcs.io.grpc.netty.shaded.io.netty.util.concurrent.AbstractScheduledEventExecutor$1
3448:             1             16  com.google.cloud.hadoop.repackaged.gcs.io.grpc.netty.shaded.io.netty.util.concurrent.AbstractScheduledEventExecutor$2
3449:             1             16  com.google.cloud.hadoop.repackaged.gcs.io.grpc.netty.shaded.io.netty.util.concurrent.DefaultEventExecutorChooserFactory
3450:             1             16  com.google.cloud.hadoop.repackaged.gcs.io.grpc.netty.shaded.io.netty.util.concurrent.DefaultPromise$CauseHolder
3451:             1             16  com.google.cloud.hadoop.repackaged.gcs.io.grpc.netty.shaded.io.netty.util.concurrent.FastThreadLocal
3452:             1             16  com.google.cloud.hadoop.repackaged.gcs.io.grpc.netty.shaded.io.netty.util.concurrent.GlobalEventExecutor$1
3453:             1             16  com.google.cloud.hadoop.repackaged.gcs.io.grpc.netty.shaded.io.netty.util.concurrent.GlobalEventExecutor$TaskRunner
3454:             1             16  com.google.cloud.hadoop.repackaged.gcs.io.grpc.netty.shaded.io.netty.util.concurrent.ImmediateExecutor
3455:             1             16  com.google.cloud.hadoop.repackaged.gcs.io.grpc.netty.shaded.io.netty.util.concurrent.RejectedExecutionHandlers$1
3456:             1             16  com.google.cloud.hadoop.repackaged.gcs.io.grpc.netty.shaded.io.netty.util.concurrent.SingleThreadEventExecutor$1
3457:             1             16  com.google.cloud.hadoop.repackaged.gcs.io.grpc.netty.shaded.io.netty.util.internal.CleanerJava9
3458:             1             16  com.google.cloud.hadoop.repackaged.gcs.io.grpc.netty.shaded.io.netty.util.internal.PlatformDependent$1
3459:             1             16  com.google.cloud.hadoop.repackaged.gcs.io.grpc.netty.shaded.io.netty.util.internal.PlatformDependent$2
3460:             1             16  com.google.cloud.hadoop.repackaged.gcs.io.grpc.netty.shaded.io.netty.util.internal.RecyclableArrayList$1
3461:             1             16  com.google.cloud.hadoop.repackaged.gcs.io.grpc.protobuf.lite.ProtoLiteUtils$MetadataMarshaller
3462:             1             16  com.google.cloud.hadoop.repackaged.gcs.io.grpc.protobuf.services.internal.HealthCheckingRoundRobinLoadBalancerProvider
3463:             1             16  com.google.cloud.hadoop.repackaged.gcs.io.grpc.rls.AutoValue_RlsProtoData_RouteLookupRequest
3464:             1             16  com.google.cloud.hadoop.repackaged.gcs.io.grpc.rls.CachingRlsLbClient$AutoCleaningEvictionListener
3465:             1             16  com.google.cloud.hadoop.repackaged.gcs.io.grpc.rls.LinkedHashLruCache$PeriodicCleaner$CleaningTask
3466:             1             16  com.google.cloud.hadoop.repackaged.gcs.io.grpc.rls.RlsLoadBalancer$DefaultCachingRlsLbClientBuilderProvider
3467:             1             16  com.google.cloud.hadoop.repackaged.gcs.io.grpc.rls.RlsLoadBalancerProvider
3468:             1             16  com.google.cloud.hadoop.repackaged.gcs.io.grpc.stub.MetadataUtils$HeaderAttachingClientInterceptor
3469:             1             16  com.google.cloud.hadoop.repackaged.gcs.io.grpc.util.GracefulSwitchLoadBalancer$2
3470:             1             16  com.google.cloud.hadoop.repackaged.gcs.io.grpc.util.OutlierDetectionLoadBalancerProvider
3471:             1             16  com.google.cloud.hadoop.repackaged.gcs.io.grpc.xds.CdsLoadBalancer2$CdsLbState$$Lambda$454/0x00000008005ae840
3472:             1             16  com.google.cloud.hadoop.repackaged.gcs.io.grpc.xds.CdsLoadBalancerProvider
3473:             1             16  com.google.cloud.hadoop.repackaged.gcs.io.grpc.xds.ClusterImplLoadBalancer$OrcaPerRpcListener
3474:             1             16  com.google.cloud.hadoop.repackaged.gcs.io.grpc.xds.ClusterImplLoadBalancerProvider
3475:             1             16  com.google.cloud.hadoop.repackaged.gcs.io.grpc.xds.ClusterManagerLoadBalancerProvider
3476:             1             16  com.google.cloud.hadoop.repackaged.gcs.io.grpc.xds.ClusterResolverLoadBalancer$ClusterResolverLbState$LogicalDnsClusterState$NameResolverListener
3477:             1             16  com.google.cloud.hadoop.repackaged.gcs.io.grpc.xds.ClusterResolverLoadBalancerProvider
3478:             1             16  com.google.cloud.hadoop.repackaged.gcs.io.grpc.xds.ClusterSpecifierPluginRegistry
3479:             1             16  com.google.cloud.hadoop.repackaged.gcs.io.grpc.xds.ControlPlaneClient$AdsStreamV3$1AdsClientResponseObserver
3480:             1             16  com.google.cloud.hadoop.repackaged.gcs.io.grpc.xds.ControlPlaneClient$AdsStreamV3$1AdsClientResponseObserver$$Lambda$441/0x0000000800536440
3481:             1             16  com.google.cloud.hadoop.repackaged.gcs.io.grpc.xds.ControlPlaneClient$RpcRetryTask
3482:             1             16  com.google.cloud.hadoop.repackaged.gcs.io.grpc.xds.FilterRegistry
3483:             1             16  com.google.cloud.hadoop.repackaged.gcs.io.grpc.xds.LeastRequestLoadBalancerProvider
3484:             1             16  com.google.cloud.hadoop.repackaged.gcs.io.grpc.xds.LoadReportClient$LoadReportingTask
3485:             1             16  com.google.cloud.hadoop.repackaged.gcs.io.grpc.xds.LoadReportClient$LrsStream$$Lambda$473/0x000000080078c440
3486:             1             16  com.google.cloud.hadoop.repackaged.gcs.io.grpc.xds.LoadReportClient$LrsStream$1
3487:             1             16  com.google.cloud.hadoop.repackaged.gcs.io.grpc.xds.PriorityLoadBalancerProvider
3488:             1             16  com.google.cloud.hadoop.repackaged.gcs.io.grpc.xds.RbacFilter
3489:             1             16  com.google.cloud.hadoop.repackaged.gcs.io.grpc.xds.RingHashLoadBalancerProvider
3490:             1             16  com.google.cloud.hadoop.repackaged.gcs.io.grpc.xds.RouteLookupServiceClusterSpecifierPlugin
3491:             1             16  com.google.cloud.hadoop.repackaged.gcs.io.grpc.xds.RouterFilter$1
3492:             1             16  com.google.cloud.hadoop.repackaged.gcs.io.grpc.xds.ThreadSafeRandom$ThreadSafeRandomImpl
3493:             1             16  com.google.cloud.hadoop.repackaged.gcs.io.grpc.xds.WeightedRoundRobinLoadBalancerProvider
3494:             1             16  com.google.cloud.hadoop.repackaged.gcs.io.grpc.xds.WeightedTargetLoadBalancerProvider
3495:             1             16  com.google.cloud.hadoop.repackaged.gcs.io.grpc.xds.WrrLocalityLoadBalancerProvider
3496:             1             16  com.google.cloud.hadoop.repackaged.gcs.io.grpc.xds.XdsClientImpl$1
3497:             1             16  com.google.cloud.hadoop.repackaged.gcs.io.grpc.xds.XdsClientImpl$XdsChannelFactory$1
3498:             1             16  com.google.cloud.hadoop.repackaged.gcs.io.grpc.xds.XdsClusterResource
3499:             1             16  com.google.cloud.hadoop.repackaged.gcs.io.grpc.xds.XdsEndpointResource
3500:             1             16  com.google.cloud.hadoop.repackaged.gcs.io.grpc.xds.XdsListenerResource
3501:             1             16  com.google.cloud.hadoop.repackaged.gcs.io.grpc.xds.XdsRouteConfigureResource
3502:             1             16  com.google.cloud.hadoop.repackaged.gcs.io.grpc.xds.internal.GoogleDefaultXdsCredentialsProvider
3503:             1             16  com.google.cloud.hadoop.repackaged.gcs.io.grpc.xds.internal.InsecureXdsCredentialsProvider
3504:             1             16  com.google.cloud.hadoop.repackaged.gcs.io.grpc.xds.internal.TlsXdsCredentialsProvider
3505:             1             16  com.google.cloud.hadoop.repackaged.gcs.io.grpc.xds.internal.security.certprovider.CertProviderClientSslContextProviderFactory
3506:             1             16  com.google.cloud.hadoop.repackaged.gcs.io.grpc.xds.internal.security.certprovider.CertProviderServerSslContextProviderFactory
3507:             1             16  com.google.cloud.hadoop.repackaged.gcs.io.grpc.xds.internal.security.certprovider.CertificateProviderRegistry
3508:             1             16  com.google.cloud.hadoop.repackaged.gcs.io.grpc.xds.internal.security.certprovider.CertificateProviderStore$CertProviderFactory
3509:             1             16  com.google.cloud.hadoop.repackaged.gcs.io.grpc.xds.internal.security.certprovider.FileWatcherCertificateProvider$Factory$1
3510:             1             16  com.google.cloud.hadoop.repackaged.gcs.io.grpc.xds.internal.security.certprovider.FileWatcherCertificateProviderProvider$ScheduledExecutorServiceFactory$1
3511:             1             16  com.google.cloud.hadoop.repackaged.gcs.io.grpc.xds.orca.OrcaPerRequestUtil$1
3512:             1             16  com.google.cloud.hadoop.repackaged.gcs.io.grpc.xds.orca.OrcaPerRequestUtil$2
3513:             1             16  com.google.cloud.hadoop.repackaged.gcs.io.grpc.xds.orca.OrcaPerRequestUtil$3
3514:             1             16  com.google.cloud.hadoop.repackaged.gcs.io.grpc.xds.orca.OrcaPerRequestUtil$OrcaReportBroker
3515:             1             16  com.google.cloud.hadoop.repackaged.gcs.io.grpc.xds.shaded.com.github.xds.core.v3.ContextParams$1
3516:             1             16  com.google.cloud.hadoop.repackaged.gcs.io.grpc.xds.shaded.com.github.xds.data.orca.v3.OrcaLoadReport$1
3517:             1             16  com.google.cloud.hadoop.repackaged.gcs.io.grpc.xds.shaded.io.envoyproxy.envoy.api.v2.Cluster$1
3518:             1             16  com.google.cloud.hadoop.repackaged.gcs.io.grpc.xds.shaded.io.envoyproxy.envoy.api.v2.ClusterLoadAssignment$1
3519:             1             16  com.google.cloud.hadoop.repackaged.gcs.io.grpc.xds.shaded.io.envoyproxy.envoy.api.v2.Listener$1
3520:             1             16  com.google.cloud.hadoop.repackaged.gcs.io.grpc.xds.shaded.io.envoyproxy.envoy.api.v2.RouteConfiguration$1
3521:             1             16  com.google.cloud.hadoop.repackaged.gcs.io.grpc.xds.shaded.io.envoyproxy.envoy.config.cluster.aggregate.v2alpha.ClusterConfig$1
3522:             1             16  com.google.cloud.hadoop.repackaged.gcs.io.grpc.xds.shaded.io.envoyproxy.envoy.config.cluster.v3.CircuitBreakers$1
3523:             1             16  com.google.cloud.hadoop.repackaged.gcs.io.grpc.xds.shaded.io.envoyproxy.envoy.config.cluster.v3.CircuitBreakers$Thresholds$1
3524:             1             16  com.google.cloud.hadoop.repackaged.gcs.io.grpc.xds.shaded.io.envoyproxy.envoy.config.cluster.v3.Cluster$1
3525:             1             16  com.google.cloud.hadoop.repackaged.gcs.io.grpc.xds.shaded.io.envoyproxy.envoy.config.cluster.v3.Cluster$DiscoveryType$1
3526:             1             16  com.google.cloud.hadoop.repackaged.gcs.io.grpc.xds.shaded.io.envoyproxy.envoy.config.cluster.v3.Cluster$EdsClusterConfig$1
3527:             1             16  com.google.cloud.hadoop.repackaged.gcs.io.grpc.xds.shaded.io.envoyproxy.envoy.config.cluster.v3.Cluster$LbPolicy$1
3528:             1             16  com.google.cloud.hadoop.repackaged.gcs.io.grpc.xds.shaded.io.envoyproxy.envoy.config.cluster.v3.LoadBalancingPolicy$1
3529:             1             16  com.google.cloud.hadoop.repackaged.gcs.io.grpc.xds.shaded.io.envoyproxy.envoy.config.cluster.v3.LoadBalancingPolicy$Policy$1
3530:             1             16  com.google.cloud.hadoop.repackaged.gcs.io.grpc.xds.shaded.io.envoyproxy.envoy.config.core.v3.Address$1
3531:             1             16  com.google.cloud.hadoop.repackaged.gcs.io.grpc.xds.shaded.io.envoyproxy.envoy.config.core.v3.AggregatedConfigSource$1
3532:             1             16  com.google.cloud.hadoop.repackaged.gcs.io.grpc.xds.shaded.io.envoyproxy.envoy.config.core.v3.ConfigSource$1
3533:             1             16  com.google.cloud.hadoop.repackaged.gcs.io.grpc.xds.shaded.io.envoyproxy.envoy.config.core.v3.HealthStatus$1
3534:             1             16  com.google.cloud.hadoop.repackaged.gcs.io.grpc.xds.shaded.io.envoyproxy.envoy.config.core.v3.Locality$1
3535:             1             16  com.google.cloud.hadoop.repackaged.gcs.io.grpc.xds.shaded.io.envoyproxy.envoy.config.core.v3.Node$1
3536:             1             16  com.google.cloud.hadoop.repackaged.gcs.io.grpc.xds.shaded.io.envoyproxy.envoy.config.core.v3.RoutingPriority$1
3537:             1             16  com.google.cloud.hadoop.repackaged.gcs.io.grpc.xds.shaded.io.envoyproxy.envoy.config.core.v3.SelfConfigSource$1
3538:             1             16  com.google.cloud.hadoop.repackaged.gcs.io.grpc.xds.shaded.io.envoyproxy.envoy.config.core.v3.SocketAddress$1
3539:             1             16  com.google.cloud.hadoop.repackaged.gcs.io.grpc.xds.shaded.io.envoyproxy.envoy.config.core.v3.TypedExtensionConfig$1
3540:             1             16  com.google.cloud.hadoop.repackaged.gcs.io.grpc.xds.shaded.io.envoyproxy.envoy.config.endpoint.v3.ClusterLoadAssignment$1
3541:             1             16  com.google.cloud.hadoop.repackaged.gcs.io.grpc.xds.shaded.io.envoyproxy.envoy.config.endpoint.v3.ClusterLoadAssignment$Policy$1
3542:             1             16  com.google.cloud.hadoop.repackaged.gcs.io.grpc.xds.shaded.io.envoyproxy.envoy.config.endpoint.v3.ClusterStats$1
3543:             1             16  com.google.cloud.hadoop.repackaged.gcs.io.grpc.xds.shaded.io.envoyproxy.envoy.config.endpoint.v3.Endpoint$1
3544:             1             16  com.google.cloud.hadoop.repackaged.gcs.io.grpc.xds.shaded.io.envoyproxy.envoy.config.endpoint.v3.LbEndpoint$1
3545:             1             16  com.google.cloud.hadoop.repackaged.gcs.io.grpc.xds.shaded.io.envoyproxy.envoy.config.endpoint.v3.LocalityLbEndpoints$1
3546:             1             16  com.google.cloud.hadoop.repackaged.gcs.io.grpc.xds.shaded.io.envoyproxy.envoy.config.endpoint.v3.UpstreamLocalityStats$1
3547:             1             16  com.google.cloud.hadoop.repackaged.gcs.io.grpc.xds.shaded.io.envoyproxy.envoy.config.filter.http.fault.v2.HTTPFault$1
3548:             1             16  com.google.cloud.hadoop.repackaged.gcs.io.grpc.xds.shaded.io.envoyproxy.envoy.config.filter.http.router.v2.Router$1
3549:             1             16  com.google.cloud.hadoop.repackaged.gcs.io.grpc.xds.shaded.io.envoyproxy.envoy.config.filter.network.http_connection_manager.v2.HttpConnectionManager$1
3550:             1             16  com.google.cloud.hadoop.repackaged.gcs.io.grpc.xds.shaded.io.envoyproxy.envoy.config.listener.v3.ApiListener$1
3551:             1             16  com.google.cloud.hadoop.repackaged.gcs.io.grpc.xds.shaded.io.envoyproxy.envoy.config.listener.v3.Listener$1
3552:             1             16  com.google.cloud.hadoop.repackaged.gcs.io.grpc.xds.shaded.io.envoyproxy.envoy.config.route.v3.ClusterSpecifierPlugin$1
3553:             1             16  com.google.cloud.hadoop.repackaged.gcs.io.grpc.xds.shaded.io.envoyproxy.envoy.config.route.v3.Route$1
3554:             1             16  com.google.cloud.hadoop.repackaged.gcs.io.grpc.xds.shaded.io.envoyproxy.envoy.config.route.v3.RouteAction$1
3555:             1             16  com.google.cloud.hadoop.repackaged.gcs.io.grpc.xds.shaded.io.envoyproxy.envoy.config.route.v3.RouteConfiguration$1
3556:             1             16  com.google.cloud.hadoop.repackaged.gcs.io.grpc.xds.shaded.io.envoyproxy.envoy.config.route.v3.RouteMatch$1
3557:             1             16  com.google.cloud.hadoop.repackaged.gcs.io.grpc.xds.shaded.io.envoyproxy.envoy.config.route.v3.VirtualHost$1
3558:             1             16  com.google.cloud.hadoop.repackaged.gcs.io.grpc.xds.shaded.io.envoyproxy.envoy.extensions.clusters.aggregate.v3.ClusterConfig$1
3559:             1             16  com.google.cloud.hadoop.repackaged.gcs.io.grpc.xds.shaded.io.envoyproxy.envoy.extensions.filters.http.fault.v3.HTTPFault$1
3560:             1             16  com.google.cloud.hadoop.repackaged.gcs.io.grpc.xds.shaded.io.envoyproxy.envoy.extensions.filters.http.rbac.v3.RBAC$1
3561:             1             16  com.google.cloud.hadoop.repackaged.gcs.io.grpc.xds.shaded.io.envoyproxy.envoy.extensions.filters.http.rbac.v3.RBACPerRoute$1
3562:             1             16  com.google.cloud.hadoop.repackaged.gcs.io.grpc.xds.shaded.io.envoyproxy.envoy.extensions.filters.http.router.v3.Router$1
3563:             1             16  com.google.cloud.hadoop.repackaged.gcs.io.grpc.xds.shaded.io.envoyproxy.envoy.extensions.filters.network.http_connection_manager.v3.HttpConnectionManager$1
3564:             1             16  com.google.cloud.hadoop.repackaged.gcs.io.grpc.xds.shaded.io.envoyproxy.envoy.extensions.filters.network.http_connection_manager.v3.HttpFilter$1
3565:             1             16  com.google.cloud.hadoop.repackaged.gcs.io.grpc.xds.shaded.io.envoyproxy.envoy.extensions.load_balancing_policies.client_side_weighted_round_robin.v3.ClientSideWeightedRoundRobin$1
3566:             1             16  com.google.cloud.hadoop.repackaged.gcs.io.grpc.xds.shaded.io.envoyproxy.envoy.extensions.load_balancing_policies.least_request.v3.LeastRequest$1
3567:             1             16  com.google.cloud.hadoop.repackaged.gcs.io.grpc.xds.shaded.io.envoyproxy.envoy.extensions.load_balancing_policies.ring_hash.v3.RingHash$1
3568:             1             16  com.google.cloud.hadoop.repackaged.gcs.io.grpc.xds.shaded.io.envoyproxy.envoy.extensions.load_balancing_policies.round_robin.v3.RoundRobin$1
3569:             1             16  com.google.cloud.hadoop.repackaged.gcs.io.grpc.xds.shaded.io.envoyproxy.envoy.extensions.load_balancing_policies.wrr_locality.v3.WrrLocality$1
3570:             1             16  com.google.cloud.hadoop.repackaged.gcs.io.grpc.xds.shaded.io.envoyproxy.envoy.extensions.transport_sockets.tls.v3.DownstreamTlsContext$1
3571:             1             16  com.google.cloud.hadoop.repackaged.gcs.io.grpc.xds.shaded.io.envoyproxy.envoy.extensions.transport_sockets.tls.v3.UpstreamTlsContext$1
3572:             1             16  com.google.cloud.hadoop.repackaged.gcs.io.grpc.xds.shaded.io.envoyproxy.envoy.service.discovery.v3.AggregatedDiscoveryServiceGrpc$AggregatedDiscoveryServiceMethodDescriptorSupplier
3573:             1             16  com.google.cloud.hadoop.repackaged.gcs.io.grpc.xds.shaded.io.envoyproxy.envoy.service.discovery.v3.DiscoveryRequest$1
3574:             1             16  com.google.cloud.hadoop.repackaged.gcs.io.grpc.xds.shaded.io.envoyproxy.envoy.service.discovery.v3.DiscoveryResponse$1
3575:             1             16  com.google.cloud.hadoop.repackaged.gcs.io.grpc.xds.shaded.io.envoyproxy.envoy.service.load_stats.v3.LoadReportingServiceGrpc$LoadReportingServiceMethodDescriptorSupplier
3576:             1             16  com.google.cloud.hadoop.repackaged.gcs.io.grpc.xds.shaded.io.envoyproxy.envoy.service.load_stats.v3.LoadStatsRequest$1
3577:             1             16  com.google.cloud.hadoop.repackaged.gcs.io.grpc.xds.shaded.io.envoyproxy.envoy.service.load_stats.v3.LoadStatsResponse$1
3578:             1             16  com.google.cloud.hadoop.repackaged.gcs.io.grpc.xds.shaded.io.envoyproxy.envoy.type.v3.FractionalPercent$DenominatorType$1
3579:             1             16  com.google.cloud.hadoop.repackaged.gcs.io.grpc.xds.shaded.io.envoyproxy.pgv.validate.Validate$AnyRules$1
3580:             1             16  com.google.cloud.hadoop.repackaged.gcs.io.grpc.xds.shaded.io.envoyproxy.pgv.validate.Validate$BoolRules$1
3581:             1             16  com.google.cloud.hadoop.repackaged.gcs.io.grpc.xds.shaded.io.envoyproxy.pgv.validate.Validate$BytesRules$1
3582:             1             16  com.google.cloud.hadoop.repackaged.gcs.io.grpc.xds.shaded.io.envoyproxy.pgv.validate.Validate$DoubleRules$1
3583:             1             16  com.google.cloud.hadoop.repackaged.gcs.io.grpc.xds.shaded.io.envoyproxy.pgv.validate.Validate$DurationRules$1
3584:             1             16  com.google.cloud.hadoop.repackaged.gcs.io.grpc.xds.shaded.io.envoyproxy.pgv.validate.Validate$EnumRules$1
3585:             1             16  com.google.cloud.hadoop.repackaged.gcs.io.grpc.xds.shaded.io.envoyproxy.pgv.validate.Validate$FieldRules$1
3586:             1             16  com.google.cloud.hadoop.repackaged.gcs.io.grpc.xds.shaded.io.envoyproxy.pgv.validate.Validate$KnownRegex$1
3587:             1             16  com.google.cloud.hadoop.repackaged.gcs.io.grpc.xds.shaded.io.envoyproxy.pgv.validate.Validate$MapRules$1
3588:             1             16  com.google.cloud.hadoop.repackaged.gcs.io.grpc.xds.shaded.io.envoyproxy.pgv.validate.Validate$MessageRules$1
3589:             1             16  com.google.cloud.hadoop.repackaged.gcs.io.grpc.xds.shaded.io.envoyproxy.pgv.validate.Validate$RepeatedRules$1
3590:             1             16  com.google.cloud.hadoop.repackaged.gcs.io.grpc.xds.shaded.io.envoyproxy.pgv.validate.Validate$StringRules$1
3591:             1             16  com.google.cloud.hadoop.repackaged.gcs.io.grpc.xds.shaded.io.envoyproxy.pgv.validate.Validate$UInt32Rules$1
3592:             1             16  com.google.cloud.hadoop.repackaged.gcs.io.grpc.xds.shaded.io.envoyproxy.pgv.validate.Validate$UInt64Rules$1
3593:             1             16  com.google.cloud.hadoop.repackaged.gcs.io.grpc.xds.shaded.udpa.annotations.Migrate$FieldMigrateAnnotation$1
3594:             1             16  com.google.cloud.hadoop.repackaged.gcs.io.grpc.xds.shaded.udpa.annotations.Migrate$FileMigrateAnnotation$1
3595:             1             16  com.google.cloud.hadoop.repackaged.gcs.io.grpc.xds.shaded.udpa.annotations.Migrate$MigrateAnnotation$1
3596:             1             16  com.google.cloud.hadoop.repackaged.gcs.io.grpc.xds.shaded.udpa.annotations.Security$FieldSecurityAnnotation$1
3597:             1             16  com.google.cloud.hadoop.repackaged.gcs.io.grpc.xds.shaded.udpa.annotations.Status$StatusAnnotation$1
3598:             1             16  com.google.cloud.hadoop.repackaged.gcs.io.grpc.xds.shaded.udpa.annotations.Versioning$VersioningAnnotation$1
3599:             1             16  com.google.cloud.hadoop.repackaged.gcs.io.grpc.xds.shaded.xds.annotations.v3.Status$FieldStatusAnnotation$1
3600:             1             16  com.google.cloud.hadoop.repackaged.gcs.io.grpc.xds.shaded.xds.annotations.v3.Status$FileStatusAnnotation$1
3601:             1             16  com.google.cloud.hadoop.repackaged.gcs.io.grpc.xds.shaded.xds.annotations.v3.Status$MessageStatusAnnotation$1
3602:             1             16  com.google.cloud.hadoop.repackaged.gcs.io.opencensus.contrib.http.util.CloudTraceFormat
3603:             1             16  com.google.cloud.hadoop.repackaged.gcs.io.opencensus.impl.internal.DisruptorEventQueue$1
3604:             1             16  com.google.cloud.hadoop.repackaged.gcs.io.opencensus.impl.trace.TraceComponentImpl
3605:             1             16  com.google.cloud.hadoop.repackaged.gcs.io.opencensus.impl.trace.internal.ThreadLocalRandomHandler
3606:             1             16  com.google.cloud.hadoop.repackaged.gcs.io.opencensus.implcore.common.MillisClock
3607:             1             16  com.google.cloud.hadoop.repackaged.gcs.io.opencensus.implcore.metrics.MetricRegistryImpl$RegisteredMeters
3608:             1             16  com.google.cloud.hadoop.repackaged.gcs.io.opencensus.implcore.metrics.export.ExportComponentImpl
3609:             1             16  com.google.cloud.hadoop.repackaged.gcs.io.opencensus.implcore.metrics.export.MetricProducerManagerImpl
3610:             1             16  com.google.cloud.hadoop.repackaged.gcs.io.opencensus.implcore.stats.MetricProducerImpl
3611:             1             16  com.google.cloud.hadoop.repackaged.gcs.io.opencensus.implcore.stats.StatsRecorderImpl
3612:             1             16  com.google.cloud.hadoop.repackaged.gcs.io.opencensus.implcore.stats.ViewManagerImpl
3613:             1             16  com.google.cloud.hadoop.repackaged.gcs.io.opencensus.implcore.tags.TaggerImpl
3614:             1             16  com.google.cloud.hadoop.repackaged.gcs.io.opencensus.implcore.tags.propagation.CorrelationContextFormat
3615:             1             16  com.google.cloud.hadoop.repackaged.gcs.io.opencensus.implcore.tags.propagation.TagContextBinarySerializerImpl
3616:             1             16  com.google.cloud.hadoop.repackaged.gcs.io.opencensus.implcore.trace.TracerImpl
3617:             1             16  com.google.cloud.hadoop.repackaged.gcs.io.opencensus.implcore.trace.config.TraceConfigImpl
3618:             1             16  com.google.cloud.hadoop.repackaged.gcs.io.opencensus.implcore.trace.export.InProcessRunningSpanStore
3619:             1             16  com.google.cloud.hadoop.repackaged.gcs.io.opencensus.implcore.trace.export.SampledSpanStoreImpl$NoopSampledSpanStoreImpl
3620:             1             16  com.google.cloud.hadoop.repackaged.gcs.io.opencensus.implcore.trace.export.SpanExporterImpl$ReportDroppedSpans
3621:             1             16  com.google.cloud.hadoop.repackaged.gcs.io.opencensus.implcore.trace.export.SpanExporterImpl$ReportPushedSpans
3622:             1             16  com.google.cloud.hadoop.repackaged.gcs.io.opencensus.implcore.trace.export.SpanExporterImpl$ReportReferencedSpans
3623:             1             16  com.google.cloud.hadoop.repackaged.gcs.io.opencensus.implcore.trace.propagation.B3Format
3624:             1             16  com.google.cloud.hadoop.repackaged.gcs.io.opencensus.implcore.trace.propagation.BinaryFormatImpl
3625:             1             16  com.google.cloud.hadoop.repackaged.gcs.io.opencensus.implcore.trace.propagation.TraceContextFormat
3626:             1             16  com.google.cloud.hadoop.repackaged.gcs.io.opencensus.stats.AutoValue_Aggregation_Count
3627:             1             16  com.google.cloud.hadoop.repackaged.gcs.io.opencensus.stats.AutoValue_Aggregation_Mean
3628:             1             16  com.google.cloud.hadoop.repackaged.gcs.io.opencensus.stats.AutoValue_Aggregation_Sum
3629:             1             16  com.google.cloud.hadoop.repackaged.gcs.io.opencensus.stats.AutoValue_View_AggregationWindow_Cumulative
3630:             1             16  com.google.cloud.hadoop.repackaged.gcs.io.opencensus.stats.View$1
3631:             1             16  com.google.cloud.hadoop.repackaged.gcs.io.opencensus.tags.unsafe.ContextUtils$EmptyTagContext
3632:             1             16  com.google.cloud.hadoop.repackaged.gcs.io.opencensus.trace.AutoValue_Tracestate
3633:             1             16  com.google.cloud.hadoop.repackaged.gcs.io.opencensus.trace.Tracer$NoopTracer
3634:             1             16  com.google.cloud.hadoop.repackaged.gcs.io.opencensus.trace.config.TraceConfig$NoopTraceConfig
3635:             1             16  com.google.cloud.hadoop.repackaged.gcs.io.opencensus.trace.export.AutoValue_SampledSpanStore_Summary
3636:             1             16  com.google.cloud.hadoop.repackaged.gcs.io.opencensus.trace.export.RunningSpanStore$NoopRunningSpanStore
3637:             1             16  com.google.cloud.hadoop.repackaged.gcs.io.opencensus.trace.export.SpanExporter$NoopSpanExporter
3638:             1             16  com.google.cloud.hadoop.repackaged.gcs.io.opencensus.trace.propagation.BinaryFormat$NoopBinaryFormat
3639:             1             16  com.google.cloud.hadoop.repackaged.gcs.io.opencensus.trace.propagation.PropagationComponent$NoopPropagationComponent
3640:             1             16  com.google.cloud.hadoop.repackaged.gcs.io.opencensus.trace.propagation.TextFormat$NoopTextFormat
3641:             1             16  com.google.cloud.hadoop.repackaged.gcs.io.opencensus.trace.samplers.AlwaysSampleSampler
3642:             1             16  com.google.cloud.hadoop.repackaged.gcs.io.opencensus.trace.samplers.NeverSampleSampler
3643:             1             16  com.google.cloud.hadoop.repackaged.gcs.io.opencensus.trace.unsafe.ContextManagerImpl
3644:             1             16  com.google.cloud.hadoop.repackaged.gcs.io.perfmark.Impl
3645:             1             16  com.google.cloud.hadoop.repackaged.gcs.io.perfmark.TaskCloseable
3646:             1             16  com.sun.beans.WeakCache (java.desktop@11.0.20.1)
3647:             1             16  com.sun.beans.introspect.MethodInfo$MethodOrder (java.desktop@11.0.20.1)
3648:             1             16  com.sun.jndi.dns.DNSDatagramSocketFactory$$Lambda$452/0x0000000800588440 (jdk.naming.dns@11.0.20.1)
3649:             1             16  com.sun.jndi.dns.DnsNameParser (jdk.naming.dns@11.0.20.1)
3650:             1             16  com.sun.jndi.dns.DnsUrl$$Lambda$451/0x0000000800582840 (jdk.naming.dns@11.0.20.1)
3651:             1             16  com.sun.management.internal.PlatformMBeanProviderImpl (jdk.management@11.0.20.1)
3652:             1             16  com.sun.management.internal.PlatformMBeanProviderImpl$$Lambda$54/0x00000008001cf040 (jdk.management@11.0.20.1)
3653:             1             16  com.sun.naming.internal.VersionHelper (java.naming@11.0.20.1)
3654:             1             16  com.sun.naming.internal.VersionHelper$$Lambda$442/0x0000000800535840 (java.naming@11.0.20.1)
3655:             1             16  com.sun.naming.internal.VersionHelper$$Lambda$443/0x0000000800535c40 (java.naming@11.0.20.1)
3656:             1             16  com.sun.naming.internal.VersionHelper$$Lambda$444/0x0000000800535040 (java.naming@11.0.20.1)
3657:             1             16  com.sun.proxy.$Proxy3
3658:             1             16  com.sun.proxy.$Proxy5
3659:             1             16  com.sun.proxy.$Proxy6
3660:             1             16  com.sun.proxy.jdk.proxy1.$Proxy1 (jdk.proxy1@)
3661:             1             16  com.sun.security.auth.UnixNumericUserPrincipal (jdk.security.auth@11.0.20.1)
3662:             1             16  com.sun.security.auth.UnixPrincipal (jdk.security.auth@11.0.20.1)
3663:             1             16  java.beans.Introspector$1 (java.desktop@11.0.20.1)
3664:             1             16  java.io.FileDescriptor$1 (java.base@11.0.20.1)
3665:             1             16  java.io.FilePermission$1 (java.base@11.0.20.1)
3666:             1             16  java.io.RandomAccessFile$2 (java.base@11.0.20.1)
3667:             1             16  java.lang.ApplicationShutdownHooks$1 (java.base@11.0.20.1)
3668:             1             16  java.lang.CharacterData00 (java.base@11.0.20.1)
3669:             1             16  java.lang.CharacterDataLatin1 (java.base@11.0.20.1)
3670:             1             16  java.lang.Module$$Lambda$6/0x0000000800064040 (java.base@11.0.20.1)
3671:             1             16  java.lang.ProcessBuilder$NullInputStream (java.base@11.0.20.1)
3672:             1             16  java.lang.ProcessBuilder$NullOutputStream (java.base@11.0.20.1)
3673:             1             16  java.lang.ProcessHandleImpl$$Lambda$37/0x0000000800163840 (java.base@11.0.20.1)
3674:             1             16  java.lang.Runtime (java.base@11.0.20.1)
3675:             1             16  java.lang.SecurityManager$$Lambda$253/0x000000080038fc40 (java.base@11.0.20.1)
3676:             1             16  java.lang.SecurityManager$$Lambda$255/0x000000080038e840 (java.base@11.0.20.1)
3677:             1             16  java.lang.SecurityManager$$Lambda$256/0x000000080038ec40 (java.base@11.0.20.1)
3678:             1             16  java.lang.SecurityManager$$Lambda$257/0x000000080038e440 (java.base@11.0.20.1)
3679:             1             16  java.lang.SecurityManager$$Lambda$258/0x000000080038d840 (java.base@11.0.20.1)
3680:             1             16  java.lang.SecurityManager$$Lambda$259/0x000000080038dc40 (java.base@11.0.20.1)
3681:             1             16  java.lang.SecurityManager$$Lambda$261/0x000000080038d440 (java.base@11.0.20.1)
3682:             1             16  java.lang.SecurityManager$$Lambda$262/0x000000080038c840 (java.base@11.0.20.1)
3683:             1             16  java.lang.String$CaseInsensitiveComparator (java.base@11.0.20.1)
3684:             1             16  java.lang.StringCoding$1 (java.base@11.0.20.1)
3685:             1             16  java.lang.System$2 (java.base@11.0.20.1)
3686:             1             16  java.lang.System$LoggerFinder$$Lambda$27/0x0000000800166c40 (java.base@11.0.20.1)
3687:             1             16  java.lang.Terminator$1 (java.base@11.0.20.1)
3688:             1             16  java.lang.invoke.ClassSpecializer$1 (java.base@11.0.20.1)
3689:             1             16  java.lang.invoke.MemberName$Factory (java.base@11.0.20.1)
3690:             1             16  java.lang.invoke.MethodHandleImpl$1 (java.base@11.0.20.1)
3691:             1             16  java.lang.invoke.StringConcatFactory$MethodHandleInlineCopyStrategy$1 (java.base@11.0.20.1)
3692:             1             16  java.lang.invoke.StringConcatFactory$MethodHandleInlineCopyStrategy$2 (java.base@11.0.20.1)
3693:             1             16  java.lang.invoke.StringConcatFactory$MethodHandleInlineCopyStrategy$3 (java.base@11.0.20.1)
3694:             1             16  java.lang.invoke.VarHandle$1 (java.base@11.0.20.1)
3695:             1             16  java.lang.management.DefaultPlatformMBeanProvider (java.management@11.0.20.1)
3696:             1             16  java.lang.management.ManagementFactory$$Lambda$51/0x00000008001cac40 (java.management@11.0.20.1)
3697:             1             16  java.lang.management.ManagementFactory$PlatformMBeanFinder$$Lambda$52/0x00000008001cf840 (java.management@11.0.20.1)
3698:             1             16  java.lang.management.ManagementFactory$PlatformMBeanFinder$$Lambda$58/0x00000008001ce040 (java.management@11.0.20.1)
3699:             1             16  java.lang.management.ManagementFactory$PlatformMBeanFinder$$Lambda$59/0x00000008001ce440 (java.management@11.0.20.1)
3700:             1             16  java.lang.management.ManagementFactory$PlatformMBeanFinder$$Lambda$61/0x00000008001cd040 (java.management@11.0.20.1)
3701:             1             16  java.lang.management.ManagementFactory$PlatformMBeanFinder$$Lambda$63/0x00000008001cc840 (java.management@11.0.20.1)
3702:             1             16  java.lang.management.ManagementFactory$PlatformMBeanFinder$$Lambda$64/0x00000008001ccc40 (java.management@11.0.20.1)
3703:             1             16  java.lang.module.ModuleDescriptor$1 (java.base@11.0.20.1)
3704:             1             16  java.lang.module.ModuleDescriptor$Builder$$Lambda$5/0x0000000800064c40 (java.base@11.0.20.1)
3705:             1             16  java.lang.ref.Cleaner (java.base@11.0.20.1)
3706:             1             16  java.lang.ref.Cleaner$1 (java.base@11.0.20.1)
3707:             1             16  java.lang.ref.Reference$1 (java.base@11.0.20.1)
3708:             1             16  java.lang.reflect.Proxy$$Lambda$2/0x0000000800065c40 (java.base@11.0.20.1)
3709:             1             16  java.lang.reflect.Proxy$ProxyBuilder$$Lambda$4/0x0000000800064840 (java.base@11.0.20.1)
3710:             1             16  java.lang.reflect.ReflectAccess (java.base@11.0.20.1)
3711:             1             16  java.math.BigDecimal$1 (java.base@11.0.20.1)
3712:             1             16  java.net.InetAddress$2 (java.base@11.0.20.1)
3713:             1             16  java.net.InetAddress$PlatformNameService (java.base@11.0.20.1)
3714:             1             16  java.net.URI$1 (java.base@11.0.20.1)
3715:             1             16  java.net.URL$3 (java.base@11.0.20.1)
3716:             1             16  java.net.URL$DefaultFactory (java.base@11.0.20.1)
3717:             1             16  java.net.URLClassLoader$7 (java.base@11.0.20.1)
3718:             1             16  java.nio.Bits$1 (java.base@11.0.20.1)
3719:             1             16  java.nio.Buffer$1 (java.base@11.0.20.1)
3720:             1             16  java.nio.channels.spi.AbstractSelector$1 (java.base@11.0.20.1)
3721:             1             16  java.security.AllPermission (java.base@11.0.20.1)
3722:             1             16  java.security.ProtectionDomain$JavaSecurityAccessImpl (java.base@11.0.20.1)
3723:             1             16  java.security.Signature$1 (java.base@11.0.20.1)
3724:             1             16  java.security.cert.CertPathHelperImpl (java.base@11.0.20.1)
3725:             1             16  java.text.DontCareFieldPosition$1 (java.base@11.0.20.1)
3726:             1             16  java.time.chrono.IsoChronology (java.base@11.0.20.1)
3727:             1             16  java.time.format.DateTimeFormatter$$Lambda$19/0x00000008000e6840 (java.base@11.0.20.1)
3728:             1             16  java.time.format.DateTimeFormatter$$Lambda$20/0x00000008000e6c40 (java.base@11.0.20.1)
3729:             1             16  java.time.format.DateTimeFormatterBuilder$$Lambda$18/0x00000008000e7440 (java.base@11.0.20.1)
3730:             1             16  java.time.format.DateTimeFormatterBuilder$2 (java.base@11.0.20.1)
3731:             1             16  java.time.format.DateTimeFormatterBuilder$InstantPrinterParser (java.base@11.0.20.1)
3732:             1             16  java.time.format.DateTimeTextProvider (java.base@11.0.20.1)
3733:             1             16  java.time.format.DateTimeTextProvider$1 (java.base@11.0.20.1)
3734:             1             16  java.util.Collections$EmptyEnumeration (java.base@11.0.20.1)
3735:             1             16  java.util.Collections$EmptyIterator (java.base@11.0.20.1)
3736:             1             16  java.util.Collections$EmptyList (java.base@11.0.20.1)
3737:             1             16  java.util.Collections$EmptySet (java.base@11.0.20.1)
3738:             1             16  java.util.Collections$ReverseComparator (java.base@11.0.20.1)
3739:             1             16  java.util.Collections$UnmodifiableMap$UnmodifiableEntrySet$UnmodifiableEntry (java.base@11.0.20.1)
3740:             1             16  java.util.EnumMap$1 (java.base@11.0.20.1)
3741:             1             16  java.util.ResourceBundle$1 (java.base@11.0.20.1)
3742:             1             16  java.util.ResourceBundle$Control (java.base@11.0.20.1)
3743:             1             16  java.util.Spliterators$EmptySpliterator$OfDouble (java.base@11.0.20.1)
3744:             1             16  java.util.Spliterators$EmptySpliterator$OfInt (java.base@11.0.20.1)
3745:             1             16  java.util.Spliterators$EmptySpliterator$OfLong (java.base@11.0.20.1)
3746:             1             16  java.util.Spliterators$EmptySpliterator$OfRef (java.base@11.0.20.1)
3747:             1             16  java.util.concurrent.CompletableFuture$AltResult (java.base@11.0.20.1)
3748:             1             16  java.util.concurrent.ConcurrentSkipListMap$KeySet (java.base@11.0.20.1)
3749:             1             16  java.util.concurrent.ConcurrentSkipListSet (java.base@11.0.20.1)
3750:             1             16  java.util.concurrent.Executors$FinalizableDelegatedExecutorService (java.base@11.0.20.1)
3751:             1             16  java.util.concurrent.ForkJoinPool$DefaultForkJoinWorkerThreadFactory (java.base@11.0.20.1)
3752:             1             16  java.util.concurrent.Semaphore (java.base@11.0.20.1)
3753:             1             16  java.util.concurrent.ThreadPoolExecutor$AbortPolicy (java.base@11.0.20.1)
3754:             1             16  java.util.function.Function$$Lambda$60/0x00000008001cd840 (java.base@11.0.20.1)
3755:             1             16  java.util.jar.JavaUtilJarAccessImpl (java.base@11.0.20.1)
3756:             1             16  java.util.logging.ErrorManager (java.logging@11.0.20.1)
3757:             1             16  java.util.logging.Level$$Lambda$21/0x0000000800160440 (java.logging@11.0.20.1)
3758:             1             16  java.util.logging.Level$KnownLevel$$Lambda$22/0x0000000800167840 (java.logging@11.0.20.1)
3759:             1             16  java.util.logging.LogManager$CloseOnReset (java.logging@11.0.20.1)
3760:             1             16  java.util.logging.LogManager$LoggingProviderAccess (java.logging@11.0.20.1)
3761:             1             16  java.util.logging.LogManager$VisitedLoggers (java.logging@11.0.20.1)
3762:             1             16  java.util.logging.SimpleFormatter (java.logging@11.0.20.1)
3763:             1             16  java.util.logging.SimpleFormatter$$Lambda$350/0x00000008004c3c40 (java.logging@11.0.20.1)
3764:             1             16  java.util.regex.CharPredicates$$Lambda$15/0x00000008000e7840 (java.base@11.0.20.1)
3765:             1             16  java.util.regex.CharPredicates$$Lambda$16/0x00000008000e7c40 (java.base@11.0.20.1)
3766:             1             16  java.util.regex.CharPredicates$$Lambda$175/0x00000008002db040 (java.base@11.0.20.1)
3767:             1             16  java.util.regex.CharPredicates$$Lambda$177/0x00000008002da840 (java.base@11.0.20.1)
3768:             1             16  java.util.regex.CharPredicates$$Lambda$72/0x00000008001f0440 (java.base@11.0.20.1)
3769:             1             16  java.util.regex.Pattern$$Lambda$11/0x00000008000ad840 (java.base@11.0.20.1)
3770:             1             16  java.util.regex.Pattern$$Lambda$179/0x0000000800320040 (java.base@11.0.20.1)
3771:             1             16  java.util.regex.Pattern$1 (java.base@11.0.20.1)
3772:             1             16  java.util.regex.Pattern$LastMatch (java.base@11.0.20.1)
3773:             1             16  java.util.regex.Pattern$LastNode (java.base@11.0.20.1)
3774:             1             16  java.util.regex.Pattern$Node (java.base@11.0.20.1)
3775:             1             16  java.util.stream.Collectors$$Lambda$458/0x00000008005ad440 (java.base@11.0.20.1)
3776:             1             16  java.util.stream.Collectors$$Lambda$459/0x00000008005ac840 (java.base@11.0.20.1)
3777:             1             16  java.util.stream.Collectors$$Lambda$460/0x00000008005acc40 (java.base@11.0.20.1)
3778:             1             16  java.util.stream.Collectors$$Lambda$461/0x00000008005ac040 (java.base@11.0.20.1)
3779:             1             16  java.util.stream.Collectors$$Lambda$49/0x00000008001ca040 (java.base@11.0.20.1)
3780:             1             16  java.util.stream.Collectors$$Lambda$55/0x00000008001cf440 (java.base@11.0.20.1)
3781:             1             16  java.util.stream.Collectors$$Lambda$56/0x00000008001ce840 (java.base@11.0.20.1)
3782:             1             16  java.util.stream.Collectors$$Lambda$57/0x00000008001cec40 (java.base@11.0.20.1)
3783:             1             16  java.util.stream.Collectors$$Lambda$62/0x00000008001cd440 (java.base@11.0.20.1)
3784:             1             16  java.util.stream.Collectors$$Lambda$69/0x00000008001cb040 (java.base@11.0.20.1)
3785:             1             16  java.util.stream.Collectors$$Lambda$70/0x00000008001cb440 (java.base@11.0.20.1)
3786:             1             16  java.util.stream.Collectors$$Lambda$71/0x00000008001f0040 (java.base@11.0.20.1)
3787:             1             16  java.util.stream.FindOps$FindSink$OfRef$$Lambda$23/0x0000000800167c40 (java.base@11.0.20.1)
3788:             1             16  java.util.stream.FindOps$FindSink$OfRef$$Lambda$24/0x0000000800167040 (java.base@11.0.20.1)
3789:             1             16  java.util.stream.FindOps$FindSink$OfRef$$Lambda$25/0x0000000800167440 (java.base@11.0.20.1)
3790:             1             16  java.util.stream.FindOps$FindSink$OfRef$$Lambda$26/0x0000000800166840 (java.base@11.0.20.1)
3791:             1             16  java.util.stream.LongPipeline$$Lambda$438/0x0000000800536840 (java.base@11.0.20.1)
3792:             1             16  java.util.zip.ZipFile$1 (java.base@11.0.20.1)
3793:             1             16  javax.crypto.JceSecurityManager (java.base@11.0.20.1)
3794:             1             16  javax.naming.spi.NamingManager$$Lambda$448/0x000000080056e840 (java.naming@11.0.20.1)
3795:             1             16  javax.naming.spi.NamingManager$$Lambda$450/0x000000080056f840 (java.naming@11.0.20.1)
3796:             1             16  javax.net.ssl.HttpsURLConnection$DefaultHostnameVerifier (java.base@11.0.20.1)
3797:             1             16  jdk.internal.jimage.ImageReaderFactory$1 (java.base@11.0.20.1)
3798:             1             16  jdk.internal.jimage.ImageStringsReader (java.base@11.0.20.1)
3799:             1             16  jdk.internal.jimage.decompressor.Decompressor (java.base@11.0.20.1)
3800:             1             16  jdk.internal.logger.LazyLoggers$1 (java.base@11.0.20.1)
3801:             1             16  jdk.internal.logger.LazyLoggers$JdkLazyLogger (java.base@11.0.20.1)
3802:             1             16  jdk.internal.logger.LazyLoggers$LazyLoggerFactories (java.base@11.0.20.1)
3803:             1             16  jdk.internal.math.FloatingDecimal$1 (java.base@11.0.20.1)
3804:             1             16  jdk.internal.math.FormattedFloatingDecimal$1 (java.base@11.0.20.1)
3805:             1             16  jdk.internal.misc.TerminatingThreadLocal$1 (java.base@11.0.20.1)
3806:             1             16  jdk.internal.misc.Unsafe (java.base@11.0.20.1)
3807:             1             16  jdk.internal.module.ModulePatcher (java.base@11.0.20.1)
3808:             1             16  jdk.internal.module.ModuleTarget (java.base@11.0.20.1)
3809:             1             16  jdk.internal.module.SystemModules$default (java.base@11.0.20.1)
3810:             1             16  jdk.internal.perf.Perf (java.base@11.0.20.1)
3811:             1             16  jdk.internal.reflect.GeneratedConstructorAccessor1 (java.base@11.0.20.1)
3812:             1             16  jdk.internal.reflect.GeneratedConstructorAccessor10 (java.base@11.0.20.1)
3813:             1             16  jdk.internal.reflect.GeneratedConstructorAccessor11 (java.base@11.0.20.1)
3814:             1             16  jdk.internal.reflect.GeneratedConstructorAccessor12 (java.base@11.0.20.1)
3815:             1             16  jdk.internal.reflect.GeneratedConstructorAccessor13 (java.base@11.0.20.1)
3816:             1             16  jdk.internal.reflect.GeneratedConstructorAccessor14
3817:             1             16  jdk.internal.reflect.GeneratedConstructorAccessor15
3818:             1             16  jdk.internal.reflect.GeneratedConstructorAccessor16
3819:             1             16  jdk.internal.reflect.GeneratedConstructorAccessor17 (java.base@11.0.20.1)
3820:             1             16  jdk.internal.reflect.GeneratedConstructorAccessor18
3821:             1             16  jdk.internal.reflect.GeneratedConstructorAccessor19
3822:             1             16  jdk.internal.reflect.GeneratedConstructorAccessor2 (java.base@11.0.20.1)
3823:             1             16  jdk.internal.reflect.GeneratedConstructorAccessor3
3824:             1             16  jdk.internal.reflect.GeneratedConstructorAccessor4
3825:             1             16  jdk.internal.reflect.GeneratedConstructorAccessor5 (java.base@11.0.20.1)
3826:             1             16  jdk.internal.reflect.GeneratedConstructorAccessor6 (java.base@11.0.20.1)
3827:             1             16  jdk.internal.reflect.GeneratedConstructorAccessor7 (java.base@11.0.20.1)
3828:             1             16  jdk.internal.reflect.GeneratedConstructorAccessor8 (java.base@11.0.20.1)
3829:             1             16  jdk.internal.reflect.GeneratedConstructorAccessor9
3830:             1             16  jdk.internal.reflect.GeneratedMethodAccessor1
3831:             1             16  jdk.internal.reflect.GeneratedMethodAccessor10
3832:             1             16  jdk.internal.reflect.GeneratedMethodAccessor11
3833:             1             16  jdk.internal.reflect.GeneratedMethodAccessor12
3834:             1             16  jdk.internal.reflect.GeneratedMethodAccessor13
3835:             1             16  jdk.internal.reflect.GeneratedMethodAccessor14
3836:             1             16  jdk.internal.reflect.GeneratedMethodAccessor15
3837:             1             16  jdk.internal.reflect.GeneratedMethodAccessor16
3838:             1             16  jdk.internal.reflect.GeneratedMethodAccessor17
3839:             1             16  jdk.internal.reflect.GeneratedMethodAccessor18
3840:             1             16  jdk.internal.reflect.GeneratedMethodAccessor19
3841:             1             16  jdk.internal.reflect.GeneratedMethodAccessor2 (java.base@11.0.20.1)
3842:             1             16  jdk.internal.reflect.GeneratedMethodAccessor20
3843:             1             16  jdk.internal.reflect.GeneratedMethodAccessor21
3844:             1             16  jdk.internal.reflect.GeneratedMethodAccessor22
3845:             1             16  jdk.internal.reflect.GeneratedMethodAccessor23
3846:             1             16  jdk.internal.reflect.GeneratedMethodAccessor24
3847:             1             16  jdk.internal.reflect.GeneratedMethodAccessor25
3848:             1             16  jdk.internal.reflect.GeneratedMethodAccessor26
3849:             1             16  jdk.internal.reflect.GeneratedMethodAccessor27
3850:             1             16  jdk.internal.reflect.GeneratedMethodAccessor28
3851:             1             16  jdk.internal.reflect.GeneratedMethodAccessor29
3852:             1             16  jdk.internal.reflect.GeneratedMethodAccessor3
3853:             1             16  jdk.internal.reflect.GeneratedMethodAccessor30
3854:             1             16  jdk.internal.reflect.GeneratedMethodAccessor31
3855:             1             16  jdk.internal.reflect.GeneratedMethodAccessor32
3856:             1             16  jdk.internal.reflect.GeneratedMethodAccessor33
3857:             1             16  jdk.internal.reflect.GeneratedMethodAccessor34
3858:             1             16  jdk.internal.reflect.GeneratedMethodAccessor35
3859:             1             16  jdk.internal.reflect.GeneratedMethodAccessor36
3860:             1             16  jdk.internal.reflect.GeneratedMethodAccessor37
3861:             1             16  jdk.internal.reflect.GeneratedMethodAccessor38
3862:             1             16  jdk.internal.reflect.GeneratedMethodAccessor39
3863:             1             16  jdk.internal.reflect.GeneratedMethodAccessor4
3864:             1             16  jdk.internal.reflect.GeneratedMethodAccessor40
3865:             1             16  jdk.internal.reflect.GeneratedMethodAccessor41
3866:             1             16  jdk.internal.reflect.GeneratedMethodAccessor42
3867:             1             16  jdk.internal.reflect.GeneratedMethodAccessor43
3868:             1             16  jdk.internal.reflect.GeneratedMethodAccessor44
3869:             1             16  jdk.internal.reflect.GeneratedMethodAccessor45
3870:             1             16  jdk.internal.reflect.GeneratedMethodAccessor46
3871:             1             16  jdk.internal.reflect.GeneratedMethodAccessor47
3872:             1             16  jdk.internal.reflect.GeneratedMethodAccessor48
3873:             1             16  jdk.internal.reflect.GeneratedMethodAccessor49
3874:             1             16  jdk.internal.reflect.GeneratedMethodAccessor5
3875:             1             16  jdk.internal.reflect.GeneratedMethodAccessor50
3876:             1             16  jdk.internal.reflect.GeneratedMethodAccessor51
3877:             1             16  jdk.internal.reflect.GeneratedMethodAccessor52
3878:             1             16  jdk.internal.reflect.GeneratedMethodAccessor53
3879:             1             16  jdk.internal.reflect.GeneratedMethodAccessor54
3880:             1             16  jdk.internal.reflect.GeneratedMethodAccessor55
3881:             1             16  jdk.internal.reflect.GeneratedMethodAccessor56
3882:             1             16  jdk.internal.reflect.GeneratedMethodAccessor6
3883:             1             16  jdk.internal.reflect.GeneratedMethodAccessor7 (java.base@11.0.20.1)
3884:             1             16  jdk.internal.reflect.GeneratedMethodAccessor8
3885:             1             16  jdk.internal.reflect.GeneratedMethodAccessor9
3886:             1             16  jdk.internal.reflect.ReflectionFactory (java.base@11.0.20.1)
3887:             1             16  jdk.net.ExtendedSocketOptions$1 (jdk.net@11.0.20.1)
3888:             1             16  jdk.net.LinuxSocketOptions (jdk.net@11.0.20.1)
3889:             1             16  jdk.net.LinuxSocketOptions$$Lambda$181/0x0000000800327840 (jdk.net@11.0.20.1)
3890:             1             16  org.apache.commons.cli.OptionBuilder
3891:             1             16  org.apache.hadoop.fs.ChecksumFileSystem$9
3892:             1             16  org.apache.hadoop.fs.FileSystem$3
3893:             1             16  org.apache.hadoop.fs.FileSystem$Cache$ClientFinalizer
3894:             1             16  org.apache.hadoop.fs.Statistic$$Lambda$84/0x00000008001f2c40
3895:             1             16  org.apache.hadoop.fs.audit.CommonAuditContext$$Lambda$41/0x0000000800160840
3896:             1             16  org.apache.hadoop.fs.permission.FsPermission$1
3897:             1             16  org.apache.hadoop.io.Text$1
3898:             1             16  org.apache.hadoop.io.Text$2
3899:             1             16  org.apache.hadoop.log.metrics.EventCounter$EventCounts
3900:             1             16  org.apache.hadoop.metrics2.lib.MetricsSourceBuilder$1
3901:             1             16  org.apache.hadoop.metrics2.lib.MutableMetricsFactory
3902:             1             16  org.apache.hadoop.net.DNSDomainNameResolver
3903:             1             16  org.apache.hadoop.security.JniBasedUnixGroupsMapping
3904:             1             16  org.apache.hadoop.security.JniBasedUnixGroupsMappingWithFallback
3905:             1             16  org.apache.hadoop.security.SecurityUtil$QualifiedHostResolver
3906:             1             16  org.apache.hadoop.security.UserGroupInformation$HadoopLoginModule
3907:             1             16  org.apache.hadoop.security.alias.BouncyCastleFipsKeyStoreProvider$Factory
3908:             1             16  org.apache.hadoop.security.alias.JavaKeyStoreProvider$Factory
3909:             1             16  org.apache.hadoop.security.alias.LocalBouncyCastleFipsKeyStoreProvider$Factory
3910:             1             16  org.apache.hadoop.security.alias.LocalJavaKeyStoreProvider$Factory
3911:             1             16  org.apache.hadoop.security.alias.UserProvider$Factory
3912:             1             16  org.apache.hadoop.thirdparty.com.google.common.base.Equivalence$Equals
3913:             1             16  org.apache.hadoop.thirdparty.com.google.common.base.Java8Usage$$Lambda$35/0x0000000800164040
3914:             1             16  org.apache.hadoop.thirdparty.com.google.common.base.Joiner
3915:             1             16  org.apache.hadoop.thirdparty.com.google.common.base.Suppliers$SupplierOfInstance
3916:             1             16  org.apache.hadoop.thirdparty.com.google.common.base.Ticker$1
3917:             1             16  org.apache.hadoop.thirdparty.com.google.common.cache.CacheBuilder$1
3918:             1             16  org.apache.hadoop.thirdparty.com.google.common.cache.CacheBuilder$2
3919:             1             16  org.apache.hadoop.thirdparty.com.google.common.cache.CacheBuilder$3
3920:             1             16  org.apache.hadoop.thirdparty.com.google.common.cache.LocalCache$1
3921:             1             16  org.apache.hadoop.thirdparty.com.google.common.cache.LocalCache$2
3922:             1             16  org.apache.hadoop.thirdparty.com.google.common.cache.LocalCache$LocalLoadingCache
3923:             1             16  org.apache.hadoop.thirdparty.com.google.common.collect.Interners$InternerImpl
3924:             1             16  org.apache.hadoop.thirdparty.com.google.common.collect.MapMakerInternalMap$1
3925:             1             16  org.apache.hadoop.thirdparty.com.google.common.collect.MapMakerInternalMap$StrongKeyDummyValueEntry$Helper
3926:             1             16  org.apache.hadoop.tracing.NullTraceScope
3927:             1             16  org.apache.hadoop.util.ReflectionUtils$1
3928:             1             16  org.apache.hadoop.util.RunJar
3929:             1             16  org.apache.hadoop.util.Time$1
3930:             1             16  org.apache.hadoop.util.Timer
3931:             1             16  org.apache.log4j.DefaultCategoryFactory
3932:             1             16  org.apache.log4j.or.DefaultRenderer
3933:             1             16  org.apache.log4j.or.RendererMap
3934:             1             16  org.apache.log4j.spi.DefaultRepositorySelector
3935:             1             16  org.bouncycastle.jcajce.provider.asymmetric.COMPOSITE$CompositeKeyInfoConverter
3936:             1             16  org.bouncycastle.jcajce.provider.asymmetric.dsa.KeyFactorySpi
3937:             1             16  org.bouncycastle.jcajce.provider.asymmetric.elgamal.KeyFactorySpi
3938:             1             16  org.bouncycastle.jcajce.provider.asymmetric.gost.KeyFactorySpi
3939:             1             16  org.bouncycastle.jcajce.provider.asymmetric.rsa.KeyFactorySpi
3940:             1             16  org.bouncycastle.pqc.jcajce.provider.lms.LMSKeyFactorySpi
3941:             1             16  org.bouncycastle.pqc.jcajce.provider.mceliece.McElieceCCA2KeyFactorySpi
3942:             1             16  org.bouncycastle.pqc.jcajce.provider.mceliece.McElieceKeyFactorySpi
3943:             1             16  org.conscrypt.AbstractConscryptSocket$1
3944:             1             16  org.conscrypt.CertificatePriorityComparator
3945:             1             16  org.conscrypt.ConscryptEngine$1
3946:             1             16  org.conscrypt.ConscryptEngineSocket$1
3947:             1             16  org.conscrypt.Java8ExtendedSSLSession
3948:             1             16  org.conscrypt.OkHostnameVerifier
3949:             1             16  org.conscrypt.PeerInfoProvider$1
3950:             1             16  org.conscrypt.TrustManagerImpl$TrustAnchorComparator
3951:             1             16  org.eclipse.jetty.jndi.InitialContextFactory
3952:             1             16  org.eclipse.jetty.jndi.local.localContextRoot$LocalNameParser
3953:             1             16  org.eclipse.jetty.util.Uptime
3954:             1             16  org.slf4j.helpers.NOPLoggerFactory
3955:             1             16  org.slf4j.impl.Reload4jLoggerFactory
3956:             1             16  org.slf4j.impl.StaticLoggerBinder
3957:             1             16  org.xbill.DNS.config.JndiContextResolverConfigProvider
3958:             1             16  org.xbill.DNS.config.WindowsResolverConfigProvider
3959:             1             16  sun.misc.Unsafe (jdk.unsupported@11.0.20.1)
3960:             1             16  sun.net.DefaultProgressMeteringPolicy (java.base@11.0.20.1)
3961:             1             16  sun.net.dns.OptionsImpl (java.base@11.0.20.1)
3962:             1             16  sun.net.ext.ExtendedSocketOptions$$Lambda$457/0x00000008005ad040 (java.base@11.0.20.1)
3963:             1             16  sun.net.idn.StringPrep$StringPrepTrieImpl (java.base@11.0.20.1)
3964:             1             16  sun.net.spi.DefaultProxySelector (java.base@11.0.20.1)
3965:             1             16  sun.net.www.protocol.file.Handler (java.base@11.0.20.1)
3966:             1             16  sun.net.www.protocol.http.AuthCacheImpl (java.base@11.0.20.1)
3967:             1             16  sun.net.www.protocol.http.HttpURLConnection$2 (java.base@11.0.20.1)
3968:             1             16  sun.net.www.protocol.http.HttpURLConnection$3 (java.base@11.0.20.1)
3969:             1             16  sun.net.www.protocol.http.HttpURLConnection$7 (java.base@11.0.20.1)
3970:             1             16  sun.net.www.protocol.jar.Handler (java.base@11.0.20.1)
3971:             1             16  sun.net.www.protocol.jar.JarFileFactory (java.base@11.0.20.1)
3972:             1             16  sun.net.www.protocol.jrt.Handler (java.base@11.0.20.1)
3973:             1             16  sun.nio.ch.EPollSelectorProvider (java.base@11.0.20.1)
3974:             1             16  sun.nio.ch.ExtendedSocketOption$1 (java.base@11.0.20.1)
3975:             1             16  sun.nio.ch.IOVecWrapper$Deallocator (java.base@11.0.20.1)
3976:             1             16  sun.nio.ch.Net$1 (java.base@11.0.20.1)
3977:             1             16  sun.nio.ch.SocketDispatcher (java.base@11.0.20.1)
3978:             1             16  sun.nio.ch.Util$1 (java.base@11.0.20.1)
3979:             1             16  sun.nio.fs.LinuxFileSystemProvider (java.base@11.0.20.1)
3980:             1             16  sun.nio.fs.NativeBuffers$1 (java.base@11.0.20.1)
3981:             1             16  sun.reflect.generics.tree.BottomSignature (java.base@11.0.20.1)
3982:             1             16  sun.security.jca.ProviderConfig$ProviderLoader (java.base@11.0.20.1)
3983:             1             16  sun.security.ssl.DummyX509KeyManager (java.base@11.0.20.1)
3984:             1             16  sun.security.ssl.NamedGroup$ECDHEScheme (java.base@11.0.20.1)
3985:             1             16  sun.security.ssl.NamedGroup$FFDHEScheme (java.base@11.0.20.1)
3986:             1             16  sun.security.ssl.NamedGroup$XDHScheme (java.base@11.0.20.1)
3987:             1             16  sun.security.ssl.SSLCipher$T12CC20P1305ReadCipherGenerator (java.base@11.0.20.1)
3988:             1             16  sun.security.ssl.SSLCipher$T12CC20P1305WriteCipherGenerator (java.base@11.0.20.1)
3989:             1             16  sun.security.ssl.SSLCipher$T13CC20P1305ReadCipherGenerator (java.base@11.0.20.1)
3990:             1             16  sun.security.ssl.SSLCipher$T13CC20P1305WriteCipherGenerator (java.base@11.0.20.1)
3991:             1             16  sun.security.util.ArrayUtil$$Lambda$173/0x00000008002dd040 (java.base@11.0.20.1)
3992:             1             16  sun.security.util.ByteArrayLexOrder (java.base@11.0.20.1)
3993:             1             16  sun.security.util.ByteArrayTagOrder (java.base@11.0.20.1)
3994:             1             16  sun.security.util.KeyStoreDelegator$$Lambda$170/0x00000008002de440 (java.base@11.0.20.1)
3995:             1             16  sun.security.util.ManifestDigester$$Lambda$14/0x00000008000e0440 (java.base@11.0.20.1)
3996:             1             16  sun.security.util.ResourcesMgr$$Lambda$74/0x00000008001f5040 (java.base@11.0.20.1)
3997:             1             16  sun.security.x509.RFC822Name (java.base@11.0.20.1)
3998:             1             16  sun.text.normalizer.Norm2AllModes$DecomposeNormalizer2 (java.base@11.0.20.1)
3999:             1             16  sun.text.normalizer.Norm2AllModes$NoopNormalizer2 (java.base@11.0.20.1)
4000:             1             16  sun.text.normalizer.NormalizerBase$ModeImpl (java.base@11.0.20.1)
4001:             1             16  sun.text.normalizer.NormalizerBase$NFCMode (java.base@11.0.20.1)
4002:             1             16  sun.text.normalizer.NormalizerBase$NFDMode (java.base@11.0.20.1)
4003:             1             16  sun.text.normalizer.NormalizerBase$NFKCMode (java.base@11.0.20.1)
4004:             1             16  sun.text.normalizer.NormalizerBase$NFKDMode (java.base@11.0.20.1)
4005:             1             16  sun.text.normalizer.NormalizerBase$NONEMode (java.base@11.0.20.1)
4006:             1             16  sun.text.normalizer.NormalizerImpl$IsAcceptable (java.base@11.0.20.1)
4007:             1             16  sun.text.normalizer.Trie2$1 (java.base@11.0.20.1)
4008:             1             16  sun.util.calendar.Gregorian (java.base@11.0.20.1)
4009:             1             16  sun.util.cldr.CLDRBaseLocaleDataMetaInfo (java.base@11.0.20.1)
4010:             1             16  sun.util.locale.InternalLocaleBuilder$CaseInsensitiveChar (java.base@11.0.20.1)
4011:             1             16  sun.util.locale.provider.CalendarDataUtility$CalendarWeekParameterGetter (java.base@11.0.20.1)
4012:             1             16  sun.util.logging.PlatformLogger (java.base@11.0.20.1)
4013:             1             16  sun.util.logging.internal.LoggingProviderImpl (java.logging@11.0.20.1)
4014:             1             16  sun.util.resources.LocaleData$LocaleDataStrategy (java.base@11.0.20.1)
4015:             1             16  sun.util.resources.cldr.provider.CLDRLocaleDataMetaInfo (jdk.localedata@11.0.20.1)
Total        739311      104430968
